<!doctype html public "-//w3c//dtd html 4.0 transitional//en">
<html><head>
<title>Static Call Graph - [.\build\ANO_LX.axf]</title></head>
<body><HR>
<H1>Static Call Graph for image .\build\ANO_LX.axf</H1><HR>
<BR><P>#&#060CALLGRAPH&#062# ARM Linker, 5060528: Last Updated: Tue Jul 28 07:00:13 2026
<BR><P>
<H3>Maximum Stack Usage =        440 bytes + Unknown(Cycles, Untraceable Function Pointers)</H3><H3>
Call chain for Maximum Stack Depth:</H3>
TIM7_IRQHandler &rArr; ANO_LX_Task &rArr; DrvUartDataCheck &rArr; drvU8DataCheck &rArr; AnoPTv8HwRecvByte &rArr; AnoPTv8RecvOneByte &rArr; anoPTv8FrameAnl &rArr; AnoPTv8CmdFrameAnl &rArr; AnoPTv8SendCmdInfo &rArr; AnoPTv8GetFreeTxBufIndex
<P>
<H3>
Mutually Recursive functions
</H3> <LI><a href="#[b]">HardFault_Handler</a>&nbsp;&nbsp;&nbsp;&rArr;&nbsp;&nbsp;&nbsp;<a href="#[b]">HardFault_Handler</a><BR>
 <LI><a href="#[11]">PendSV_Handler</a>&nbsp;&nbsp;&nbsp;&rArr;&nbsp;&nbsp;&nbsp;<a href="#[11]">PendSV_Handler</a><BR>
 <LI><a href="#[25]">ADC_IRQHandler</a>&nbsp;&nbsp;&nbsp;&rArr;&nbsp;&nbsp;&nbsp;<a href="#[25]">ADC_IRQHandler</a><BR>
</UL>
<P>
<H3>
Function Pointers
</H3><UL>
 <LI><a href="#[25]">ADC_IRQHandler</a> from startup_stm32f429_439xx.o(.text) referenced from startup_stm32f429_439xx.o(RESET)
 <LI><a href="#[d]">BusFault_Handler</a> from stm32f4xx_it.o(.text) referenced from startup_stm32f429_439xx.o(RESET)
 <LI><a href="#[27]">CAN1_RX0_IRQHandler</a> from startup_stm32f429_439xx.o(.text) referenced from startup_stm32f429_439xx.o(RESET)
 <LI><a href="#[28]">CAN1_RX1_IRQHandler</a> from startup_stm32f429_439xx.o(.text) referenced from startup_stm32f429_439xx.o(RESET)
 <LI><a href="#[29]">CAN1_SCE_IRQHandler</a> from startup_stm32f429_439xx.o(.text) referenced from startup_stm32f429_439xx.o(RESET)
 <LI><a href="#[26]">CAN1_TX_IRQHandler</a> from startup_stm32f429_439xx.o(.text) referenced from startup_stm32f429_439xx.o(RESET)
 <LI><a href="#[53]">CAN2_RX0_IRQHandler</a> from startup_stm32f429_439xx.o(.text) referenced from startup_stm32f429_439xx.o(RESET)
 <LI><a href="#[54]">CAN2_RX1_IRQHandler</a> from startup_stm32f429_439xx.o(.text) referenced from startup_stm32f429_439xx.o(RESET)
 <LI><a href="#[55]">CAN2_SCE_IRQHandler</a> from startup_stm32f429_439xx.o(.text) referenced from startup_stm32f429_439xx.o(RESET)
 <LI><a href="#[52]">CAN2_TX_IRQHandler</a> from startup_stm32f429_439xx.o(.text) referenced from startup_stm32f429_439xx.o(RESET)
 <LI><a href="#[62]">CRYP_IRQHandler</a> from startup_stm32f429_439xx.o(.text) referenced from startup_stm32f429_439xx.o(RESET)
 <LI><a href="#[61]">DCMI_IRQHandler</a> from startup_stm32f429_439xx.o(.text) referenced from startup_stm32f429_439xx.o(RESET)
 <LI><a href="#[1e]">DMA1_Stream0_IRQHandler</a> from startup_stm32f429_439xx.o(.text) referenced from startup_stm32f429_439xx.o(RESET)
 <LI><a href="#[1f]">DMA1_Stream1_IRQHandler</a> from startup_stm32f429_439xx.o(.text) referenced from startup_stm32f429_439xx.o(RESET)
 <LI><a href="#[20]">DMA1_Stream2_IRQHandler</a> from startup_stm32f429_439xx.o(.text) referenced from startup_stm32f429_439xx.o(RESET)
 <LI><a href="#[21]">DMA1_Stream3_IRQHandler</a> from startup_stm32f429_439xx.o(.text) referenced from startup_stm32f429_439xx.o(RESET)
 <LI><a href="#[22]">DMA1_Stream4_IRQHandler</a> from startup_stm32f429_439xx.o(.text) referenced from startup_stm32f429_439xx.o(RESET)
 <LI><a href="#[23]">DMA1_Stream5_IRQHandler</a> from startup_stm32f429_439xx.o(.text) referenced from startup_stm32f429_439xx.o(RESET)
 <LI><a href="#[24]">DMA1_Stream6_IRQHandler</a> from startup_stm32f429_439xx.o(.text) referenced from startup_stm32f429_439xx.o(RESET)
 <LI><a href="#[42]">DMA1_Stream7_IRQHandler</a> from startup_stm32f429_439xx.o(.text) referenced from startup_stm32f429_439xx.o(RESET)
 <LI><a href="#[6d]">DMA2D_IRQHandler</a> from startup_stm32f429_439xx.o(.text) referenced from startup_stm32f429_439xx.o(RESET)
 <LI><a href="#[4b]">DMA2_Stream0_IRQHandler</a> from startup_stm32f429_439xx.o(.text) referenced from startup_stm32f429_439xx.o(RESET)
 <LI><a href="#[4c]">DMA2_Stream1_IRQHandler</a> from startup_stm32f429_439xx.o(.text) referenced from startup_stm32f429_439xx.o(RESET)
 <LI><a href="#[4d]">DMA2_Stream2_IRQHandler</a> from startup_stm32f429_439xx.o(.text) referenced from startup_stm32f429_439xx.o(RESET)
 <LI><a href="#[4e]">DMA2_Stream3_IRQHandler</a> from startup_stm32f429_439xx.o(.text) referenced from startup_stm32f429_439xx.o(RESET)
 <LI><a href="#[4f]">DMA2_Stream4_IRQHandler</a> from startup_stm32f429_439xx.o(.text) referenced from startup_stm32f429_439xx.o(RESET)
 <LI><a href="#[57]">DMA2_Stream5_IRQHandler</a> from startup_stm32f429_439xx.o(.text) referenced from startup_stm32f429_439xx.o(RESET)
 <LI><a href="#[58]">DMA2_Stream6_IRQHandler</a> from startup_stm32f429_439xx.o(.text) referenced from startup_stm32f429_439xx.o(RESET)
 <LI><a href="#[59]">DMA2_Stream7_IRQHandler</a> from startup_stm32f429_439xx.o(.text) referenced from startup_stm32f429_439xx.o(RESET)
 <LI><a href="#[10]">DebugMon_Handler</a> from stm32f4xx_it.o(.text) referenced from startup_stm32f429_439xx.o(RESET)
 <LI><a href="#[50]">ETH_IRQHandler</a> from startup_stm32f429_439xx.o(.text) referenced from startup_stm32f429_439xx.o(RESET)
 <LI><a href="#[51]">ETH_WKUP_IRQHandler</a> from startup_stm32f429_439xx.o(.text) referenced from startup_stm32f429_439xx.o(RESET)
 <LI><a href="#[19]">EXTI0_IRQHandler</a> from startup_stm32f429_439xx.o(.text) referenced from startup_stm32f429_439xx.o(RESET)
 <LI><a href="#[3b]">EXTI15_10_IRQHandler</a> from startup_stm32f429_439xx.o(.text) referenced from startup_stm32f429_439xx.o(RESET)
 <LI><a href="#[1a]">EXTI1_IRQHandler</a> from startup_stm32f429_439xx.o(.text) referenced from startup_stm32f429_439xx.o(RESET)
 <LI><a href="#[1b]">EXTI2_IRQHandler</a> from startup_stm32f429_439xx.o(.text) referenced from startup_stm32f429_439xx.o(RESET)
 <LI><a href="#[1c]">EXTI3_IRQHandler</a> from startup_stm32f429_439xx.o(.text) referenced from startup_stm32f429_439xx.o(RESET)
 <LI><a href="#[1d]">EXTI4_IRQHandler</a> from startup_stm32f429_439xx.o(.text) referenced from startup_stm32f429_439xx.o(RESET)
 <LI><a href="#[2a]">EXTI9_5_IRQHandler</a> from stm32f4xx_it.o(.text) referenced from startup_stm32f429_439xx.o(RESET)
 <LI><a href="#[17]">FLASH_IRQHandler</a> from startup_stm32f429_439xx.o(.text) referenced from startup_stm32f429_439xx.o(RESET)
 <LI><a href="#[43]">FMC_IRQHandler</a> from startup_stm32f429_439xx.o(.text) referenced from startup_stm32f429_439xx.o(RESET)
 <LI><a href="#[64]">FPU_IRQHandler</a> from startup_stm32f429_439xx.o(.text) referenced from startup_stm32f429_439xx.o(RESET)
 <LI><a href="#[63]">HASH_RNG_IRQHandler</a> from startup_stm32f429_439xx.o(.text) referenced from startup_stm32f429_439xx.o(RESET)
 <LI><a href="#[b]">HardFault_Handler</a> from startup_stm32f429_439xx.o(.text) referenced from startup_stm32f429_439xx.o(RESET)
 <LI><a href="#[33]">I2C1_ER_IRQHandler</a> from startup_stm32f429_439xx.o(.text) referenced from startup_stm32f429_439xx.o(RESET)
 <LI><a href="#[32]">I2C1_EV_IRQHandler</a> from startup_stm32f429_439xx.o(.text) referenced from startup_stm32f429_439xx.o(RESET)
 <LI><a href="#[35]">I2C2_ER_IRQHandler</a> from startup_stm32f429_439xx.o(.text) referenced from startup_stm32f429_439xx.o(RESET)
 <LI><a href="#[34]">I2C2_EV_IRQHandler</a> from startup_stm32f429_439xx.o(.text) referenced from startup_stm32f429_439xx.o(RESET)
 <LI><a href="#[5c]">I2C3_ER_IRQHandler</a> from startup_stm32f429_439xx.o(.text) referenced from startup_stm32f429_439xx.o(RESET)
 <LI><a href="#[5b]">I2C3_EV_IRQHandler</a> from startup_stm32f429_439xx.o(.text) referenced from startup_stm32f429_439xx.o(RESET)
 <LI><a href="#[6c]">LTDC_ER_IRQHandler</a> from startup_stm32f429_439xx.o(.text) referenced from startup_stm32f429_439xx.o(RESET)
 <LI><a href="#[6b]">LTDC_IRQHandler</a> from startup_stm32f429_439xx.o(.text) referenced from startup_stm32f429_439xx.o(RESET)
 <LI><a href="#[0]">Loop_1000Hz</a> from ano_scheduler.o(.text) referenced 2 times from ano_scheduler.o(.data)
 <LI><a href="#[3]">Loop_100Hz</a> from ano_scheduler.o(.text) referenced 2 times from ano_scheduler.o(.data)
 <LI><a href="#[2]">Loop_200Hz</a> from ano_scheduler.o(.text) referenced 2 times from ano_scheduler.o(.data)
 <LI><a href="#[5]">Loop_20Hz</a> from ano_scheduler.o(.text) referenced 2 times from ano_scheduler.o(.data)
 <LI><a href="#[6]">Loop_2Hz</a> from ano_scheduler.o(.text) referenced 2 times from ano_scheduler.o(.data)
 <LI><a href="#[1]">Loop_500Hz</a> from ano_scheduler.o(.text) referenced 2 times from ano_scheduler.o(.data)
 <LI><a href="#[4]">Loop_50Hz</a> from ano_scheduler.o(.text) referenced 2 times from ano_scheduler.o(.data)
 <LI><a href="#[c]">MemManage_Handler</a> from stm32f4xx_it.o(.text) referenced from startup_stm32f429_439xx.o(RESET)
 <LI><a href="#[a]">NMI_Handler</a> from stm32f4xx_it.o(.text) referenced from startup_stm32f429_439xx.o(RESET)
 <LI><a href="#[56]">OTG_FS_IRQHandler</a> from usb_dc_dwc2.o(.text) referenced from startup_stm32f429_439xx.o(RESET)
 <LI><a href="#[3d]">OTG_FS_WKUP_IRQHandler</a> from startup_stm32f429_439xx.o(.text) referenced from startup_stm32f429_439xx.o(RESET)
 <LI><a href="#[5e]">OTG_HS_EP1_IN_IRQHandler</a> from startup_stm32f429_439xx.o(.text) referenced from startup_stm32f429_439xx.o(RESET)
 <LI><a href="#[5d]">OTG_HS_EP1_OUT_IRQHandler</a> from startup_stm32f429_439xx.o(.text) referenced from startup_stm32f429_439xx.o(RESET)
 <LI><a href="#[60]">OTG_HS_IRQHandler</a> from startup_stm32f429_439xx.o(.text) referenced from startup_stm32f429_439xx.o(RESET)
 <LI><a href="#[5f]">OTG_HS_WKUP_IRQHandler</a> from startup_stm32f429_439xx.o(.text) referenced from startup_stm32f429_439xx.o(RESET)
 <LI><a href="#[14]">PVD_IRQHandler</a> from startup_stm32f429_439xx.o(.text) referenced from startup_stm32f429_439xx.o(RESET)
 <LI><a href="#[11]">PendSV_Handler</a> from startup_stm32f429_439xx.o(.text) referenced from startup_stm32f429_439xx.o(RESET)
 <LI><a href="#[18]">RCC_IRQHandler</a> from startup_stm32f429_439xx.o(.text) referenced from startup_stm32f429_439xx.o(RESET)
 <LI><a href="#[3c]">RTC_Alarm_IRQHandler</a> from startup_stm32f429_439xx.o(.text) referenced from startup_stm32f429_439xx.o(RESET)
 <LI><a href="#[16]">RTC_WKUP_IRQHandler</a> from startup_stm32f429_439xx.o(.text) referenced from startup_stm32f429_439xx.o(RESET)
 <LI><a href="#[9]">Reset_Handler</a> from startup_stm32f429_439xx.o(.text) referenced from startup_stm32f429_439xx.o(RESET)
 <LI><a href="#[6a]">SAI1_IRQHandler</a> from startup_stm32f429_439xx.o(.text) referenced from startup_stm32f429_439xx.o(RESET)
 <LI><a href="#[44]">SDIO_IRQHandler</a> from startup_stm32f429_439xx.o(.text) referenced from startup_stm32f429_439xx.o(RESET)
 <LI><a href="#[36]">SPI1_IRQHandler</a> from startup_stm32f429_439xx.o(.text) referenced from startup_stm32f429_439xx.o(RESET)
 <LI><a href="#[37]">SPI2_IRQHandler</a> from startup_stm32f429_439xx.o(.text) referenced from startup_stm32f429_439xx.o(RESET)
 <LI><a href="#[46]">SPI3_IRQHandler</a> from startup_stm32f429_439xx.o(.text) referenced from startup_stm32f429_439xx.o(RESET)
 <LI><a href="#[67]">SPI4_IRQHandler</a> from startup_stm32f429_439xx.o(.text) referenced from startup_stm32f429_439xx.o(RESET)
 <LI><a href="#[68]">SPI5_IRQHandler</a> from startup_stm32f429_439xx.o(.text) referenced from startup_stm32f429_439xx.o(RESET)
 <LI><a href="#[69]">SPI6_IRQHandler</a> from startup_stm32f429_439xx.o(.text) referenced from startup_stm32f429_439xx.o(RESET)
 <LI><a href="#[f]">SVC_Handler</a> from stm32f4xx_it.o(.text) referenced from startup_stm32f429_439xx.o(RESET)
 <LI><a href="#[12]">SysTick_Handler</a> from drv_sys.o(.text) referenced from startup_stm32f429_439xx.o(RESET)
 <LI><a href="#[6f]">SystemInit</a> from system_stm32f4xx.o(.text) referenced from startup_stm32f429_439xx.o(.text)
 <LI><a href="#[15]">TAMP_STAMP_IRQHandler</a> from startup_stm32f429_439xx.o(.text) referenced from startup_stm32f429_439xx.o(RESET)
 <LI><a href="#[2b]">TIM1_BRK_TIM9_IRQHandler</a> from startup_stm32f429_439xx.o(.text) referenced from startup_stm32f429_439xx.o(RESET)
 <LI><a href="#[2e]">TIM1_CC_IRQHandler</a> from startup_stm32f429_439xx.o(.text) referenced from startup_stm32f429_439xx.o(RESET)
 <LI><a href="#[2d]">TIM1_TRG_COM_TIM11_IRQHandler</a> from startup_stm32f429_439xx.o(.text) referenced from startup_stm32f429_439xx.o(RESET)
 <LI><a href="#[2c]">TIM1_UP_TIM10_IRQHandler</a> from startup_stm32f429_439xx.o(.text) referenced from startup_stm32f429_439xx.o(RESET)
 <LI><a href="#[2f]">TIM2_IRQHandler</a> from startup_stm32f429_439xx.o(.text) referenced from startup_stm32f429_439xx.o(RESET)
 <LI><a href="#[30]">TIM3_IRQHandler</a> from stm32f4xx_it.o(.text) referenced from startup_stm32f429_439xx.o(RESET)
 <LI><a href="#[31]">TIM4_IRQHandler</a> from stm32f4xx_it.o(.text) referenced from startup_stm32f429_439xx.o(RESET)
 <LI><a href="#[45]">TIM5_IRQHandler</a> from startup_stm32f429_439xx.o(.text) referenced from startup_stm32f429_439xx.o(RESET)
 <LI><a href="#[49]">TIM6_DAC_IRQHandler</a> from startup_stm32f429_439xx.o(.text) referenced from startup_stm32f429_439xx.o(RESET)
 <LI><a href="#[4a]">TIM7_IRQHandler</a> from stm32f4xx_it.o(.text) referenced from startup_stm32f429_439xx.o(RESET)
 <LI><a href="#[3e]">TIM8_BRK_TIM12_IRQHandler</a> from startup_stm32f429_439xx.o(.text) referenced from startup_stm32f429_439xx.o(RESET)
 <LI><a href="#[41]">TIM8_CC_IRQHandler</a> from startup_stm32f429_439xx.o(.text) referenced from startup_stm32f429_439xx.o(RESET)
 <LI><a href="#[40]">TIM8_TRG_COM_TIM14_IRQHandler</a> from startup_stm32f429_439xx.o(.text) referenced from startup_stm32f429_439xx.o(RESET)
 <LI><a href="#[3f]">TIM8_UP_TIM13_IRQHandler</a> from startup_stm32f429_439xx.o(.text) referenced from startup_stm32f429_439xx.o(RESET)
 <LI><a href="#[47]">UART4_IRQHandler</a> from stm32f4xx_it.o(.text) referenced from startup_stm32f429_439xx.o(RESET)
 <LI><a href="#[48]">UART5_IRQHandler</a> from stm32f4xx_it.o(.text) referenced from startup_stm32f429_439xx.o(RESET)
 <LI><a href="#[65]">UART7_IRQHandler</a> from stm32f4xx_it.o(.text) referenced from startup_stm32f429_439xx.o(RESET)
 <LI><a href="#[66]">UART8_IRQHandler</a> from stm32f4xx_it.o(.text) referenced from startup_stm32f429_439xx.o(RESET)
 <LI><a href="#[38]">USART1_IRQHandler</a> from stm32f4xx_it.o(.text) referenced from startup_stm32f429_439xx.o(RESET)
 <LI><a href="#[39]">USART2_IRQHandler</a> from stm32f4xx_it.o(.text) referenced from startup_stm32f429_439xx.o(RESET)
 <LI><a href="#[3a]">USART3_IRQHandler</a> from stm32f4xx_it.o(.text) referenced from startup_stm32f429_439xx.o(RESET)
 <LI><a href="#[5a]">USART6_IRQHandler</a> from stm32f4xx_it.o(.text) referenced from startup_stm32f429_439xx.o(RESET)
 <LI><a href="#[e]">UsageFault_Handler</a> from stm32f4xx_it.o(.text) referenced from startup_stm32f429_439xx.o(RESET)
 <LI><a href="#[13]">WWDG_IRQHandler</a> from startup_stm32f429_439xx.o(.text) referenced from startup_stm32f429_439xx.o(RESET)
 <LI><a href="#[70]">__main</a> from entry.o(.ARM.Collect$$$$00000000) referenced from startup_stm32f429_439xx.o(.text)
 <LI><a href="#[71]">cdc_acm_class_interface_request_handler</a> from usbd_cdc.o(.text) referenced from usbd_cdc.o(.text)
 <LI><a href="#[6e]">main</a> from main.o(.text) referenced from entry9a.o(.ARM.Collect$$$$0000000B)
 <LI><a href="#[72]">testFun</a> from anoptv8exapi.o(.text) referenced from anoptv8exapi.o(.constdata)
 <LI><a href="#[73]">testFun2</a> from anoptv8exapi.o(.text) referenced from anoptv8exapi.o(.constdata)
 <LI><a href="#[8]">usbd_cdc_acm_bulk_in</a> from drv_usb.o(.text) referenced 2 times from drv_usb.o(.data)
 <LI><a href="#[7]">usbd_cdc_acm_bulk_out</a> from drv_usb.o(.text) referenced 2 times from drv_usb.o(.data)
 <LI><a href="#[27a]">usbd_event_ep0_in_complete_handler</a> from usbd_core.o(.text) referenced from usbd_core.o(.text)
 <LI><a href="#[27b]">usbd_event_ep0_out_complete_handler</a> from usbd_core.o(.text) referenced from usbd_core.o(.text)
</UL>
<P>
<H3>
Global Symbols
</H3>
<P><STRONG><a name="[70]"></a>__main</STRONG> (Thumb, 0 bytes, Stack size unknown bytes, entry.o(.ARM.Collect$$$$00000000))
<BR>[Address Reference Count : 1]<UL><LI> startup_stm32f429_439xx.o(.text)
</UL>
<P><STRONG><a name="[287]"></a>_main_stk</STRONG> (Thumb, 0 bytes, Stack size unknown bytes, entry2.o(.ARM.Collect$$$$00000001))

<P><STRONG><a name="[74]"></a>_main_scatterload</STRONG> (Thumb, 0 bytes, Stack size unknown bytes, entry5.o(.ARM.Collect$$$$00000004))
<BR><BR>[Calls]<UL><LI><a href="#[75]">&gt;&gt;</a>&nbsp;&nbsp;&nbsp;__scatterload
</UL>

<P><STRONG><a name="[286]"></a>__main_after_scatterload</STRONG> (Thumb, 0 bytes, Stack size unknown bytes, entry5.o(.ARM.Collect$$$$00000004))
<BR><BR>[Called By]<UL><LI><a href="#[75]">&gt;&gt;</a>&nbsp;&nbsp;&nbsp;__scatterload
</UL>

<P><STRONG><a name="[288]"></a>_main_clock</STRONG> (Thumb, 0 bytes, Stack size unknown bytes, entry7b.o(.ARM.Collect$$$$00000008))

<P><STRONG><a name="[289]"></a>_main_cpp_init</STRONG> (Thumb, 0 bytes, Stack size unknown bytes, entry8b.o(.ARM.Collect$$$$0000000A))

<P><STRONG><a name="[28a]"></a>_main_init</STRONG> (Thumb, 0 bytes, Stack size unknown bytes, entry9a.o(.ARM.Collect$$$$0000000B))

<P><STRONG><a name="[28b]"></a>__rt_final_cpp</STRONG> (Thumb, 0 bytes, Stack size unknown bytes, entry10a.o(.ARM.Collect$$$$0000000D))

<P><STRONG><a name="[28c]"></a>__rt_final_exit</STRONG> (Thumb, 0 bytes, Stack size unknown bytes, entry11a.o(.ARM.Collect$$$$0000000F))

<P><STRONG><a name="[188]"></a>assert_failed</STRONG> (Thumb, 4 bytes, Stack size 0 bytes, main.o(.text))
<BR><BR>[Called By]<UL><LI><a href="#[7f]">&gt;&gt;</a>&nbsp;&nbsp;&nbsp;GPIO_SetBits
<LI><a href="#[7e]">&gt;&gt;</a>&nbsp;&nbsp;&nbsp;GPIO_ResetBits
<LI><a href="#[16d]">&gt;&gt;</a>&nbsp;&nbsp;&nbsp;DMA_GetCmdStatus
<LI><a href="#[174]">&gt;&gt;</a>&nbsp;&nbsp;&nbsp;ADC_SoftwareStartConv
<LI><a href="#[16b]">&gt;&gt;</a>&nbsp;&nbsp;&nbsp;ADC_RegularChannelConfig
<LI><a href="#[16a]">&gt;&gt;</a>&nbsp;&nbsp;&nbsp;ADC_Init
<LI><a href="#[171]">&gt;&gt;</a>&nbsp;&nbsp;&nbsp;ADC_DMARequestAfterLastTransferCmd
<LI><a href="#[172]">&gt;&gt;</a>&nbsp;&nbsp;&nbsp;ADC_DMACmd
<LI><a href="#[169]">&gt;&gt;</a>&nbsp;&nbsp;&nbsp;ADC_CommonInit
<LI><a href="#[173]">&gt;&gt;</a>&nbsp;&nbsp;&nbsp;ADC_Cmd
<LI><a href="#[15c]">&gt;&gt;</a>&nbsp;&nbsp;&nbsp;TIM_ICInit
<LI><a href="#[15d]">&gt;&gt;</a>&nbsp;&nbsp;&nbsp;TIM_GetCapture2
<LI><a href="#[225]">&gt;&gt;</a>&nbsp;&nbsp;&nbsp;TIM_DMAConfig
<LI><a href="#[226]">&gt;&gt;</a>&nbsp;&nbsp;&nbsp;TIM_DMACmd
<LI><a href="#[1aa]">&gt;&gt;</a>&nbsp;&nbsp;&nbsp;DMA_SetCurrDataCounter
<LI><a href="#[16f]">&gt;&gt;</a>&nbsp;&nbsp;&nbsp;DMA_Init
<LI><a href="#[16e]">&gt;&gt;</a>&nbsp;&nbsp;&nbsp;DMA_DeInit
<LI><a href="#[170]">&gt;&gt;</a>&nbsp;&nbsp;&nbsp;DMA_Cmd
<LI><a href="#[1b2]">&gt;&gt;</a>&nbsp;&nbsp;&nbsp;DMA_ClearFlag
<LI><a href="#[154]">&gt;&gt;</a>&nbsp;&nbsp;&nbsp;TIM_OC4PreloadConfig
<LI><a href="#[153]">&gt;&gt;</a>&nbsp;&nbsp;&nbsp;TIM_OC4Init
<LI><a href="#[152]">&gt;&gt;</a>&nbsp;&nbsp;&nbsp;TIM_OC3PreloadConfig
<LI><a href="#[151]">&gt;&gt;</a>&nbsp;&nbsp;&nbsp;TIM_OC3Init
<LI><a href="#[159]">&gt;&gt;</a>&nbsp;&nbsp;&nbsp;TIM_OC2PreloadConfig
<LI><a href="#[158]">&gt;&gt;</a>&nbsp;&nbsp;&nbsp;TIM_OC2Init
<LI><a href="#[157]">&gt;&gt;</a>&nbsp;&nbsp;&nbsp;TIM_OC1PreloadConfig
<LI><a href="#[156]">&gt;&gt;</a>&nbsp;&nbsp;&nbsp;TIM_OC1Init
<LI><a href="#[15a]">&gt;&gt;</a>&nbsp;&nbsp;&nbsp;TIM_CtrlPWMOutputs
<LI><a href="#[155]">&gt;&gt;</a>&nbsp;&nbsp;&nbsp;TIM_ARRPreloadConfig
<LI><a href="#[139]">&gt;&gt;</a>&nbsp;&nbsp;&nbsp;USART_Init
<LI><a href="#[13b]">&gt;&gt;</a>&nbsp;&nbsp;&nbsp;USART_ITConfig
<LI><a href="#[13e]">&gt;&gt;</a>&nbsp;&nbsp;&nbsp;USART_GetITStatus
<LI><a href="#[138]">&gt;&gt;</a>&nbsp;&nbsp;&nbsp;USART_DeInit
<LI><a href="#[13c]">&gt;&gt;</a>&nbsp;&nbsp;&nbsp;USART_Cmd
<LI><a href="#[13a]">&gt;&gt;</a>&nbsp;&nbsp;&nbsp;USART_ClockInit
<LI><a href="#[13f]">&gt;&gt;</a>&nbsp;&nbsp;&nbsp;USART_ClearITPendingBit
<LI><a href="#[135]">&gt;&gt;</a>&nbsp;&nbsp;&nbsp;RCC_APB2PeriphClockCmd
<LI><a href="#[136]">&gt;&gt;</a>&nbsp;&nbsp;&nbsp;GPIO_PinAFConfig
<LI><a href="#[12f]">&gt;&gt;</a>&nbsp;&nbsp;&nbsp;TIM_TimeBaseInit
<LI><a href="#[131]">&gt;&gt;</a>&nbsp;&nbsp;&nbsp;TIM_ITConfig
<LI><a href="#[12e]">&gt;&gt;</a>&nbsp;&nbsp;&nbsp;TIM_DeInit
<LI><a href="#[132]">&gt;&gt;</a>&nbsp;&nbsp;&nbsp;TIM_Cmd
<LI><a href="#[130]">&gt;&gt;</a>&nbsp;&nbsp;&nbsp;TIM_ClearFlag
<LI><a href="#[12d]">&gt;&gt;</a>&nbsp;&nbsp;&nbsp;RCC_APB1PeriphClockCmd
<LI><a href="#[134]">&gt;&gt;</a>&nbsp;&nbsp;&nbsp;NVIC_Init
<LI><a href="#[126]">&gt;&gt;</a>&nbsp;&nbsp;&nbsp;SysTick_CLKSourceConfig
<LI><a href="#[12a]">&gt;&gt;</a>&nbsp;&nbsp;&nbsp;RCC_AHB1PeriphClockCmd
<LI><a href="#[128]">&gt;&gt;</a>&nbsp;&nbsp;&nbsp;NVIC_PriorityGroupConfig
<LI><a href="#[12b]">&gt;&gt;</a>&nbsp;&nbsp;&nbsp;GPIO_Init
<LI><a href="#[11a]">&gt;&gt;</a>&nbsp;&nbsp;&nbsp;TIM_GetITStatus
<LI><a href="#[11b]">&gt;&gt;</a>&nbsp;&nbsp;&nbsp;TIM_ClearITPendingBit
<LI><a href="#[117]">&gt;&gt;</a>&nbsp;&nbsp;&nbsp;EXTI_GetITStatus
<LI><a href="#[118]">&gt;&gt;</a>&nbsp;&nbsp;&nbsp;EXTI_ClearITPendingBit
<LI><a href="#[248]">&gt;&gt;</a>&nbsp;&nbsp;&nbsp;USART_ClearFlag
<LI><a href="#[247]">&gt;&gt;</a>&nbsp;&nbsp;&nbsp;USART_GetFlagStatus
<LI><a href="#[246]">&gt;&gt;</a>&nbsp;&nbsp;&nbsp;USART_DMACmd
<LI><a href="#[245]">&gt;&gt;</a>&nbsp;&nbsp;&nbsp;USART_IrDACmd
<LI><a href="#[244]">&gt;&gt;</a>&nbsp;&nbsp;&nbsp;USART_IrDAConfig
<LI><a href="#[243]">&gt;&gt;</a>&nbsp;&nbsp;&nbsp;USART_SmartCardNACKCmd
<LI><a href="#[242]">&gt;&gt;</a>&nbsp;&nbsp;&nbsp;USART_SmartCardCmd
<LI><a href="#[241]">&gt;&gt;</a>&nbsp;&nbsp;&nbsp;USART_SetGuardTime
<LI><a href="#[240]">&gt;&gt;</a>&nbsp;&nbsp;&nbsp;USART_HalfDuplexCmd
<LI><a href="#[23f]">&gt;&gt;</a>&nbsp;&nbsp;&nbsp;USART_SendBreak
<LI><a href="#[23e]">&gt;&gt;</a>&nbsp;&nbsp;&nbsp;USART_LINCmd
<LI><a href="#[23d]">&gt;&gt;</a>&nbsp;&nbsp;&nbsp;USART_LINBreakDetectLengthConfig
<LI><a href="#[23c]">&gt;&gt;</a>&nbsp;&nbsp;&nbsp;USART_WakeUpConfig
<LI><a href="#[23b]">&gt;&gt;</a>&nbsp;&nbsp;&nbsp;USART_ReceiverWakeUpCmd
<LI><a href="#[23a]">&gt;&gt;</a>&nbsp;&nbsp;&nbsp;USART_SetAddress
<LI><a href="#[239]">&gt;&gt;</a>&nbsp;&nbsp;&nbsp;USART_ReceiveData
<LI><a href="#[238]">&gt;&gt;</a>&nbsp;&nbsp;&nbsp;USART_SendData
<LI><a href="#[237]">&gt;&gt;</a>&nbsp;&nbsp;&nbsp;USART_OneBitMethodCmd
<LI><a href="#[236]">&gt;&gt;</a>&nbsp;&nbsp;&nbsp;USART_OverSampling8Cmd
<LI><a href="#[235]">&gt;&gt;</a>&nbsp;&nbsp;&nbsp;USART_SetPrescaler
<LI><a href="#[234]">&gt;&gt;</a>&nbsp;&nbsp;&nbsp;TIM_RemapConfig
<LI><a href="#[233]">&gt;&gt;</a>&nbsp;&nbsp;&nbsp;TIM_SelectHallSensor
<LI><a href="#[232]">&gt;&gt;</a>&nbsp;&nbsp;&nbsp;TIM_EncoderInterfaceConfig
<LI><a href="#[231]">&gt;&gt;</a>&nbsp;&nbsp;&nbsp;TIM_SelectMasterSlaveMode
<LI><a href="#[230]">&gt;&gt;</a>&nbsp;&nbsp;&nbsp;TIM_SelectSlaveMode
<LI><a href="#[22f]">&gt;&gt;</a>&nbsp;&nbsp;&nbsp;TIM_SelectOutputTrigger
<LI><a href="#[22e]">&gt;&gt;</a>&nbsp;&nbsp;&nbsp;TIM_ETRClockMode2Config
<LI><a href="#[22d]">&gt;&gt;</a>&nbsp;&nbsp;&nbsp;TIM_ETRClockMode1Config
<LI><a href="#[22c]">&gt;&gt;</a>&nbsp;&nbsp;&nbsp;TIM_ETRConfig
<LI><a href="#[22b]">&gt;&gt;</a>&nbsp;&nbsp;&nbsp;TIM_TIxExternalClockConfig
<LI><a href="#[22a]">&gt;&gt;</a>&nbsp;&nbsp;&nbsp;TIM_ITRxExternalClockConfig
<LI><a href="#[229]">&gt;&gt;</a>&nbsp;&nbsp;&nbsp;TIM_SelectInputTrigger
<LI><a href="#[228]">&gt;&gt;</a>&nbsp;&nbsp;&nbsp;TIM_InternalClockConfig
<LI><a href="#[227]">&gt;&gt;</a>&nbsp;&nbsp;&nbsp;TIM_SelectCCDMA
<LI><a href="#[224]">&gt;&gt;</a>&nbsp;&nbsp;&nbsp;TIM_GetFlagStatus
<LI><a href="#[223]">&gt;&gt;</a>&nbsp;&nbsp;&nbsp;TIM_GenerateEvent
<LI><a href="#[222]">&gt;&gt;</a>&nbsp;&nbsp;&nbsp;TIM_CCPreloadControl
<LI><a href="#[221]">&gt;&gt;</a>&nbsp;&nbsp;&nbsp;TIM_SelectCOM
<LI><a href="#[220]">&gt;&gt;</a>&nbsp;&nbsp;&nbsp;TIM_BDTRConfig
<LI><a href="#[21f]">&gt;&gt;</a>&nbsp;&nbsp;&nbsp;TIM_GetCapture4
<LI><a href="#[21e]">&gt;&gt;</a>&nbsp;&nbsp;&nbsp;TIM_GetCapture3
<LI><a href="#[21d]">&gt;&gt;</a>&nbsp;&nbsp;&nbsp;TIM_GetCapture1
<LI><a href="#[21c]">&gt;&gt;</a>&nbsp;&nbsp;&nbsp;TIM_PWMIConfig
<LI><a href="#[217]">&gt;&gt;</a>&nbsp;&nbsp;&nbsp;TIM_SetIC1Prescaler
<LI><a href="#[216]">&gt;&gt;</a>&nbsp;&nbsp;&nbsp;TIM_SetIC2Prescaler
<LI><a href="#[215]">&gt;&gt;</a>&nbsp;&nbsp;&nbsp;TIM_SetIC3Prescaler
<LI><a href="#[214]">&gt;&gt;</a>&nbsp;&nbsp;&nbsp;TIM_SetIC4Prescaler
<LI><a href="#[213]">&gt;&gt;</a>&nbsp;&nbsp;&nbsp;TIM_CCxNCmd
<LI><a href="#[212]">&gt;&gt;</a>&nbsp;&nbsp;&nbsp;TIM_CCxCmd
<LI><a href="#[211]">&gt;&gt;</a>&nbsp;&nbsp;&nbsp;TIM_OC4PolarityConfig
<LI><a href="#[210]">&gt;&gt;</a>&nbsp;&nbsp;&nbsp;TIM_OC3NPolarityConfig
<LI><a href="#[20f]">&gt;&gt;</a>&nbsp;&nbsp;&nbsp;TIM_OC3PolarityConfig
<LI><a href="#[20e]">&gt;&gt;</a>&nbsp;&nbsp;&nbsp;TIM_OC2NPolarityConfig
<LI><a href="#[20d]">&gt;&gt;</a>&nbsp;&nbsp;&nbsp;TIM_OC2PolarityConfig
<LI><a href="#[20c]">&gt;&gt;</a>&nbsp;&nbsp;&nbsp;TIM_OC1NPolarityConfig
<LI><a href="#[20b]">&gt;&gt;</a>&nbsp;&nbsp;&nbsp;TIM_OC1PolarityConfig
<LI><a href="#[20a]">&gt;&gt;</a>&nbsp;&nbsp;&nbsp;TIM_ClearOC4Ref
<LI><a href="#[209]">&gt;&gt;</a>&nbsp;&nbsp;&nbsp;TIM_ClearOC3Ref
<LI><a href="#[208]">&gt;&gt;</a>&nbsp;&nbsp;&nbsp;TIM_ClearOC2Ref
<LI><a href="#[207]">&gt;&gt;</a>&nbsp;&nbsp;&nbsp;TIM_ClearOC1Ref
<LI><a href="#[206]">&gt;&gt;</a>&nbsp;&nbsp;&nbsp;TIM_OC4FastConfig
<LI><a href="#[205]">&gt;&gt;</a>&nbsp;&nbsp;&nbsp;TIM_OC3FastConfig
<LI><a href="#[204]">&gt;&gt;</a>&nbsp;&nbsp;&nbsp;TIM_OC2FastConfig
<LI><a href="#[203]">&gt;&gt;</a>&nbsp;&nbsp;&nbsp;TIM_OC1FastConfig
<LI><a href="#[202]">&gt;&gt;</a>&nbsp;&nbsp;&nbsp;TIM_ForcedOC4Config
<LI><a href="#[201]">&gt;&gt;</a>&nbsp;&nbsp;&nbsp;TIM_ForcedOC3Config
<LI><a href="#[200]">&gt;&gt;</a>&nbsp;&nbsp;&nbsp;TIM_ForcedOC2Config
<LI><a href="#[1ff]">&gt;&gt;</a>&nbsp;&nbsp;&nbsp;TIM_ForcedOC1Config
<LI><a href="#[1fe]">&gt;&gt;</a>&nbsp;&nbsp;&nbsp;TIM_SetCompare4
<LI><a href="#[1fd]">&gt;&gt;</a>&nbsp;&nbsp;&nbsp;TIM_SetCompare3
<LI><a href="#[1fc]">&gt;&gt;</a>&nbsp;&nbsp;&nbsp;TIM_SetCompare2
<LI><a href="#[1fb]">&gt;&gt;</a>&nbsp;&nbsp;&nbsp;TIM_SetCompare1
<LI><a href="#[1fa]">&gt;&gt;</a>&nbsp;&nbsp;&nbsp;TIM_SelectOCxM
<LI><a href="#[1f9]">&gt;&gt;</a>&nbsp;&nbsp;&nbsp;TIM_SetClockDivision
<LI><a href="#[1f8]">&gt;&gt;</a>&nbsp;&nbsp;&nbsp;TIM_SelectOnePulseMode
<LI><a href="#[1f7]">&gt;&gt;</a>&nbsp;&nbsp;&nbsp;TIM_UpdateRequestConfig
<LI><a href="#[1f6]">&gt;&gt;</a>&nbsp;&nbsp;&nbsp;TIM_UpdateDisableConfig
<LI><a href="#[1f5]">&gt;&gt;</a>&nbsp;&nbsp;&nbsp;TIM_GetPrescaler
<LI><a href="#[1f4]">&gt;&gt;</a>&nbsp;&nbsp;&nbsp;TIM_GetCounter
<LI><a href="#[1f3]">&gt;&gt;</a>&nbsp;&nbsp;&nbsp;TIM_SetAutoreload
<LI><a href="#[1f2]">&gt;&gt;</a>&nbsp;&nbsp;&nbsp;TIM_SetCounter
<LI><a href="#[1f1]">&gt;&gt;</a>&nbsp;&nbsp;&nbsp;TIM_CounterModeConfig
<LI><a href="#[1f0]">&gt;&gt;</a>&nbsp;&nbsp;&nbsp;TIM_PrescalerConfig
<LI><a href="#[1ef]">&gt;&gt;</a>&nbsp;&nbsp;&nbsp;RCC_ClearITPendingBit
<LI><a href="#[1ee]">&gt;&gt;</a>&nbsp;&nbsp;&nbsp;RCC_GetITStatus
<LI><a href="#[1ed]">&gt;&gt;</a>&nbsp;&nbsp;&nbsp;RCC_ITConfig
<LI><a href="#[1ec]">&gt;&gt;</a>&nbsp;&nbsp;&nbsp;RCC_LSEModeConfig
<LI><a href="#[1eb]">&gt;&gt;</a>&nbsp;&nbsp;&nbsp;RCC_APB2PeriphClockLPModeCmd
<LI><a href="#[1ea]">&gt;&gt;</a>&nbsp;&nbsp;&nbsp;RCC_APB1PeriphClockLPModeCmd
<LI><a href="#[1e9]">&gt;&gt;</a>&nbsp;&nbsp;&nbsp;RCC_AHB3PeriphClockLPModeCmd
<LI><a href="#[1e8]">&gt;&gt;</a>&nbsp;&nbsp;&nbsp;RCC_AHB2PeriphClockLPModeCmd
<LI><a href="#[1e7]">&gt;&gt;</a>&nbsp;&nbsp;&nbsp;RCC_AHB1PeriphClockLPModeCmd
<LI><a href="#[1e6]">&gt;&gt;</a>&nbsp;&nbsp;&nbsp;RCC_APB1PeriphResetCmd
<LI><a href="#[1e5]">&gt;&gt;</a>&nbsp;&nbsp;&nbsp;RCC_AHB3PeriphResetCmd
<LI><a href="#[1e4]">&gt;&gt;</a>&nbsp;&nbsp;&nbsp;RCC_AHB2PeriphResetCmd
<LI><a href="#[1e3]">&gt;&gt;</a>&nbsp;&nbsp;&nbsp;RCC_AHB3PeriphClockCmd
<LI><a href="#[1e2]">&gt;&gt;</a>&nbsp;&nbsp;&nbsp;RCC_AHB2PeriphClockCmd
<LI><a href="#[1e1]">&gt;&gt;</a>&nbsp;&nbsp;&nbsp;RCC_TIMCLKPresConfig
<LI><a href="#[1e0]">&gt;&gt;</a>&nbsp;&nbsp;&nbsp;RCC_LTDCCLKDivConfig
<LI><a href="#[1df]">&gt;&gt;</a>&nbsp;&nbsp;&nbsp;RCC_SAIPLLSAIClkDivConfig
<LI><a href="#[1de]">&gt;&gt;</a>&nbsp;&nbsp;&nbsp;RCC_SAIPLLI2SClkDivConfig
<LI><a href="#[1dd]">&gt;&gt;</a>&nbsp;&nbsp;&nbsp;RCC_SAIBlockBCLKConfig
<LI><a href="#[1dc]">&gt;&gt;</a>&nbsp;&nbsp;&nbsp;RCC_SAIBlockACLKConfig
<LI><a href="#[1db]">&gt;&gt;</a>&nbsp;&nbsp;&nbsp;RCC_I2SCLKConfig
<LI><a href="#[1da]">&gt;&gt;</a>&nbsp;&nbsp;&nbsp;RCC_BackupResetCmd
<LI><a href="#[1d9]">&gt;&gt;</a>&nbsp;&nbsp;&nbsp;RCC_RTCCLKCmd
<LI><a href="#[1d8]">&gt;&gt;</a>&nbsp;&nbsp;&nbsp;RCC_RTCCLKConfig
<LI><a href="#[1d7]">&gt;&gt;</a>&nbsp;&nbsp;&nbsp;RCC_PCLK2Config
<LI><a href="#[1d6]">&gt;&gt;</a>&nbsp;&nbsp;&nbsp;RCC_PCLK1Config
<LI><a href="#[1d5]">&gt;&gt;</a>&nbsp;&nbsp;&nbsp;RCC_HCLKConfig
<LI><a href="#[1d4]">&gt;&gt;</a>&nbsp;&nbsp;&nbsp;RCC_SYSCLKConfig
<LI><a href="#[1d3]">&gt;&gt;</a>&nbsp;&nbsp;&nbsp;RCC_MCO2Config
<LI><a href="#[1d2]">&gt;&gt;</a>&nbsp;&nbsp;&nbsp;RCC_MCO1Config
<LI><a href="#[1d1]">&gt;&gt;</a>&nbsp;&nbsp;&nbsp;RCC_ClockSecuritySystemCmd
<LI><a href="#[1d0]">&gt;&gt;</a>&nbsp;&nbsp;&nbsp;RCC_PLLSAICmd
<LI><a href="#[1cf]">&gt;&gt;</a>&nbsp;&nbsp;&nbsp;RCC_PLLSAIConfig
<LI><a href="#[1ce]">&gt;&gt;</a>&nbsp;&nbsp;&nbsp;RCC_PLLI2SCmd
<LI><a href="#[1cd]">&gt;&gt;</a>&nbsp;&nbsp;&nbsp;RCC_PLLI2SConfig
<LI><a href="#[1cc]">&gt;&gt;</a>&nbsp;&nbsp;&nbsp;RCC_PLLCmd
<LI><a href="#[1cb]">&gt;&gt;</a>&nbsp;&nbsp;&nbsp;RCC_PLLConfig
<LI><a href="#[1ca]">&gt;&gt;</a>&nbsp;&nbsp;&nbsp;RCC_LSICmd
<LI><a href="#[1c9]">&gt;&gt;</a>&nbsp;&nbsp;&nbsp;RCC_LSEConfig
<LI><a href="#[1c8]">&gt;&gt;</a>&nbsp;&nbsp;&nbsp;RCC_HSICmd
<LI><a href="#[1c7]">&gt;&gt;</a>&nbsp;&nbsp;&nbsp;RCC_AdjustHSICalibrationValue
<LI><a href="#[1c5]">&gt;&gt;</a>&nbsp;&nbsp;&nbsp;RCC_GetFlagStatus
<LI><a href="#[1c4]">&gt;&gt;</a>&nbsp;&nbsp;&nbsp;RCC_HSEConfig
<LI><a href="#[1bb]">&gt;&gt;</a>&nbsp;&nbsp;&nbsp;RCC_AHB1PeriphResetCmd
<LI><a href="#[1c3]">&gt;&gt;</a>&nbsp;&nbsp;&nbsp;GPIO_ToggleBits
<LI><a href="#[1c2]">&gt;&gt;</a>&nbsp;&nbsp;&nbsp;GPIO_Write
<LI><a href="#[1c1]">&gt;&gt;</a>&nbsp;&nbsp;&nbsp;GPIO_WriteBit
<LI><a href="#[1c0]">&gt;&gt;</a>&nbsp;&nbsp;&nbsp;GPIO_ReadOutputData
<LI><a href="#[1bf]">&gt;&gt;</a>&nbsp;&nbsp;&nbsp;GPIO_ReadOutputDataBit
<LI><a href="#[1be]">&gt;&gt;</a>&nbsp;&nbsp;&nbsp;GPIO_ReadInputData
<LI><a href="#[1bd]">&gt;&gt;</a>&nbsp;&nbsp;&nbsp;GPIO_ReadInputDataBit
<LI><a href="#[1bc]">&gt;&gt;</a>&nbsp;&nbsp;&nbsp;GPIO_PinLockConfig
<LI><a href="#[1ba]">&gt;&gt;</a>&nbsp;&nbsp;&nbsp;GPIO_DeInit
<LI><a href="#[1b9]">&gt;&gt;</a>&nbsp;&nbsp;&nbsp;EXTI_ClearFlag
<LI><a href="#[1b8]">&gt;&gt;</a>&nbsp;&nbsp;&nbsp;EXTI_GetFlagStatus
<LI><a href="#[1b7]">&gt;&gt;</a>&nbsp;&nbsp;&nbsp;EXTI_GenerateSWInterrupt
<LI><a href="#[1b6]">&gt;&gt;</a>&nbsp;&nbsp;&nbsp;EXTI_Init
<LI><a href="#[1b5]">&gt;&gt;</a>&nbsp;&nbsp;&nbsp;DMA_ClearITPendingBit
<LI><a href="#[1b4]">&gt;&gt;</a>&nbsp;&nbsp;&nbsp;DMA_GetITStatus
<LI><a href="#[1b3]">&gt;&gt;</a>&nbsp;&nbsp;&nbsp;DMA_ITConfig
<LI><a href="#[1b1]">&gt;&gt;</a>&nbsp;&nbsp;&nbsp;DMA_GetFlagStatus
<LI><a href="#[1b0]">&gt;&gt;</a>&nbsp;&nbsp;&nbsp;DMA_GetFIFOStatus
<LI><a href="#[1af]">&gt;&gt;</a>&nbsp;&nbsp;&nbsp;DMA_GetCurrentMemoryTarget
<LI><a href="#[1ae]">&gt;&gt;</a>&nbsp;&nbsp;&nbsp;DMA_MemoryTargetConfig
<LI><a href="#[1ad]">&gt;&gt;</a>&nbsp;&nbsp;&nbsp;DMA_DoubleBufferModeCmd
<LI><a href="#[1ac]">&gt;&gt;</a>&nbsp;&nbsp;&nbsp;DMA_DoubleBufferModeConfig
<LI><a href="#[1ab]">&gt;&gt;</a>&nbsp;&nbsp;&nbsp;DMA_GetCurrDataCounter
<LI><a href="#[1a9]">&gt;&gt;</a>&nbsp;&nbsp;&nbsp;DMA_FlowControllerConfig
<LI><a href="#[1a8]">&gt;&gt;</a>&nbsp;&nbsp;&nbsp;DMA_PeriphIncOffsetSizeConfig
<LI><a href="#[18c]">&gt;&gt;</a>&nbsp;&nbsp;&nbsp;RCC_APB2PeriphResetCmd
<LI><a href="#[1a7]">&gt;&gt;</a>&nbsp;&nbsp;&nbsp;ADC_ClearITPendingBit
<LI><a href="#[1a6]">&gt;&gt;</a>&nbsp;&nbsp;&nbsp;ADC_GetITStatus
<LI><a href="#[1a5]">&gt;&gt;</a>&nbsp;&nbsp;&nbsp;ADC_ClearFlag
<LI><a href="#[1a4]">&gt;&gt;</a>&nbsp;&nbsp;&nbsp;ADC_GetFlagStatus
<LI><a href="#[1a3]">&gt;&gt;</a>&nbsp;&nbsp;&nbsp;ADC_ITConfig
<LI><a href="#[1a2]">&gt;&gt;</a>&nbsp;&nbsp;&nbsp;ADC_GetInjectedConversionValue
<LI><a href="#[1a1]">&gt;&gt;</a>&nbsp;&nbsp;&nbsp;ADC_InjectedDiscModeCmd
<LI><a href="#[1a0]">&gt;&gt;</a>&nbsp;&nbsp;&nbsp;ADC_AutoInjectedConvCmd
<LI><a href="#[19f]">&gt;&gt;</a>&nbsp;&nbsp;&nbsp;ADC_GetSoftwareStartInjectedConvCmdStatus
<LI><a href="#[19e]">&gt;&gt;</a>&nbsp;&nbsp;&nbsp;ADC_SoftwareStartInjectedConv
<LI><a href="#[19d]">&gt;&gt;</a>&nbsp;&nbsp;&nbsp;ADC_ExternalTrigInjectedConvEdgeConfig
<LI><a href="#[19c]">&gt;&gt;</a>&nbsp;&nbsp;&nbsp;ADC_ExternalTrigInjectedConvConfig
<LI><a href="#[19b]">&gt;&gt;</a>&nbsp;&nbsp;&nbsp;ADC_SetInjectedOffset
<LI><a href="#[19a]">&gt;&gt;</a>&nbsp;&nbsp;&nbsp;ADC_InjectedSequencerLengthConfig
<LI><a href="#[199]">&gt;&gt;</a>&nbsp;&nbsp;&nbsp;ADC_InjectedChannelConfig
<LI><a href="#[198]">&gt;&gt;</a>&nbsp;&nbsp;&nbsp;ADC_MultiModeDMARequestAfterLastTransferCmd
<LI><a href="#[197]">&gt;&gt;</a>&nbsp;&nbsp;&nbsp;ADC_GetConversionValue
<LI><a href="#[196]">&gt;&gt;</a>&nbsp;&nbsp;&nbsp;ADC_DiscModeCmd
<LI><a href="#[195]">&gt;&gt;</a>&nbsp;&nbsp;&nbsp;ADC_DiscModeChannelCountConfig
<LI><a href="#[194]">&gt;&gt;</a>&nbsp;&nbsp;&nbsp;ADC_ContinuousModeCmd
<LI><a href="#[193]">&gt;&gt;</a>&nbsp;&nbsp;&nbsp;ADC_EOCOnEachRegularChannelCmd
<LI><a href="#[192]">&gt;&gt;</a>&nbsp;&nbsp;&nbsp;ADC_GetSoftwareStartConvStatus
<LI><a href="#[191]">&gt;&gt;</a>&nbsp;&nbsp;&nbsp;ADC_VBATCmd
<LI><a href="#[190]">&gt;&gt;</a>&nbsp;&nbsp;&nbsp;ADC_TempSensorVrefintCmd
<LI><a href="#[18f]">&gt;&gt;</a>&nbsp;&nbsp;&nbsp;ADC_AnalogWatchdogSingleChannelConfig
<LI><a href="#[18e]">&gt;&gt;</a>&nbsp;&nbsp;&nbsp;ADC_AnalogWatchdogThresholdsConfig
<LI><a href="#[18d]">&gt;&gt;</a>&nbsp;&nbsp;&nbsp;ADC_AnalogWatchdogCmd
<LI><a href="#[18a]">&gt;&gt;</a>&nbsp;&nbsp;&nbsp;NVIC_SystemLPConfig
<LI><a href="#[189]">&gt;&gt;</a>&nbsp;&nbsp;&nbsp;NVIC_SetVectorTable
</UL>

<P><STRONG><a name="[6e]"></a>main</STRONG> (Thumb, 16 bytes, Stack size 0 bytes, main.o(.text))
<BR><BR>[Stack]<UL><LI>Max Depth = 152<LI>Call Chain = main &rArr; All_Init &rArr; DrvAdcInit &rArr; ADC_RegularChannelConfig
</UL>
<BR>[Calls]<UL><LI><a href="#[77]">&gt;&gt;</a>&nbsp;&nbsp;&nbsp;Scheduler_Setup
<LI><a href="#[78]">&gt;&gt;</a>&nbsp;&nbsp;&nbsp;Scheduler_Run
<LI><a href="#[76]">&gt;&gt;</a>&nbsp;&nbsp;&nbsp;All_Init
</UL>
<BR>[Address Reference Count : 1]<UL><LI> entry9a.o(.ARM.Collect$$$$0000000B)
</UL>
<P><STRONG><a name="[77]"></a>Scheduler_Setup</STRONG> (Thumb, 76 bytes, Stack size 0 bytes, ano_scheduler.o(.text))
<BR><BR>[Called By]<UL><LI><a href="#[6e]">&gt;&gt;</a>&nbsp;&nbsp;&nbsp;main
</UL>

<P><STRONG><a name="[78]"></a>Scheduler_Run</STRONG> (Thumb, 76 bytes, Stack size 16 bytes, ano_scheduler.o(.text))
<BR><BR>[Stack]<UL><LI>Max Depth = 16<LI>Call Chain = Scheduler_Run
</UL>
<BR>[Calls]<UL><LI><a href="#[80]">&gt;&gt;</a>&nbsp;&nbsp;&nbsp;GetSysRunTimeMs
</UL>
<BR>[Called By]<UL><LI><a href="#[6e]">&gt;&gt;</a>&nbsp;&nbsp;&nbsp;main
</UL>

<P><STRONG><a name="[7a]"></a>UserTask_OneKeyCmd</STRONG> (Thumb, 2 bytes, Stack size 0 bytes, user_task.o(.text))
<BR><BR>[Called By]<UL><LI><a href="#[4]">&gt;&gt;</a>&nbsp;&nbsp;&nbsp;Loop_50Hz
</UL>

<P><STRONG><a name="[81]"></a>AnoDTLxFrameSend</STRONG> (Thumb, 216 bytes, Stack size 40 bytes, datatransfer.o(.text))
<BR><BR>[Stack]<UL><LI>Max Depth = 96<LI>Call Chain = AnoDTLxFrameSend &rArr; AnoPTv8SendBuf &rArr; AnoPTv8GetFreeTxBufIndex
</UL>
<BR>[Calls]<UL><LI><a href="#[83]">&gt;&gt;</a>&nbsp;&nbsp;&nbsp;AnoPTv8SendBuf
<LI><a href="#[82]">&gt;&gt;</a>&nbsp;&nbsp;&nbsp;__aeabi_memcpy
</UL>
<BR>[Called By]<UL><LI><a href="#[84]">&gt;&gt;</a>&nbsp;&nbsp;&nbsp;AutoSendFrameCheck
</UL>

<P><STRONG><a name="[84]"></a>AutoSendFrameCheck</STRONG> (Thumb, 108 bytes, Stack size 8 bytes, datatransfer.o(.text))
<BR><BR>[Stack]<UL><LI>Max Depth = 104<LI>Call Chain = AutoSendFrameCheck &rArr; AnoDTLxFrameSend &rArr; AnoPTv8SendBuf &rArr; AnoPTv8GetFreeTxBufIndex
</UL>
<BR>[Calls]<UL><LI><a href="#[81]">&gt;&gt;</a>&nbsp;&nbsp;&nbsp;AnoDTLxFrameSend
</UL>
<BR>[Called By]<UL><LI><a href="#[85]">&gt;&gt;</a>&nbsp;&nbsp;&nbsp;AnoDTLxRunTask1Ms
</UL>

<P><STRONG><a name="[85]"></a>AnoDTLxRunTask1Ms</STRONG> (Thumb, 20 bytes, Stack size 16 bytes, datatransfer.o(.text))
<BR><BR>[Stack]<UL><LI>Max Depth = 120<LI>Call Chain = AnoDTLxRunTask1Ms &rArr; AutoSendFrameCheck &rArr; AnoDTLxFrameSend &rArr; AnoPTv8SendBuf &rArr; AnoPTv8GetFreeTxBufIndex
</UL>
<BR>[Calls]<UL><LI><a href="#[84]">&gt;&gt;</a>&nbsp;&nbsp;&nbsp;AutoSendFrameCheck
</UL>
<BR>[Called By]<UL><LI><a href="#[9d]">&gt;&gt;</a>&nbsp;&nbsp;&nbsp;ANO_LX_Task
</UL>

<P><STRONG><a name="[bb]"></a>AnoDTLxFrameAnl</STRONG> (Thumb, 206 bytes, Stack size 12 bytes, datatransfer.o(.text))
<BR><BR>[Stack]<UL><LI>Max Depth = 12<LI>Call Chain = AnoDTLxFrameAnl
</UL>
<BR>[Called By]<UL><LI><a href="#[ba]">&gt;&gt;</a>&nbsp;&nbsp;&nbsp;AnoPTv8FrameAnl
</UL>

<P><STRONG><a name="[88]"></a>AnoDTLxFrameSendTrigger</STRONG> (Thumb, 34 bytes, Stack size 0 bytes, datatransfer.o(.text))
<BR><BR>[Called By]<UL><LI><a href="#[a4]">&gt;&gt;</a>&nbsp;&nbsp;&nbsp;GPS_Data_Prepare_Task
<LI><a href="#[99]">&gt;&gt;</a>&nbsp;&nbsp;&nbsp;RC_Data_Task
<LI><a href="#[86]">&gt;&gt;</a>&nbsp;&nbsp;&nbsp;LX_FC_EXT_Sensor_Task
<LI><a href="#[87]">&gt;&gt;</a>&nbsp;&nbsp;&nbsp;General_Velocity_Data_Handle
</UL>

<P><STRONG><a name="[86]"></a>LX_FC_EXT_Sensor_Task</STRONG> (Thumb, 76 bytes, Stack size 16 bytes, lx_extsensor.o(.text))
<BR><BR>[Stack]<UL><LI>Max Depth = 24<LI>Call Chain = LX_FC_EXT_Sensor_Task &rArr; General_Velocity_Data_Handle
</UL>
<BR>[Calls]<UL><LI><a href="#[87]">&gt;&gt;</a>&nbsp;&nbsp;&nbsp;General_Velocity_Data_Handle
<LI><a href="#[88]">&gt;&gt;</a>&nbsp;&nbsp;&nbsp;AnoDTLxFrameSendTrigger
</UL>
<BR>[Called By]<UL><LI><a href="#[9d]">&gt;&gt;</a>&nbsp;&nbsp;&nbsp;ANO_LX_Task
</UL>

<P><STRONG><a name="[89]"></a>FC_Unlock</STRONG> (Thumb, 38 bytes, Stack size 8 bytes, lx_fcfunc.o(.text))
<BR><BR>[Stack]<UL><LI>Max Depth = 48<LI>Call Chain = FC_Unlock &rArr; AnoPTv8CmdSend &rArr; AnoPTv8GetFreeTxBufIndex
</UL>
<BR>[Calls]<UL><LI><a href="#[8a]">&gt;&gt;</a>&nbsp;&nbsp;&nbsp;AnoPTv8CmdSendIsInIdle
<LI><a href="#[8b]">&gt;&gt;</a>&nbsp;&nbsp;&nbsp;AnoPTv8CmdSend
</UL>
<BR>[Called By]<UL><LI><a href="#[96]">&gt;&gt;</a>&nbsp;&nbsp;&nbsp;LX_Unlock_Lock_Check
</UL>

<P><STRONG><a name="[8c]"></a>FC_Lock</STRONG> (Thumb, 38 bytes, Stack size 8 bytes, lx_fcfunc.o(.text))
<BR><BR>[Stack]<UL><LI>Max Depth = 48<LI>Call Chain = FC_Lock &rArr; AnoPTv8CmdSend &rArr; AnoPTv8GetFreeTxBufIndex
</UL>
<BR>[Calls]<UL><LI><a href="#[8a]">&gt;&gt;</a>&nbsp;&nbsp;&nbsp;AnoPTv8CmdSendIsInIdle
<LI><a href="#[8b]">&gt;&gt;</a>&nbsp;&nbsp;&nbsp;AnoPTv8CmdSend
</UL>
<BR>[Called By]<UL><LI><a href="#[96]">&gt;&gt;</a>&nbsp;&nbsp;&nbsp;LX_Unlock_Lock_Check
</UL>

<P><STRONG><a name="[8d]"></a>LX_Change_Mode</STRONG> (Thumb, 62 bytes, Stack size 16 bytes, lx_fcfunc.o(.text))
<BR><BR>[Stack]<UL><LI>Max Depth = 56<LI>Call Chain = LX_Change_Mode &rArr; AnoPTv8CmdSend &rArr; AnoPTv8GetFreeTxBufIndex
</UL>
<BR>[Calls]<UL><LI><a href="#[8a]">&gt;&gt;</a>&nbsp;&nbsp;&nbsp;AnoPTv8CmdSendIsInIdle
<LI><a href="#[8b]">&gt;&gt;</a>&nbsp;&nbsp;&nbsp;AnoPTv8CmdSend
</UL>
<BR>[Called By]<UL><LI><a href="#[99]">&gt;&gt;</a>&nbsp;&nbsp;&nbsp;RC_Data_Task
</UL>

<P><STRONG><a name="[8e]"></a>OneKey_Return_Home</STRONG> (Thumb, 32 bytes, Stack size 8 bytes, lx_fcfunc.o(.text))
<BR><BR>[Stack]<UL><LI>Max Depth = 48<LI>Call Chain = OneKey_Return_Home &rArr; AnoPTv8CmdSend &rArr; AnoPTv8GetFreeTxBufIndex
</UL>
<BR>[Calls]<UL><LI><a href="#[8a]">&gt;&gt;</a>&nbsp;&nbsp;&nbsp;AnoPTv8CmdSendIsInIdle
<LI><a href="#[8b]">&gt;&gt;</a>&nbsp;&nbsp;&nbsp;AnoPTv8CmdSend
</UL>
<BR>[Called By]<UL><LI><a href="#[99]">&gt;&gt;</a>&nbsp;&nbsp;&nbsp;RC_Data_Task
</UL>

<P><STRONG><a name="[8f]"></a>OneKey_Takeoff</STRONG> (Thumb, 52 bytes, Stack size 16 bytes, lx_fcfunc.o(.text), UNUSED)
<BR><BR>[Calls]<UL><LI><a href="#[8a]">&gt;&gt;</a>&nbsp;&nbsp;&nbsp;AnoPTv8CmdSendIsInIdle
<LI><a href="#[8b]">&gt;&gt;</a>&nbsp;&nbsp;&nbsp;AnoPTv8CmdSend
</UL>

<P><STRONG><a name="[90]"></a>OneKey_Land</STRONG> (Thumb, 32 bytes, Stack size 8 bytes, lx_fcfunc.o(.text), UNUSED)
<BR><BR>[Calls]<UL><LI><a href="#[8a]">&gt;&gt;</a>&nbsp;&nbsp;&nbsp;AnoPTv8CmdSendIsInIdle
<LI><a href="#[8b]">&gt;&gt;</a>&nbsp;&nbsp;&nbsp;AnoPTv8CmdSend
</UL>

<P><STRONG><a name="[91]"></a>Horizontal_Move</STRONG> (Thumb, 96 bytes, Stack size 32 bytes, lx_fcfunc.o(.text), UNUSED)
<BR><BR>[Calls]<UL><LI><a href="#[8a]">&gt;&gt;</a>&nbsp;&nbsp;&nbsp;AnoPTv8CmdSendIsInIdle
<LI><a href="#[8b]">&gt;&gt;</a>&nbsp;&nbsp;&nbsp;AnoPTv8CmdSend
</UL>

<P><STRONG><a name="[92]"></a>Horizontal_Calibrate</STRONG> (Thumb, 32 bytes, Stack size 8 bytes, lx_fcfunc.o(.text))
<BR><BR>[Stack]<UL><LI>Max Depth = 48<LI>Call Chain = Horizontal_Calibrate &rArr; AnoPTv8CmdSend &rArr; AnoPTv8GetFreeTxBufIndex
</UL>
<BR>[Calls]<UL><LI><a href="#[8a]">&gt;&gt;</a>&nbsp;&nbsp;&nbsp;AnoPTv8CmdSendIsInIdle
<LI><a href="#[8b]">&gt;&gt;</a>&nbsp;&nbsp;&nbsp;AnoPTv8CmdSend
</UL>
<BR>[Called By]<UL><LI><a href="#[97]">&gt;&gt;</a>&nbsp;&nbsp;&nbsp;LX_Cali_Trig_Check
</UL>

<P><STRONG><a name="[93]"></a>Mag_Calibrate</STRONG> (Thumb, 32 bytes, Stack size 8 bytes, lx_fcfunc.o(.text))
<BR><BR>[Stack]<UL><LI>Max Depth = 48<LI>Call Chain = Mag_Calibrate &rArr; AnoPTv8CmdSend &rArr; AnoPTv8GetFreeTxBufIndex
</UL>
<BR>[Calls]<UL><LI><a href="#[8a]">&gt;&gt;</a>&nbsp;&nbsp;&nbsp;AnoPTv8CmdSendIsInIdle
<LI><a href="#[8b]">&gt;&gt;</a>&nbsp;&nbsp;&nbsp;AnoPTv8CmdSend
</UL>
<BR>[Called By]<UL><LI><a href="#[97]">&gt;&gt;</a>&nbsp;&nbsp;&nbsp;LX_Cali_Trig_Check
</UL>

<P><STRONG><a name="[94]"></a>ACC_Calibrate</STRONG> (Thumb, 32 bytes, Stack size 8 bytes, lx_fcfunc.o(.text), UNUSED)
<BR><BR>[Calls]<UL><LI><a href="#[8a]">&gt;&gt;</a>&nbsp;&nbsp;&nbsp;AnoPTv8CmdSendIsInIdle
<LI><a href="#[8b]">&gt;&gt;</a>&nbsp;&nbsp;&nbsp;AnoPTv8CmdSend
</UL>

<P><STRONG><a name="[95]"></a>GYR_Calibrate</STRONG> (Thumb, 32 bytes, Stack size 8 bytes, lx_fcfunc.o(.text), UNUSED)
<BR><BR>[Calls]<UL><LI><a href="#[8a]">&gt;&gt;</a>&nbsp;&nbsp;&nbsp;AnoPTv8CmdSendIsInIdle
<LI><a href="#[8b]">&gt;&gt;</a>&nbsp;&nbsp;&nbsp;AnoPTv8CmdSend
</UL>

<P><STRONG><a name="[97]"></a>LX_Cali_Trig_Check</STRONG> (Thumb, 150 bytes, Stack size 8 bytes, lx_fcstate.o(.text))
<BR><BR>[Stack]<UL><LI>Max Depth = 56<LI>Call Chain = LX_Cali_Trig_Check &rArr; Mag_Calibrate &rArr; AnoPTv8CmdSend &rArr; AnoPTv8GetFreeTxBufIndex
</UL>
<BR>[Calls]<UL><LI><a href="#[93]">&gt;&gt;</a>&nbsp;&nbsp;&nbsp;Mag_Calibrate
<LI><a href="#[92]">&gt;&gt;</a>&nbsp;&nbsp;&nbsp;Horizontal_Calibrate
</UL>
<BR>[Called By]<UL><LI><a href="#[98]">&gt;&gt;</a>&nbsp;&nbsp;&nbsp;LX_FC_State_Task
</UL>

<P><STRONG><a name="[98]"></a>LX_FC_State_Task</STRONG> (Thumb, 26 bytes, Stack size 16 bytes, lx_fcstate.o(.text))
<BR><BR>[Stack]<UL><LI>Max Depth = 72<LI>Call Chain = LX_FC_State_Task &rArr; LX_Cali_Trig_Check &rArr; Mag_Calibrate &rArr; AnoPTv8CmdSend &rArr; AnoPTv8GetFreeTxBufIndex
</UL>
<BR>[Calls]<UL><LI><a href="#[97]">&gt;&gt;</a>&nbsp;&nbsp;&nbsp;LX_Cali_Trig_Check
<LI><a href="#[96]">&gt;&gt;</a>&nbsp;&nbsp;&nbsp;LX_Unlock_Lock_Check
</UL>
<BR>[Called By]<UL><LI><a href="#[9d]">&gt;&gt;</a>&nbsp;&nbsp;&nbsp;ANO_LX_Task
</UL>

<P><STRONG><a name="[9d]"></a>ANO_LX_Task</STRONG> (Thumb, 240 bytes, Stack size 8 bytes, lx_lowlevelfunc.o(.text))
<BR><BR>[Stack]<UL><LI>Max Depth = 432<LI>Call Chain = ANO_LX_Task &rArr; DrvUartDataCheck &rArr; drvU8DataCheck &rArr; AnoPTv8HwRecvByte &rArr; AnoPTv8RecvOneByte &rArr; anoPTv8FrameAnl &rArr; AnoPTv8CmdFrameAnl &rArr; AnoPTv8SendCmdInfo &rArr; AnoPTv8GetFreeTxBufIndex
</UL>
<BR>[Calls]<UL><LI><a href="#[a4]">&gt;&gt;</a>&nbsp;&nbsp;&nbsp;GPS_Data_Prepare_Task
<LI><a href="#[a2]">&gt;&gt;</a>&nbsp;&nbsp;&nbsp;DrvUsbRunTask1MS
<LI><a href="#[a1]">&gt;&gt;</a>&nbsp;&nbsp;&nbsp;DrvUartDataCheck
<LI><a href="#[9e]">&gt;&gt;</a>&nbsp;&nbsp;&nbsp;DrvRcInputTask
<LI><a href="#[a0]">&gt;&gt;</a>&nbsp;&nbsp;&nbsp;DrvAnoOFCheckState_ptv7
<LI><a href="#[a3]">&gt;&gt;</a>&nbsp;&nbsp;&nbsp;AnoPTv8HwTrigger1ms
<LI><a href="#[9f]">&gt;&gt;</a>&nbsp;&nbsp;&nbsp;AnoOF_Check_State
<LI><a href="#[9b]">&gt;&gt;</a>&nbsp;&nbsp;&nbsp;ESC_Output
<LI><a href="#[99]">&gt;&gt;</a>&nbsp;&nbsp;&nbsp;RC_Data_Task
<LI><a href="#[98]">&gt;&gt;</a>&nbsp;&nbsp;&nbsp;LX_FC_State_Task
<LI><a href="#[86]">&gt;&gt;</a>&nbsp;&nbsp;&nbsp;LX_FC_EXT_Sensor_Task
<LI><a href="#[85]">&gt;&gt;</a>&nbsp;&nbsp;&nbsp;AnoDTLxRunTask1Ms
</UL>
<BR>[Called By]<UL><LI><a href="#[4a]">&gt;&gt;</a>&nbsp;&nbsp;&nbsp;TIM7_IRQHandler
</UL>

<P><STRONG><a name="[a5]"></a>AnoPTv8HwSendBytes</STRONG> (Thumb, 122 bytes, Stack size 16 bytes, anoptv8exapi.o(.text))
<BR><BR>[Stack]<UL><LI>Max Depth = 64<LI>Call Chain = AnoPTv8HwSendBytes &rArr; DrvUart8SendBuf &rArr; USART_ITConfig
</UL>
<BR>[Calls]<UL><LI><a href="#[ad]">&gt;&gt;</a>&nbsp;&nbsp;&nbsp;DrvUsbCdcAddTxData
<LI><a href="#[ac]">&gt;&gt;</a>&nbsp;&nbsp;&nbsp;DrvUart8SendBuf
<LI><a href="#[ab]">&gt;&gt;</a>&nbsp;&nbsp;&nbsp;DrvUart7SendBuf
<LI><a href="#[aa]">&gt;&gt;</a>&nbsp;&nbsp;&nbsp;DrvUart5SendBuf
<LI><a href="#[a9]">&gt;&gt;</a>&nbsp;&nbsp;&nbsp;DrvUart4SendBuf
<LI><a href="#[a8]">&gt;&gt;</a>&nbsp;&nbsp;&nbsp;DrvUart3SendBuf
<LI><a href="#[a7]">&gt;&gt;</a>&nbsp;&nbsp;&nbsp;DrvUart2SendBuf
<LI><a href="#[a6]">&gt;&gt;</a>&nbsp;&nbsp;&nbsp;DrvUart1SendBuf
</UL>
<BR>[Called By]<UL><LI><a href="#[ae]">&gt;&gt;</a>&nbsp;&nbsp;&nbsp;AnoPTv8RunThread1ms
<LI><a href="#[bd]">&gt;&gt;</a>&nbsp;&nbsp;&nbsp;AnoPTv8FrameExchange
<LI><a href="#[ba]">&gt;&gt;</a>&nbsp;&nbsp;&nbsp;AnoPTv8FrameAnl
</UL>

<P><STRONG><a name="[a3]"></a>AnoPTv8HwTrigger1ms</STRONG> (Thumb, 8 bytes, Stack size 8 bytes, anoptv8exapi.o(.text))
<BR><BR>[Stack]<UL><LI>Max Depth = 96<LI>Call Chain = AnoPTv8HwTrigger1ms &rArr; AnoPTv8RunThread1ms &rArr; AnoPTv8HwSendBytes &rArr; DrvUart8SendBuf &rArr; USART_ITConfig
</UL>
<BR>[Calls]<UL><LI><a href="#[ae]">&gt;&gt;</a>&nbsp;&nbsp;&nbsp;AnoPTv8RunThread1ms
</UL>
<BR>[Called By]<UL><LI><a href="#[9d]">&gt;&gt;</a>&nbsp;&nbsp;&nbsp;ANO_LX_Task
</UL>

<P><STRONG><a name="[af]"></a>AnoPTv8HwRecvByte</STRONG> (Thumb, 16 bytes, Stack size 16 bytes, anoptv8exapi.o(.text))
<BR><BR>[Stack]<UL><LI>Max Depth = 408<LI>Call Chain = AnoPTv8HwRecvByte &rArr; AnoPTv8RecvOneByte &rArr; anoPTv8FrameAnl &rArr; AnoPTv8CmdFrameAnl &rArr; AnoPTv8SendCmdInfo &rArr; AnoPTv8GetFreeTxBufIndex
</UL>
<BR>[Calls]<UL><LI><a href="#[b0]">&gt;&gt;</a>&nbsp;&nbsp;&nbsp;AnoPTv8RecvOneByte
</UL>
<BR>[Called By]<UL><LI><a href="#[7]">&gt;&gt;</a>&nbsp;&nbsp;&nbsp;usbd_cdc_acm_bulk_out
<LI><a href="#[14d]">&gt;&gt;</a>&nbsp;&nbsp;&nbsp;drvU8DataCheck
<LI><a href="#[143]">&gt;&gt;</a>&nbsp;&nbsp;&nbsp;drvU3DataCheck
<LI><a href="#[141]">&gt;&gt;</a>&nbsp;&nbsp;&nbsp;drvU2DataCheck
<LI><a href="#[13d]">&gt;&gt;</a>&nbsp;&nbsp;&nbsp;drvU1DataCheck
</UL>

<P><STRONG><a name="[d8]"></a>AnoPTv8HwParValRecvCallback</STRONG> (Thumb, 2 bytes, Stack size 0 bytes, anoptv8exapi.o(.text))
<BR><BR>[Called By]<UL><LI><a href="#[c2]">&gt;&gt;</a>&nbsp;&nbsp;&nbsp;AnoPTv8ParFrameAnl
</UL>

<P><STRONG><a name="[d7]"></a>AnoPTv8HwParCmdRecvCallback</STRONG> (Thumb, 2 bytes, Stack size 0 bytes, anoptv8exapi.o(.text))
<BR><BR>[Called By]<UL><LI><a href="#[c2]">&gt;&gt;</a>&nbsp;&nbsp;&nbsp;AnoPTv8ParFrameAnl
</UL>

<P><STRONG><a name="[b1]"></a>AnoPTv8ParInit</STRONG> (Thumb, 28 bytes, Stack size 16 bytes, anoptv8exapi.o(.text))
<BR><BR>[Stack]<UL><LI>Max Depth = 24<LI>Call Chain = AnoPTv8ParInit &rArr; AnoPTv8ParRegister &rArr; AnoPTv8ParCheckExist
</UL>
<BR>[Calls]<UL><LI><a href="#[b2]">&gt;&gt;</a>&nbsp;&nbsp;&nbsp;AnoPTv8ParRegister
</UL>
<BR>[Called By]<UL><LI><a href="#[76]">&gt;&gt;</a>&nbsp;&nbsp;&nbsp;All_Init
</UL>

<P><STRONG><a name="[72]"></a>testFun</STRONG> (Thumb, 62 bytes, Stack size 48 bytes, anoptv8exapi.o(.text))
<BR><BR>[Stack]<UL><LI>Max Depth = 96<LI>Call Chain = testFun &rArr; AnoPTv8SendStr &rArr; AnoPTv8GetFreeTxBufIndex
</UL>
<BR>[Calls]<UL><LI><a href="#[b5]">&gt;&gt;</a>&nbsp;&nbsp;&nbsp;DrvSbusGetOneByte
<LI><a href="#[b3]">&gt;&gt;</a>&nbsp;&nbsp;&nbsp;AnoPTv8SendStr
<LI><a href="#[b4]">&gt;&gt;</a>&nbsp;&nbsp;&nbsp;__aeabi_memcpy4
</UL>
<BR>[Address Reference Count : 1]<UL><LI> anoptv8exapi.o(.constdata)
</UL>
<P><STRONG><a name="[73]"></a>testFun2</STRONG> (Thumb, 152 bytes, Stack size 32 bytes, anoptv8exapi.o(.text))
<BR><BR>[Stack]<UL><LI>Max Depth = 96<LI>Call Chain = testFun2 &rArr; AnoPTv8SendValStr &rArr; AnoPTv8GetFreeTxBufIndex
</UL>
<BR>[Calls]<UL><LI><a href="#[b7]">&gt;&gt;</a>&nbsp;&nbsp;&nbsp;AnoPTv8SendValStr
<LI><a href="#[b6]">&gt;&gt;</a>&nbsp;&nbsp;&nbsp;AnoPTv8CmdValCpy
</UL>
<BR>[Address Reference Count : 1]<UL><LI> anoptv8exapi.o(.constdata)
</UL>
<P><STRONG><a name="[b8]"></a>AnoPTv8CmdInit</STRONG> (Thumb, 32 bytes, Stack size 16 bytes, anoptv8exapi.o(.text))
<BR><BR>[Stack]<UL><LI>Max Depth = 16<LI>Call Chain = AnoPTv8CmdInit
</UL>
<BR>[Calls]<UL><LI><a href="#[b9]">&gt;&gt;</a>&nbsp;&nbsp;&nbsp;AnoPTv8CmdRegister
</UL>
<BR>[Called By]<UL><LI><a href="#[76]">&gt;&gt;</a>&nbsp;&nbsp;&nbsp;All_Init
</UL>

<P><STRONG><a name="[ba]"></a>AnoPTv8FrameAnl</STRONG> (Thumb, 60 bytes, Stack size 16 bytes, anoptv8exapi.o(.text))
<BR><BR>[Stack]<UL><LI>Max Depth = 80<LI>Call Chain = AnoPTv8FrameAnl &rArr; AnoPTv8HwSendBytes &rArr; DrvUart8SendBuf &rArr; USART_ITConfig
</UL>
<BR>[Calls]<UL><LI><a href="#[bc]">&gt;&gt;</a>&nbsp;&nbsp;&nbsp;AnoOFFrameAnl
<LI><a href="#[a5]">&gt;&gt;</a>&nbsp;&nbsp;&nbsp;AnoPTv8HwSendBytes
<LI><a href="#[bb]">&gt;&gt;</a>&nbsp;&nbsp;&nbsp;AnoDTLxFrameAnl
</UL>
<BR>[Called By]<UL><LI><a href="#[bf]">&gt;&gt;</a>&nbsp;&nbsp;&nbsp;anoPTv8FrameAnl
</UL>

<P><STRONG><a name="[bd]"></a>AnoPTv8FrameExchange</STRONG> (Thumb, 416 bytes, Stack size 16 bytes, anoptv8exapi.o(.text))
<BR><BR>[Stack]<UL><LI>Max Depth = 80<LI>Call Chain = AnoPTv8FrameExchange &rArr; AnoPTv8HwSendBytes &rArr; DrvUart8SendBuf &rArr; USART_ITConfig
</UL>
<BR>[Calls]<UL><LI><a href="#[a5]">&gt;&gt;</a>&nbsp;&nbsp;&nbsp;AnoPTv8HwSendBytes
</UL>
<BR>[Called By]<UL><LI><a href="#[b0]">&gt;&gt;</a>&nbsp;&nbsp;&nbsp;AnoPTv8RecvOneByte
</UL>

<P><STRONG><a name="[ae]"></a>AnoPTv8RunThread1ms</STRONG> (Thumb, 268 bytes, Stack size 24 bytes, anoptv8run.o(.text))
<BR><BR>[Stack]<UL><LI>Max Depth = 88<LI>Call Chain = AnoPTv8RunThread1ms &rArr; AnoPTv8HwSendBytes &rArr; DrvUart8SendBuf &rArr; USART_ITConfig
</UL>
<BR>[Calls]<UL><LI><a href="#[be]">&gt;&gt;</a>&nbsp;&nbsp;&nbsp;AnoPTv8CmdRunThread1ms
<LI><a href="#[a5]">&gt;&gt;</a>&nbsp;&nbsp;&nbsp;AnoPTv8HwSendBytes
</UL>
<BR>[Called By]<UL><LI><a href="#[a3]">&gt;&gt;</a>&nbsp;&nbsp;&nbsp;AnoPTv8HwTrigger1ms
</UL>

<P><STRONG><a name="[ca]"></a>AnoPTv8GetFreeTxBufIndex</STRONG> (Thumb, 234 bytes, Stack size 16 bytes, anoptv8run.o(.text))
<BR><BR>[Stack]<UL><LI>Max Depth = 16<LI>Call Chain = AnoPTv8GetFreeTxBufIndex
</UL>
<BR>[Called By]<UL><LI><a href="#[d5]">&gt;&gt;</a>&nbsp;&nbsp;&nbsp;AnoPTv8SendParVal
<LI><a href="#[d4]">&gt;&gt;</a>&nbsp;&nbsp;&nbsp;AnoPTv8SendParNum
<LI><a href="#[d6]">&gt;&gt;</a>&nbsp;&nbsp;&nbsp;AnoPTv8SendParInfo
<LI><a href="#[d3]">&gt;&gt;</a>&nbsp;&nbsp;&nbsp;AnoPTv8SendDevInfo
<LI><a href="#[c7]">&gt;&gt;</a>&nbsp;&nbsp;&nbsp;AnoPTv8SendCmdNum
<LI><a href="#[c8]">&gt;&gt;</a>&nbsp;&nbsp;&nbsp;AnoPTv8SendCmdInfo
<LI><a href="#[c6]">&gt;&gt;</a>&nbsp;&nbsp;&nbsp;AnoPTv8SendCheck
<LI><a href="#[b7]">&gt;&gt;</a>&nbsp;&nbsp;&nbsp;AnoPTv8SendValStr
<LI><a href="#[b3]">&gt;&gt;</a>&nbsp;&nbsp;&nbsp;AnoPTv8SendStr
<LI><a href="#[8b]">&gt;&gt;</a>&nbsp;&nbsp;&nbsp;AnoPTv8CmdSend
<LI><a href="#[83]">&gt;&gt;</a>&nbsp;&nbsp;&nbsp;AnoPTv8SendBuf
</UL>

<P><STRONG><a name="[b0]"></a>AnoPTv8RecvOneByte</STRONG> (Thumb, 250 bytes, Stack size 24 bytes, anoptv8run.o(.text))
<BR><BR>[Stack]<UL><LI>Max Depth = 392<LI>Call Chain = AnoPTv8RecvOneByte &rArr; anoPTv8FrameAnl &rArr; AnoPTv8CmdFrameAnl &rArr; AnoPTv8SendCmdInfo &rArr; AnoPTv8GetFreeTxBufIndex
</UL>
<BR>[Calls]<UL><LI><a href="#[bf]">&gt;&gt;</a>&nbsp;&nbsp;&nbsp;anoPTv8FrameAnl
<LI><a href="#[c3]">&gt;&gt;</a>&nbsp;&nbsp;&nbsp;anoPTv8FrameCheck
<LI><a href="#[bd]">&gt;&gt;</a>&nbsp;&nbsp;&nbsp;AnoPTv8FrameExchange
</UL>
<BR>[Called By]<UL><LI><a href="#[af]">&gt;&gt;</a>&nbsp;&nbsp;&nbsp;AnoPTv8HwRecvByte
</UL>

<P><STRONG><a name="[c5]"></a>AnoPTv8CmdGetCount</STRONG> (Thumb, 6 bytes, Stack size 0 bytes, anoptv8cmd.o(.text))
<BR><BR>[Called By]<UL><LI><a href="#[c7]">&gt;&gt;</a>&nbsp;&nbsp;&nbsp;AnoPTv8SendCmdNum
<LI><a href="#[c8]">&gt;&gt;</a>&nbsp;&nbsp;&nbsp;AnoPTv8SendCmdInfo
<LI><a href="#[c9]">&gt;&gt;</a>&nbsp;&nbsp;&nbsp;AnoPTv8CmdGetValsLength
<LI><a href="#[c4]">&gt;&gt;</a>&nbsp;&nbsp;&nbsp;AnoPTv8CmdGetInfo
<LI><a href="#[c1]">&gt;&gt;</a>&nbsp;&nbsp;&nbsp;AnoPTv8CmdFrameAnl
<LI><a href="#[b6]">&gt;&gt;</a>&nbsp;&nbsp;&nbsp;AnoPTv8CmdValCpy
</UL>

<P><STRONG><a name="[c4]"></a>AnoPTv8CmdGetInfo</STRONG> (Thumb, 24 bytes, Stack size 4 bytes, anoptv8cmd.o(.text))
<BR><BR>[Stack]<UL><LI>Max Depth = 4<LI>Call Chain = AnoPTv8CmdGetInfo
</UL>
<BR>[Calls]<UL><LI><a href="#[c5]">&gt;&gt;</a>&nbsp;&nbsp;&nbsp;AnoPTv8CmdGetCount
</UL>
<BR>[Called By]<UL><LI><a href="#[c8]">&gt;&gt;</a>&nbsp;&nbsp;&nbsp;AnoPTv8SendCmdInfo
<LI><a href="#[c1]">&gt;&gt;</a>&nbsp;&nbsp;&nbsp;AnoPTv8CmdFrameAnl
</UL>

<P><STRONG><a name="[c1]"></a>AnoPTv8CmdFrameAnl</STRONG> (Thumb, 160 bytes, Stack size 160 bytes, anoptv8cmd.o(.text))
<BR><BR>[Stack]<UL><LI>Max Depth = 352<LI>Call Chain = AnoPTv8CmdFrameAnl &rArr; AnoPTv8SendCmdInfo &rArr; AnoPTv8GetFreeTxBufIndex
</UL>
<BR>[Calls]<UL><LI><a href="#[c7]">&gt;&gt;</a>&nbsp;&nbsp;&nbsp;AnoPTv8SendCmdNum
<LI><a href="#[c8]">&gt;&gt;</a>&nbsp;&nbsp;&nbsp;AnoPTv8SendCmdInfo
<LI><a href="#[c6]">&gt;&gt;</a>&nbsp;&nbsp;&nbsp;AnoPTv8SendCheck
<LI><a href="#[c4]">&gt;&gt;</a>&nbsp;&nbsp;&nbsp;AnoPTv8CmdGetInfo
<LI><a href="#[c5]">&gt;&gt;</a>&nbsp;&nbsp;&nbsp;AnoPTv8CmdGetCount
<LI><a href="#[82]">&gt;&gt;</a>&nbsp;&nbsp;&nbsp;__aeabi_memcpy
</UL>
<BR>[Called By]<UL><LI><a href="#[bf]">&gt;&gt;</a>&nbsp;&nbsp;&nbsp;anoPTv8FrameAnl
</UL>

<P><STRONG><a name="[b9]"></a>AnoPTv8CmdRegister</STRONG> (Thumb, 28 bytes, Stack size 0 bytes, anoptv8cmd.o(.text))
<BR><BR>[Called By]<UL><LI><a href="#[b8]">&gt;&gt;</a>&nbsp;&nbsp;&nbsp;AnoPTv8CmdInit
</UL>

<P><STRONG><a name="[c9]"></a>AnoPTv8CmdGetValsLength</STRONG> (Thumb, 112 bytes, Stack size 8 bytes, anoptv8cmd.o(.text), UNUSED)
<BR><BR>[Calls]<UL><LI><a href="#[c5]">&gt;&gt;</a>&nbsp;&nbsp;&nbsp;AnoPTv8CmdGetCount
</UL>

<P><STRONG><a name="[b6]"></a>AnoPTv8CmdValCpy</STRONG> (Thumb, 206 bytes, Stack size 32 bytes, anoptv8cmd.o(.text))
<BR><BR>[Stack]<UL><LI>Max Depth = 32<LI>Call Chain = AnoPTv8CmdValCpy
</UL>
<BR>[Calls]<UL><LI><a href="#[c5]">&gt;&gt;</a>&nbsp;&nbsp;&nbsp;AnoPTv8CmdGetCount
<LI><a href="#[82]">&gt;&gt;</a>&nbsp;&nbsp;&nbsp;__aeabi_memcpy
</UL>
<BR>[Called By]<UL><LI><a href="#[73]">&gt;&gt;</a>&nbsp;&nbsp;&nbsp;testFun2
</UL>

<P><STRONG><a name="[8a]"></a>AnoPTv8CmdSendIsInIdle</STRONG> (Thumb, 14 bytes, Stack size 0 bytes, anoptv8cmd.o(.text))
<BR><BR>[Called By]<UL><LI><a href="#[95]">&gt;&gt;</a>&nbsp;&nbsp;&nbsp;GYR_Calibrate
<LI><a href="#[94]">&gt;&gt;</a>&nbsp;&nbsp;&nbsp;ACC_Calibrate
<LI><a href="#[93]">&gt;&gt;</a>&nbsp;&nbsp;&nbsp;Mag_Calibrate
<LI><a href="#[92]">&gt;&gt;</a>&nbsp;&nbsp;&nbsp;Horizontal_Calibrate
<LI><a href="#[91]">&gt;&gt;</a>&nbsp;&nbsp;&nbsp;Horizontal_Move
<LI><a href="#[90]">&gt;&gt;</a>&nbsp;&nbsp;&nbsp;OneKey_Land
<LI><a href="#[8f]">&gt;&gt;</a>&nbsp;&nbsp;&nbsp;OneKey_Takeoff
<LI><a href="#[8e]">&gt;&gt;</a>&nbsp;&nbsp;&nbsp;OneKey_Return_Home
<LI><a href="#[8d]">&gt;&gt;</a>&nbsp;&nbsp;&nbsp;LX_Change_Mode
<LI><a href="#[8c]">&gt;&gt;</a>&nbsp;&nbsp;&nbsp;FC_Lock
<LI><a href="#[89]">&gt;&gt;</a>&nbsp;&nbsp;&nbsp;FC_Unlock
</UL>

<P><STRONG><a name="[8b]"></a>AnoPTv8CmdSend</STRONG> (Thumb, 284 bytes, Stack size 24 bytes, anoptv8cmd.o(.text))
<BR><BR>[Stack]<UL><LI>Max Depth = 40<LI>Call Chain = AnoPTv8CmdSend &rArr; AnoPTv8GetFreeTxBufIndex
</UL>
<BR>[Calls]<UL><LI><a href="#[cb]">&gt;&gt;</a>&nbsp;&nbsp;&nbsp;AnoPTv8CalFrameCheck
<LI><a href="#[ca]">&gt;&gt;</a>&nbsp;&nbsp;&nbsp;AnoPTv8GetFreeTxBufIndex
<LI><a href="#[82]">&gt;&gt;</a>&nbsp;&nbsp;&nbsp;__aeabi_memcpy
</UL>
<BR>[Called By]<UL><LI><a href="#[95]">&gt;&gt;</a>&nbsp;&nbsp;&nbsp;GYR_Calibrate
<LI><a href="#[94]">&gt;&gt;</a>&nbsp;&nbsp;&nbsp;ACC_Calibrate
<LI><a href="#[93]">&gt;&gt;</a>&nbsp;&nbsp;&nbsp;Mag_Calibrate
<LI><a href="#[92]">&gt;&gt;</a>&nbsp;&nbsp;&nbsp;Horizontal_Calibrate
<LI><a href="#[91]">&gt;&gt;</a>&nbsp;&nbsp;&nbsp;Horizontal_Move
<LI><a href="#[90]">&gt;&gt;</a>&nbsp;&nbsp;&nbsp;OneKey_Land
<LI><a href="#[8f]">&gt;&gt;</a>&nbsp;&nbsp;&nbsp;OneKey_Takeoff
<LI><a href="#[8e]">&gt;&gt;</a>&nbsp;&nbsp;&nbsp;OneKey_Return_Home
<LI><a href="#[8d]">&gt;&gt;</a>&nbsp;&nbsp;&nbsp;LX_Change_Mode
<LI><a href="#[8c]">&gt;&gt;</a>&nbsp;&nbsp;&nbsp;FC_Lock
<LI><a href="#[89]">&gt;&gt;</a>&nbsp;&nbsp;&nbsp;FC_Unlock
</UL>

<P><STRONG><a name="[c0]"></a>AnoPTv8CmdRecvCheck</STRONG> (Thumb, 50 bytes, Stack size 0 bytes, anoptv8cmd.o(.text))
<BR><BR>[Called By]<UL><LI><a href="#[bf]">&gt;&gt;</a>&nbsp;&nbsp;&nbsp;anoPTv8FrameAnl
</UL>

<P><STRONG><a name="[be]"></a>AnoPTv8CmdRunThread1ms</STRONG> (Thumb, 80 bytes, Stack size 0 bytes, anoptv8cmd.o(.text))
<BR><BR>[Called By]<UL><LI><a href="#[ae]">&gt;&gt;</a>&nbsp;&nbsp;&nbsp;AnoPTv8RunThread1ms
</UL>

<P><STRONG><a name="[cd]"></a>AnoPTv8ParGetCount</STRONG> (Thumb, 6 bytes, Stack size 0 bytes, anoptv8par.o(.text))
<BR><BR>[Called By]<UL><LI><a href="#[d5]">&gt;&gt;</a>&nbsp;&nbsp;&nbsp;AnoPTv8SendParVal
<LI><a href="#[d4]">&gt;&gt;</a>&nbsp;&nbsp;&nbsp;AnoPTv8SendParNum
<LI><a href="#[d6]">&gt;&gt;</a>&nbsp;&nbsp;&nbsp;AnoPTv8SendParInfo
<LI><a href="#[db]">&gt;&gt;</a>&nbsp;&nbsp;&nbsp;AnoPTv8ParCpyVal
<LI><a href="#[da]">&gt;&gt;</a>&nbsp;&nbsp;&nbsp;AnoPTv8ParGetInfo
<LI><a href="#[d9]">&gt;&gt;</a>&nbsp;&nbsp;&nbsp;AnoPTv8ParCheckExist
<LI><a href="#[cc]">&gt;&gt;</a>&nbsp;&nbsp;&nbsp;anoPTv8ParSetVal
</UL>

<P><STRONG><a name="[cc]"></a>anoPTv8ParSetVal</STRONG> (Thumb, 1044 bytes, Stack size 32 bytes, anoptv8par.o(.text))
<BR><BR>[Stack]<UL><LI>Max Depth = 96<LI>Call Chain = anoPTv8ParSetVal &rArr; __aeabi_l2d &rArr; _double_epilogue &rArr; _double_round
</UL>
<BR>[Calls]<UL><LI><a href="#[ce]">&gt;&gt;</a>&nbsp;&nbsp;&nbsp;__aeabi_l2f
<LI><a href="#[cf]">&gt;&gt;</a>&nbsp;&nbsp;&nbsp;__aeabi_l2d
<LI><a href="#[d0]">&gt;&gt;</a>&nbsp;&nbsp;&nbsp;__aeabi_cdrcmple
<LI><a href="#[d1]">&gt;&gt;</a>&nbsp;&nbsp;&nbsp;__aeabi_cdcmple
<LI><a href="#[cd]">&gt;&gt;</a>&nbsp;&nbsp;&nbsp;AnoPTv8ParGetCount
<LI><a href="#[d2]">&gt;&gt;</a>&nbsp;&nbsp;&nbsp;__aeabi_memclr
<LI><a href="#[82]">&gt;&gt;</a>&nbsp;&nbsp;&nbsp;__aeabi_memcpy
</UL>
<BR>[Called By]<UL><LI><a href="#[c2]">&gt;&gt;</a>&nbsp;&nbsp;&nbsp;AnoPTv8ParFrameAnl
</UL>

<P><STRONG><a name="[c2]"></a>AnoPTv8ParFrameAnl</STRONG> (Thumb, 158 bytes, Stack size 16 bytes, anoptv8par.o(.text))
<BR><BR>[Stack]<UL><LI>Max Depth = 112<LI>Call Chain = AnoPTv8ParFrameAnl &rArr; anoPTv8ParSetVal &rArr; __aeabi_l2d &rArr; _double_epilogue &rArr; _double_round
</UL>
<BR>[Calls]<UL><LI><a href="#[d5]">&gt;&gt;</a>&nbsp;&nbsp;&nbsp;AnoPTv8SendParVal
<LI><a href="#[d4]">&gt;&gt;</a>&nbsp;&nbsp;&nbsp;AnoPTv8SendParNum
<LI><a href="#[d6]">&gt;&gt;</a>&nbsp;&nbsp;&nbsp;AnoPTv8SendParInfo
<LI><a href="#[d3]">&gt;&gt;</a>&nbsp;&nbsp;&nbsp;AnoPTv8SendDevInfo
<LI><a href="#[cc]">&gt;&gt;</a>&nbsp;&nbsp;&nbsp;anoPTv8ParSetVal
<LI><a href="#[c6]">&gt;&gt;</a>&nbsp;&nbsp;&nbsp;AnoPTv8SendCheck
<LI><a href="#[d7]">&gt;&gt;</a>&nbsp;&nbsp;&nbsp;AnoPTv8HwParCmdRecvCallback
<LI><a href="#[d8]">&gt;&gt;</a>&nbsp;&nbsp;&nbsp;AnoPTv8HwParValRecvCallback
</UL>
<BR>[Called By]<UL><LI><a href="#[bf]">&gt;&gt;</a>&nbsp;&nbsp;&nbsp;anoPTv8FrameAnl
</UL>

<P><STRONG><a name="[d9]"></a>AnoPTv8ParCheckExist</STRONG> (Thumb, 38 bytes, Stack size 4 bytes, anoptv8par.o(.text))
<BR><BR>[Stack]<UL><LI>Max Depth = 4<LI>Call Chain = AnoPTv8ParCheckExist
</UL>
<BR>[Calls]<UL><LI><a href="#[cd]">&gt;&gt;</a>&nbsp;&nbsp;&nbsp;AnoPTv8ParGetCount
</UL>
<BR>[Called By]<UL><LI><a href="#[b2]">&gt;&gt;</a>&nbsp;&nbsp;&nbsp;AnoPTv8ParRegister
</UL>

<P><STRONG><a name="[b2]"></a>AnoPTv8ParRegister</STRONG> (Thumb, 42 bytes, Stack size 4 bytes, anoptv8par.o(.text))
<BR><BR>[Stack]<UL><LI>Max Depth = 8<LI>Call Chain = AnoPTv8ParRegister &rArr; AnoPTv8ParCheckExist
</UL>
<BR>[Calls]<UL><LI><a href="#[d9]">&gt;&gt;</a>&nbsp;&nbsp;&nbsp;AnoPTv8ParCheckExist
</UL>
<BR>[Called By]<UL><LI><a href="#[b1]">&gt;&gt;</a>&nbsp;&nbsp;&nbsp;AnoPTv8ParInit
</UL>

<P><STRONG><a name="[da]"></a>AnoPTv8ParGetInfo</STRONG> (Thumb, 24 bytes, Stack size 4 bytes, anoptv8par.o(.text))
<BR><BR>[Stack]<UL><LI>Max Depth = 4<LI>Call Chain = AnoPTv8ParGetInfo
</UL>
<BR>[Calls]<UL><LI><a href="#[cd]">&gt;&gt;</a>&nbsp;&nbsp;&nbsp;AnoPTv8ParGetCount
</UL>
<BR>[Called By]<UL><LI><a href="#[d6]">&gt;&gt;</a>&nbsp;&nbsp;&nbsp;AnoPTv8SendParInfo
</UL>

<P><STRONG><a name="[db]"></a>AnoPTv8ParCpyVal</STRONG> (Thumb, 270 bytes, Stack size 16 bytes, anoptv8par.o(.text))
<BR><BR>[Stack]<UL><LI>Max Depth = 16<LI>Call Chain = AnoPTv8ParCpyVal
</UL>
<BR>[Calls]<UL><LI><a href="#[cd]">&gt;&gt;</a>&nbsp;&nbsp;&nbsp;AnoPTv8ParGetCount
<LI><a href="#[82]">&gt;&gt;</a>&nbsp;&nbsp;&nbsp;__aeabi_memcpy
</UL>
<BR>[Called By]<UL><LI><a href="#[d5]">&gt;&gt;</a>&nbsp;&nbsp;&nbsp;AnoPTv8SendParVal
</UL>

<P><STRONG><a name="[cb]"></a>AnoPTv8CalFrameCheck</STRONG> (Thumb, 54 bytes, Stack size 8 bytes, anoptv8framefactory.o(.text))
<BR><BR>[Stack]<UL><LI>Max Depth = 8<LI>Call Chain = AnoPTv8CalFrameCheck
</UL>
<BR>[Called By]<UL><LI><a href="#[d5]">&gt;&gt;</a>&nbsp;&nbsp;&nbsp;AnoPTv8SendParVal
<LI><a href="#[d4]">&gt;&gt;</a>&nbsp;&nbsp;&nbsp;AnoPTv8SendParNum
<LI><a href="#[d6]">&gt;&gt;</a>&nbsp;&nbsp;&nbsp;AnoPTv8SendParInfo
<LI><a href="#[d3]">&gt;&gt;</a>&nbsp;&nbsp;&nbsp;AnoPTv8SendDevInfo
<LI><a href="#[c7]">&gt;&gt;</a>&nbsp;&nbsp;&nbsp;AnoPTv8SendCmdNum
<LI><a href="#[c8]">&gt;&gt;</a>&nbsp;&nbsp;&nbsp;AnoPTv8SendCmdInfo
<LI><a href="#[c6]">&gt;&gt;</a>&nbsp;&nbsp;&nbsp;AnoPTv8SendCheck
<LI><a href="#[b7]">&gt;&gt;</a>&nbsp;&nbsp;&nbsp;AnoPTv8SendValStr
<LI><a href="#[b3]">&gt;&gt;</a>&nbsp;&nbsp;&nbsp;AnoPTv8SendStr
<LI><a href="#[8b]">&gt;&gt;</a>&nbsp;&nbsp;&nbsp;AnoPTv8CmdSend
<LI><a href="#[83]">&gt;&gt;</a>&nbsp;&nbsp;&nbsp;AnoPTv8SendBuf
</UL>

<P><STRONG><a name="[83]"></a>AnoPTv8SendBuf</STRONG> (Thumb, 254 bytes, Stack size 40 bytes, anoptv8framefactory.o(.text))
<BR><BR>[Stack]<UL><LI>Max Depth = 56<LI>Call Chain = AnoPTv8SendBuf &rArr; AnoPTv8GetFreeTxBufIndex
</UL>
<BR>[Calls]<UL><LI><a href="#[cb]">&gt;&gt;</a>&nbsp;&nbsp;&nbsp;AnoPTv8CalFrameCheck
<LI><a href="#[ca]">&gt;&gt;</a>&nbsp;&nbsp;&nbsp;AnoPTv8GetFreeTxBufIndex
</UL>
<BR>[Called By]<UL><LI><a href="#[81]">&gt;&gt;</a>&nbsp;&nbsp;&nbsp;AnoDTLxFrameSend
<LI><a href="#[7c]">&gt;&gt;</a>&nbsp;&nbsp;&nbsp;AnoPTv8SendFrame0x0D
</UL>

<P><STRONG><a name="[c6]"></a>AnoPTv8SendCheck</STRONG> (Thumb, 264 bytes, Stack size 32 bytes, anoptv8framefactory.o(.text))
<BR><BR>[Stack]<UL><LI>Max Depth = 48<LI>Call Chain = AnoPTv8SendCheck &rArr; AnoPTv8GetFreeTxBufIndex
</UL>
<BR>[Calls]<UL><LI><a href="#[cb]">&gt;&gt;</a>&nbsp;&nbsp;&nbsp;AnoPTv8CalFrameCheck
<LI><a href="#[ca]">&gt;&gt;</a>&nbsp;&nbsp;&nbsp;AnoPTv8GetFreeTxBufIndex
</UL>
<BR>[Called By]<UL><LI><a href="#[c2]">&gt;&gt;</a>&nbsp;&nbsp;&nbsp;AnoPTv8ParFrameAnl
<LI><a href="#[c1]">&gt;&gt;</a>&nbsp;&nbsp;&nbsp;AnoPTv8CmdFrameAnl
</UL>

<P><STRONG><a name="[d3]"></a>AnoPTv8SendDevInfo</STRONG> (Thumb, 524 bytes, Stack size 32 bytes, anoptv8framefactory.o(.text))
<BR><BR>[Stack]<UL><LI>Max Depth = 48<LI>Call Chain = AnoPTv8SendDevInfo &rArr; AnoPTv8GetFreeTxBufIndex
</UL>
<BR>[Calls]<UL><LI><a href="#[cb]">&gt;&gt;</a>&nbsp;&nbsp;&nbsp;AnoPTv8CalFrameCheck
<LI><a href="#[ca]">&gt;&gt;</a>&nbsp;&nbsp;&nbsp;AnoPTv8GetFreeTxBufIndex
</UL>
<BR>[Called By]<UL><LI><a href="#[c2]">&gt;&gt;</a>&nbsp;&nbsp;&nbsp;AnoPTv8ParFrameAnl
</UL>

<P><STRONG><a name="[b3]"></a>AnoPTv8SendStr</STRONG> (Thumb, 264 bytes, Stack size 32 bytes, anoptv8framefactory.o(.text))
<BR><BR>[Stack]<UL><LI>Max Depth = 48<LI>Call Chain = AnoPTv8SendStr &rArr; AnoPTv8GetFreeTxBufIndex
</UL>
<BR>[Calls]<UL><LI><a href="#[cb]">&gt;&gt;</a>&nbsp;&nbsp;&nbsp;AnoPTv8CalFrameCheck
<LI><a href="#[ca]">&gt;&gt;</a>&nbsp;&nbsp;&nbsp;AnoPTv8GetFreeTxBufIndex
</UL>
<BR>[Called By]<UL><LI><a href="#[72]">&gt;&gt;</a>&nbsp;&nbsp;&nbsp;testFun
</UL>

<P><STRONG><a name="[b7]"></a>AnoPTv8SendValStr</STRONG> (Thumb, 356 bytes, Stack size 48 bytes, anoptv8framefactory.o(.text))
<BR><BR>[Stack]<UL><LI>Max Depth = 64<LI>Call Chain = AnoPTv8SendValStr &rArr; AnoPTv8GetFreeTxBufIndex
</UL>
<BR>[Calls]<UL><LI><a href="#[cb]">&gt;&gt;</a>&nbsp;&nbsp;&nbsp;AnoPTv8CalFrameCheck
<LI><a href="#[ca]">&gt;&gt;</a>&nbsp;&nbsp;&nbsp;AnoPTv8GetFreeTxBufIndex
</UL>
<BR>[Called By]<UL><LI><a href="#[73]">&gt;&gt;</a>&nbsp;&nbsp;&nbsp;testFun2
</UL>

<P><STRONG><a name="[d4]"></a>AnoPTv8SendParNum</STRONG> (Thumb, 266 bytes, Stack size 24 bytes, anoptv8framefactory.o(.text))
<BR><BR>[Stack]<UL><LI>Max Depth = 40<LI>Call Chain = AnoPTv8SendParNum &rArr; AnoPTv8GetFreeTxBufIndex
</UL>
<BR>[Calls]<UL><LI><a href="#[cd]">&gt;&gt;</a>&nbsp;&nbsp;&nbsp;AnoPTv8ParGetCount
<LI><a href="#[cb]">&gt;&gt;</a>&nbsp;&nbsp;&nbsp;AnoPTv8CalFrameCheck
<LI><a href="#[ca]">&gt;&gt;</a>&nbsp;&nbsp;&nbsp;AnoPTv8GetFreeTxBufIndex
</UL>
<BR>[Called By]<UL><LI><a href="#[c2]">&gt;&gt;</a>&nbsp;&nbsp;&nbsp;AnoPTv8ParFrameAnl
</UL>

<P><STRONG><a name="[d5]"></a>AnoPTv8SendParVal</STRONG> (Thumb, 282 bytes, Stack size 32 bytes, anoptv8framefactory.o(.text))
<BR><BR>[Stack]<UL><LI>Max Depth = 48<LI>Call Chain = AnoPTv8SendParVal &rArr; AnoPTv8ParCpyVal
</UL>
<BR>[Calls]<UL><LI><a href="#[db]">&gt;&gt;</a>&nbsp;&nbsp;&nbsp;AnoPTv8ParCpyVal
<LI><a href="#[cd]">&gt;&gt;</a>&nbsp;&nbsp;&nbsp;AnoPTv8ParGetCount
<LI><a href="#[cb]">&gt;&gt;</a>&nbsp;&nbsp;&nbsp;AnoPTv8CalFrameCheck
<LI><a href="#[ca]">&gt;&gt;</a>&nbsp;&nbsp;&nbsp;AnoPTv8GetFreeTxBufIndex
</UL>
<BR>[Called By]<UL><LI><a href="#[c2]">&gt;&gt;</a>&nbsp;&nbsp;&nbsp;AnoPTv8ParFrameAnl
</UL>

<P><STRONG><a name="[d6]"></a>AnoPTv8SendParInfo</STRONG> (Thumb, 410 bytes, Stack size 40 bytes, anoptv8framefactory.o(.text))
<BR><BR>[Stack]<UL><LI>Max Depth = 56<LI>Call Chain = AnoPTv8SendParInfo &rArr; AnoPTv8GetFreeTxBufIndex
</UL>
<BR>[Calls]<UL><LI><a href="#[da]">&gt;&gt;</a>&nbsp;&nbsp;&nbsp;AnoPTv8ParGetInfo
<LI><a href="#[cd]">&gt;&gt;</a>&nbsp;&nbsp;&nbsp;AnoPTv8ParGetCount
<LI><a href="#[cb]">&gt;&gt;</a>&nbsp;&nbsp;&nbsp;AnoPTv8CalFrameCheck
<LI><a href="#[ca]">&gt;&gt;</a>&nbsp;&nbsp;&nbsp;AnoPTv8GetFreeTxBufIndex
</UL>
<BR>[Called By]<UL><LI><a href="#[c2]">&gt;&gt;</a>&nbsp;&nbsp;&nbsp;AnoPTv8ParFrameAnl
</UL>

<P><STRONG><a name="[c7]"></a>AnoPTv8SendCmdNum</STRONG> (Thumb, 266 bytes, Stack size 24 bytes, anoptv8framefactory.o(.text))
<BR><BR>[Stack]<UL><LI>Max Depth = 40<LI>Call Chain = AnoPTv8SendCmdNum &rArr; AnoPTv8GetFreeTxBufIndex
</UL>
<BR>[Calls]<UL><LI><a href="#[cb]">&gt;&gt;</a>&nbsp;&nbsp;&nbsp;AnoPTv8CalFrameCheck
<LI><a href="#[c5]">&gt;&gt;</a>&nbsp;&nbsp;&nbsp;AnoPTv8CmdGetCount
<LI><a href="#[ca]">&gt;&gt;</a>&nbsp;&nbsp;&nbsp;AnoPTv8GetFreeTxBufIndex
</UL>
<BR>[Called By]<UL><LI><a href="#[c1]">&gt;&gt;</a>&nbsp;&nbsp;&nbsp;AnoPTv8CmdFrameAnl
</UL>

<P><STRONG><a name="[c8]"></a>AnoPTv8SendCmdInfo</STRONG> (Thumb, 486 bytes, Stack size 176 bytes, anoptv8framefactory.o(.text))
<BR><BR>[Stack]<UL><LI>Max Depth = 192<LI>Call Chain = AnoPTv8SendCmdInfo &rArr; AnoPTv8GetFreeTxBufIndex
</UL>
<BR>[Calls]<UL><LI><a href="#[cb]">&gt;&gt;</a>&nbsp;&nbsp;&nbsp;AnoPTv8CalFrameCheck
<LI><a href="#[c4]">&gt;&gt;</a>&nbsp;&nbsp;&nbsp;AnoPTv8CmdGetInfo
<LI><a href="#[c5]">&gt;&gt;</a>&nbsp;&nbsp;&nbsp;AnoPTv8CmdGetCount
<LI><a href="#[ca]">&gt;&gt;</a>&nbsp;&nbsp;&nbsp;AnoPTv8GetFreeTxBufIndex
<LI><a href="#[82]">&gt;&gt;</a>&nbsp;&nbsp;&nbsp;__aeabi_memcpy
</UL>
<BR>[Called By]<UL><LI><a href="#[c1]">&gt;&gt;</a>&nbsp;&nbsp;&nbsp;AnoPTv8CmdFrameAnl
</UL>

<P><STRONG><a name="[7c]"></a>AnoPTv8SendFrame0x0D</STRONG> (Thumb, 260 bytes, Stack size 80 bytes, anoptv8framefactory.o(.text))
<BR><BR>[Stack]<UL><LI>Max Depth = 136<LI>Call Chain = AnoPTv8SendFrame0x0D &rArr; AnoPTv8SendBuf &rArr; AnoPTv8GetFreeTxBufIndex
</UL>
<BR>[Calls]<UL><LI><a href="#[83]">&gt;&gt;</a>&nbsp;&nbsp;&nbsp;AnoPTv8SendBuf
</UL>
<BR>[Called By]<UL><LI><a href="#[5]">&gt;&gt;</a>&nbsp;&nbsp;&nbsp;Loop_20Hz
</UL>

<P><STRONG><a name="[dc]"></a>DrvRcInputInit</STRONG> (Thumb, 20 bytes, Stack size 8 bytes, drv_bsp.o(.text))
<BR><BR>[Stack]<UL><LI>Max Depth = 76<LI>Call Chain = DrvRcInputInit &rArr; DrvRcPpmInit &rArr; TIM_ICInit &rArr; TI1_Config
</UL>
<BR>[Calls]<UL><LI><a href="#[dd]">&gt;&gt;</a>&nbsp;&nbsp;&nbsp;DrvRcPpmInit
</UL>
<BR>[Called By]<UL><LI><a href="#[76]">&gt;&gt;</a>&nbsp;&nbsp;&nbsp;All_Init
</UL>

<P><STRONG><a name="[76]"></a>All_Init</STRONG> (Thumb, 134 bytes, Stack size 8 bytes, drv_bsp.o(.text))
<BR><BR>[Stack]<UL><LI>Max Depth = 152<LI>Call Chain = All_Init &rArr; DrvAdcInit &rArr; ADC_RegularChannelConfig
</UL>
<BR>[Calls]<UL><LI><a href="#[e0]">&gt;&gt;</a>&nbsp;&nbsp;&nbsp;UsbPortCtlInit
<LI><a href="#[e1]">&gt;&gt;</a>&nbsp;&nbsp;&nbsp;UsbPortCtl
<LI><a href="#[df]">&gt;&gt;</a>&nbsp;&nbsp;&nbsp;MyDelayMs
<LI><a href="#[eb]">&gt;&gt;</a>&nbsp;&nbsp;&nbsp;Init_GPS
<LI><a href="#[e3]">&gt;&gt;</a>&nbsp;&nbsp;&nbsp;DvrLedInit
<LI><a href="#[e2]">&gt;&gt;</a>&nbsp;&nbsp;&nbsp;DrvUsbInit
<LI><a href="#[ea]">&gt;&gt;</a>&nbsp;&nbsp;&nbsp;DrvUart8Init
<LI><a href="#[e9]">&gt;&gt;</a>&nbsp;&nbsp;&nbsp;DrvUart7Init
<LI><a href="#[e8]">&gt;&gt;</a>&nbsp;&nbsp;&nbsp;DrvUart5Init
<LI><a href="#[e7]">&gt;&gt;</a>&nbsp;&nbsp;&nbsp;DrvUart3Init
<LI><a href="#[e6]">&gt;&gt;</a>&nbsp;&nbsp;&nbsp;DrvUart2Init
<LI><a href="#[e5]">&gt;&gt;</a>&nbsp;&nbsp;&nbsp;DrvUart1Init
<LI><a href="#[ec]">&gt;&gt;</a>&nbsp;&nbsp;&nbsp;DrvTimerFcInit
<LI><a href="#[de]">&gt;&gt;</a>&nbsp;&nbsp;&nbsp;DrvSysInit
<LI><a href="#[e4]">&gt;&gt;</a>&nbsp;&nbsp;&nbsp;DrvPwmOutInit
<LI><a href="#[f0]">&gt;&gt;</a>&nbsp;&nbsp;&nbsp;DrvIna228Init
<LI><a href="#[ee]">&gt;&gt;</a>&nbsp;&nbsp;&nbsp;DrvBuzzerInit
<LI><a href="#[ef]">&gt;&gt;</a>&nbsp;&nbsp;&nbsp;DrvBuzzerAdvCtl1
<LI><a href="#[ed]">&gt;&gt;</a>&nbsp;&nbsp;&nbsp;DrvAdcInit
<LI><a href="#[dc]">&gt;&gt;</a>&nbsp;&nbsp;&nbsp;DrvRcInputInit
<LI><a href="#[b8]">&gt;&gt;</a>&nbsp;&nbsp;&nbsp;AnoPTv8CmdInit
<LI><a href="#[b1]">&gt;&gt;</a>&nbsp;&nbsp;&nbsp;AnoPTv8ParInit
</UL>
<BR>[Called By]<UL><LI><a href="#[6e]">&gt;&gt;</a>&nbsp;&nbsp;&nbsp;main
</UL>

<P><STRONG><a name="[15e]"></a>DrvPpmGetOneCh</STRONG> (Thumb, 92 bytes, Stack size 0 bytes, drv_bsp.o(.text))
<BR><BR>[Called By]<UL><LI><a href="#[119]">&gt;&gt;</a>&nbsp;&nbsp;&nbsp;PPM_IRQH
</UL>

<P><STRONG><a name="[b5]"></a>DrvSbusGetOneByte</STRONG> (Thumb, 444 bytes, Stack size 16 bytes, drv_bsp.o(.text))
<BR><BR>[Stack]<UL><LI>Max Depth = 24<LI>Call Chain = DrvSbusGetOneByte &rArr; GetSysRunTimeUs
</UL>
<BR>[Calls]<UL><LI><a href="#[f1]">&gt;&gt;</a>&nbsp;&nbsp;&nbsp;GetSysRunTimeUs
<LI><a href="#[82]">&gt;&gt;</a>&nbsp;&nbsp;&nbsp;__aeabi_memcpy
</UL>
<BR>[Called By]<UL><LI><a href="#[72]">&gt;&gt;</a>&nbsp;&nbsp;&nbsp;testFun
<LI><a href="#[123]">&gt;&gt;</a>&nbsp;&nbsp;&nbsp;Sbus_IRQH
</UL>

<P><STRONG><a name="[9e]"></a>DrvRcInputTask</STRONG> (Thumb, 370 bytes, Stack size 16 bytes, drv_bsp.o(.text))
<BR><BR>[Stack]<UL><LI>Max Depth = 124<LI>Call Chain = DrvRcInputTask &rArr; rcSignalCheck &rArr; DrvRcSbusInit &rArr; USART_Init &rArr; RCC_GetClocksFreq
</UL>
<BR>[Calls]<UL><LI><a href="#[f2]">&gt;&gt;</a>&nbsp;&nbsp;&nbsp;rcSignalCheck
</UL>
<BR>[Called By]<UL><LI><a href="#[9d]">&gt;&gt;</a>&nbsp;&nbsp;&nbsp;ANO_LX_Task
</UL>

<P><STRONG><a name="[f6]"></a>my_abs</STRONG> (Thumb, 26 bytes, Stack size 0 bytes, ano_math.o(.text), UNUSED)
<BR><BR>[Called By]<UL><LI><a href="#[f5]">&gt;&gt;</a>&nbsp;&nbsp;&nbsp;fast_atan2
</UL>

<P><STRONG><a name="[f5]"></a>fast_atan2</STRONG> (Thumb, 350 bytes, Stack size 4 bytes, ano_math.o(.text), UNUSED)
<BR><BR>[Calls]<UL><LI><a href="#[f6]">&gt;&gt;</a>&nbsp;&nbsp;&nbsp;my_abs
</UL>
<BR>[Called By]<UL><LI><a href="#[f7]">&gt;&gt;</a>&nbsp;&nbsp;&nbsp;my_atan
</UL>

<P><STRONG><a name="[f7]"></a>my_atan</STRONG> (Thumb, 24 bytes, Stack size 4 bytes, ano_math.o(.text), UNUSED)
<BR><BR>[Calls]<UL><LI><a href="#[f5]">&gt;&gt;</a>&nbsp;&nbsp;&nbsp;fast_atan2
</UL>

<P><STRONG><a name="[f9]"></a>my_sqrt_reciprocal</STRONG> (Thumb, 76 bytes, Stack size 0 bytes, ano_math.o(.text), UNUSED)
<BR><BR>[Called By]<UL><LI><a href="#[f8]">&gt;&gt;</a>&nbsp;&nbsp;&nbsp;my_sqrt
</UL>

<P><STRONG><a name="[f8]"></a>my_sqrt</STRONG> (Thumb, 20 bytes, Stack size 4 bytes, ano_math.o(.text), UNUSED)
<BR><BR>[Calls]<UL><LI><a href="#[f9]">&gt;&gt;</a>&nbsp;&nbsp;&nbsp;my_sqrt_reciprocal
</UL>
<BR>[Called By]<UL><LI><a href="#[105]">&gt;&gt;</a>&nbsp;&nbsp;&nbsp;rot_vec_2
<LI><a href="#[104]">&gt;&gt;</a>&nbsp;&nbsp;&nbsp;length_limit
</UL>

<P><STRONG><a name="[fa]"></a>mx_sin</STRONG> (Thumb, 292 bytes, Stack size 48 bytes, ano_math.o(.text), UNUSED)
<BR><BR>[Calls]<UL><LI><a href="#[fe]">&gt;&gt;</a>&nbsp;&nbsp;&nbsp;__aeabi_dsub
<LI><a href="#[fd]">&gt;&gt;</a>&nbsp;&nbsp;&nbsp;__aeabi_drsub
<LI><a href="#[fb]">&gt;&gt;</a>&nbsp;&nbsp;&nbsp;__aeabi_dmul
<LI><a href="#[fc]">&gt;&gt;</a>&nbsp;&nbsp;&nbsp;__aeabi_dadd
<LI><a href="#[d1]">&gt;&gt;</a>&nbsp;&nbsp;&nbsp;__aeabi_cdcmple
</UL>
<BR>[Called By]<UL><LI><a href="#[ff]">&gt;&gt;</a>&nbsp;&nbsp;&nbsp;my_sin
</UL>

<P><STRONG><a name="[ff]"></a>my_sin</STRONG> (Thumb, 108 bytes, Stack size 32 bytes, ano_math.o(.text), UNUSED)
<BR><BR>[Calls]<UL><LI><a href="#[100]">&gt;&gt;</a>&nbsp;&nbsp;&nbsp;__aeabi_i2d
<LI><a href="#[fe]">&gt;&gt;</a>&nbsp;&nbsp;&nbsp;__aeabi_dsub
<LI><a href="#[fb]">&gt;&gt;</a>&nbsp;&nbsp;&nbsp;__aeabi_dmul
<LI><a href="#[fa]">&gt;&gt;</a>&nbsp;&nbsp;&nbsp;mx_sin
<LI><a href="#[d0]">&gt;&gt;</a>&nbsp;&nbsp;&nbsp;__aeabi_cdrcmple
</UL>
<BR>[Called By]<UL><LI><a href="#[101]">&gt;&gt;</a>&nbsp;&nbsp;&nbsp;my_cos
</UL>

<P><STRONG><a name="[101]"></a>my_cos</STRONG> (Thumb, 136 bytes, Stack size 40 bytes, ano_math.o(.text), UNUSED)
<BR><BR>[Calls]<UL><LI><a href="#[100]">&gt;&gt;</a>&nbsp;&nbsp;&nbsp;__aeabi_i2d
<LI><a href="#[fe]">&gt;&gt;</a>&nbsp;&nbsp;&nbsp;__aeabi_dsub
<LI><a href="#[fb]">&gt;&gt;</a>&nbsp;&nbsp;&nbsp;__aeabi_dmul
<LI><a href="#[fc]">&gt;&gt;</a>&nbsp;&nbsp;&nbsp;__aeabi_dadd
<LI><a href="#[102]">&gt;&gt;</a>&nbsp;&nbsp;&nbsp;__aeabi_d2f
<LI><a href="#[ff]">&gt;&gt;</a>&nbsp;&nbsp;&nbsp;my_sin
<LI><a href="#[d0]">&gt;&gt;</a>&nbsp;&nbsp;&nbsp;__aeabi_cdrcmple
</UL>

<P><STRONG><a name="[9a]"></a>my_deadzone</STRONG> (Thumb, 152 bytes, Stack size 0 bytes, ano_math.o(.text))
<BR><BR>[Called By]<UL><LI><a href="#[99]">&gt;&gt;</a>&nbsp;&nbsp;&nbsp;RC_Data_Task
</UL>

<P><STRONG><a name="[28d]"></a>my_deadzone_2</STRONG> (Thumb, 48 bytes, Stack size 0 bytes, ano_math.o(.text), UNUSED)

<P><STRONG><a name="[28e]"></a>my_HPF</STRONG> (Thumb, 346 bytes, Stack size 0 bytes, ano_math.o(.text), UNUSED)

<P><STRONG><a name="[103]"></a>To_180_degrees_db</STRONG> (Thumb, 108 bytes, Stack size 16 bytes, ano_math.o(.text), UNUSED)
<BR><BR>[Calls]<UL><LI><a href="#[fe]">&gt;&gt;</a>&nbsp;&nbsp;&nbsp;__aeabi_dsub
<LI><a href="#[fc]">&gt;&gt;</a>&nbsp;&nbsp;&nbsp;__aeabi_dadd
<LI><a href="#[d0]">&gt;&gt;</a>&nbsp;&nbsp;&nbsp;__aeabi_cdrcmple
<LI><a href="#[d1]">&gt;&gt;</a>&nbsp;&nbsp;&nbsp;__aeabi_cdcmple
</UL>

<P><STRONG><a name="[104]"></a>length_limit</STRONG> (Thumb, 140 bytes, Stack size 12 bytes, ano_math.o(.text), UNUSED)
<BR><BR>[Calls]<UL><LI><a href="#[f8]">&gt;&gt;</a>&nbsp;&nbsp;&nbsp;my_sqrt
</UL>

<P><STRONG><a name="[28f]"></a>fifo</STRONG> (Thumb, 42 bytes, Stack size 0 bytes, ano_math.o(.text), UNUSED)

<P><STRONG><a name="[105]"></a>rot_vec_2</STRONG> (Thumb, 84 bytes, Stack size 4 bytes, ano_math.o(.text), UNUSED)
<BR><BR>[Calls]<UL><LI><a href="#[f8]">&gt;&gt;</a>&nbsp;&nbsp;&nbsp;my_sqrt
</UL>

<P><STRONG><a name="[290]"></a>vec_2_cross_product</STRONG> (Thumb, 26 bytes, Stack size 0 bytes, ano_math.o(.text), UNUSED)

<P><STRONG><a name="[291]"></a>vec_2_dot_product</STRONG> (Thumb, 26 bytes, Stack size 0 bytes, ano_math.o(.text), UNUSED)

<P><STRONG><a name="[292]"></a>vec_3_cross_product_err_sinx</STRONG> (Thumb, 86 bytes, Stack size 0 bytes, ano_math.o(.text), UNUSED)

<P><STRONG><a name="[293]"></a>vec_3_dot_product</STRONG> (Thumb, 38 bytes, Stack size 0 bytes, ano_math.o(.text), UNUSED)

<P><STRONG><a name="[9f]"></a>AnoOF_Check_State</STRONG> (Thumb, 180 bytes, Stack size 8 bytes, drv_anoof.o(.text))
<BR><BR>[Stack]<UL><LI>Max Depth = 8<LI>Call Chain = AnoOF_Check_State
</UL>
<BR>[Called By]<UL><LI><a href="#[9d]">&gt;&gt;</a>&nbsp;&nbsp;&nbsp;ANO_LX_Task
</UL>

<P><STRONG><a name="[bc]"></a>AnoOFFrameAnl</STRONG> (Thumb, 302 bytes, Stack size 8 bytes, drv_anoof.o(.text))
<BR><BR>[Stack]<UL><LI>Max Depth = 8<LI>Call Chain = AnoOFFrameAnl
</UL>
<BR>[Called By]<UL><LI><a href="#[ba]">&gt;&gt;</a>&nbsp;&nbsp;&nbsp;AnoPTv8FrameAnl
</UL>

<P><STRONG><a name="[a4]"></a>GPS_Data_Prepare_Task</STRONG> (Thumb, 404 bytes, Stack size 16 bytes, drv_ubloxgps.o(.text))
<BR><BR>[Stack]<UL><LI>Max Depth = 16<LI>Call Chain = GPS_Data_Prepare_Task
</UL>
<BR>[Calls]<UL><LI><a href="#[88]">&gt;&gt;</a>&nbsp;&nbsp;&nbsp;AnoDTLxFrameSendTrigger
</UL>
<BR>[Called By]<UL><LI><a href="#[9d]">&gt;&gt;</a>&nbsp;&nbsp;&nbsp;ANO_LX_Task
</UL>

<P><STRONG><a name="[106]"></a>GPS_Rate_H</STRONG> (Thumb, 12 bytes, Stack size 8 bytes, drv_ubloxgps.o(.text))
<BR><BR>[Stack]<UL><LI>Max Depth = 56<LI>Call Chain = GPS_Rate_H &rArr; DrvUart4SendBuf &rArr; USART_ITConfig
</UL>
<BR>[Calls]<UL><LI><a href="#[a9]">&gt;&gt;</a>&nbsp;&nbsp;&nbsp;DrvUart4SendBuf
</UL>
<BR>[Called By]<UL><LI><a href="#[eb]">&gt;&gt;</a>&nbsp;&nbsp;&nbsp;Init_GPS
</UL>

<P><STRONG><a name="[107]"></a>GPS_Rate_L</STRONG> (Thumb, 12 bytes, Stack size 8 bytes, drv_ubloxgps.o(.text), UNUSED)
<BR><BR>[Calls]<UL><LI><a href="#[a9]">&gt;&gt;</a>&nbsp;&nbsp;&nbsp;DrvUart4SendBuf
</UL>

<P><STRONG><a name="[eb]"></a>Init_GPS</STRONG> (Thumb, 276 bytes, Stack size 8 bytes, drv_ubloxgps.o(.text))
<BR><BR>[Stack]<UL><LI>Max Depth = 116<LI>Call Chain = Init_GPS &rArr; DrvUart4Init &rArr; USART_Init &rArr; RCC_GetClocksFreq
</UL>
<BR>[Calls]<UL><LI><a href="#[df]">&gt;&gt;</a>&nbsp;&nbsp;&nbsp;MyDelayMs
<LI><a href="#[a9]">&gt;&gt;</a>&nbsp;&nbsp;&nbsp;DrvUart4SendBuf
<LI><a href="#[108]">&gt;&gt;</a>&nbsp;&nbsp;&nbsp;DrvUart4Init
<LI><a href="#[106]">&gt;&gt;</a>&nbsp;&nbsp;&nbsp;GPS_Rate_H
</UL>
<BR>[Called By]<UL><LI><a href="#[76]">&gt;&gt;</a>&nbsp;&nbsp;&nbsp;All_Init
</UL>

<P><STRONG><a name="[146]"></a>UBLOX_M8_GPS_Data_Receive</STRONG> (Thumb, 596 bytes, Stack size 12 bytes, drv_ubloxgps.o(.text))
<BR><BR>[Stack]<UL><LI>Max Depth = 12<LI>Call Chain = UBLOX_M8_GPS_Data_Receive
</UL>
<BR>[Called By]<UL><LI><a href="#[145]">&gt;&gt;</a>&nbsp;&nbsp;&nbsp;drvU4DataCheck
</UL>

<P><STRONG><a name="[a0]"></a>DrvAnoOFCheckState_ptv7</STRONG> (Thumb, 180 bytes, Stack size 8 bytes, drvanoof_ptv7.o(.text))
<BR><BR>[Stack]<UL><LI>Max Depth = 8<LI>Call Chain = DrvAnoOFCheckState_ptv7
</UL>
<BR>[Called By]<UL><LI><a href="#[9d]">&gt;&gt;</a>&nbsp;&nbsp;&nbsp;ANO_LX_Task
</UL>

<P><STRONG><a name="[109]"></a>DrvAnoOFGetOneByte_ptv7</STRONG> (Thumb, 254 bytes, Stack size 16 bytes, drvanoof_ptv7.o(.text))
[...]
</UL>
<BR>[Called By]<UL><LI><a href="#[9e]">&gt;&gt;</a>&nbsp;&nbsp;&nbsp;DrvRcInputTask
</UL>

<P><STRONG><a name="[10a]"></a>DrvAnoOFDataAnl_ptv7</STRONG> (Thumb, 364 bytes, Stack size 12 bytes, drvanoof_ptv7.o(.text))
<BR><BR>[Stack]<UL><LI>Max Depth = 12<LI>Call Chain = DrvAnoOFDataAnl_ptv7
</UL>
<BR>[Called By]<UL><LI><a href="#[109]">&gt;&gt;</a>&nbsp;&nbsp;&nbsp;DrvAnoOFGetOneByte_ptv7
</UL>

<P><STRONG><a name="[15f]"></a>crsf_crc8</STRONG> (Thumb, 58 bytes, Stack size 12 bytes, drv_rcin.o(.text))
<BR><BR>[Stack]<UL><LI>Max Depth = 12<LI>Call Chain = crsf_crc8
</UL>
<BR>[Called By]<UL><LI><a href="#[14b]">&gt;&gt;</a>&nbsp;&nbsp;&nbsp;DrvRcCrsfRxOneByte
</UL>

<P><STRONG><a name="[175]"></a>BuzzerSetState</STRONG> (Thumb, 26 bytes, Stack size 8 bytes, drv_buzzer.o(.text))
<BR><BR>[Stack]<UL><LI>Max Depth = 24<LI>Call Chain = BuzzerSetState &rArr; GPIO_SetBits
</UL>
<BR>[Calls]<UL><LI><a href="#[7f]">&gt;&gt;</a>&nbsp;&nbsp;&nbsp;GPIO_SetBits
<LI><a href="#[7e]">&gt;&gt;</a>&nbsp;&nbsp;&nbsp;GPIO_ResetBits
</UL>
<BR>[Called By]<UL><LI><a href="#[ee]">&gt;&gt;</a>&nbsp;&nbsp;&nbsp;DrvBuzzerInit
<LI><a href="#[176]">&gt;&gt;</a>&nbsp;&nbsp;&nbsp;DrvBuzzerCtl
<LI><a href="#[179]">&gt;&gt;</a>&nbsp;&nbsp;&nbsp;HandleAdv1Ctrl
<LI><a href="#[178]">&gt;&gt;</a>&nbsp;&nbsp;&nbsp;HandleAdv2Ctrl
<LI><a href="#[177]">&gt;&gt;</a>&nbsp;&nbsp;&nbsp;ResetBuzzerState
</UL>

<P><STRONG><a name="[177]"></a>ResetBuzzerState</STRONG> (Thumb, 22 bytes, Stack size 8 bytes, drv_buzzer.o(.text))
<BR><BR>[Stack]<UL><LI>Max Depth = 32<LI>Call Chain = ResetBuzzerState &rArr; BuzzerSetState &rArr; GPIO_SetBits
</UL>
<BR>[Calls]<UL><LI><a href="#[175]">&gt;&gt;</a>&nbsp;&nbsp;&nbsp;BuzzerSetState
</UL>
<BR>[Called By]<UL><LI><a href="#[79]">&gt;&gt;</a>&nbsp;&nbsp;&nbsp;DrvBuzzerRunTask
<LI><a href="#[179]">&gt;&gt;</a>&nbsp;&nbsp;&nbsp;HandleAdv1Ctrl
<LI><a href="#[178]">&gt;&gt;</a>&nbsp;&nbsp;&nbsp;HandleAdv2Ctrl
</UL>

<P><STRONG><a name="[178]"></a>HandleAdv2Ctrl</STRONG> (Thumb, 104 bytes, Stack size 16 bytes, drv_buzzer.o(.text))
<BR><BR>[Stack]<UL><LI>Max Depth = 48<LI>Call Chain = HandleAdv2Ctrl &rArr; ResetBuzzerState &rArr; BuzzerSetState &rArr; GPIO_SetBits
</UL>
<BR>[Calls]<UL><LI><a href="#[177]">&gt;&gt;</a>&nbsp;&nbsp;&nbsp;ResetBuzzerState
<LI><a href="#[175]">&gt;&gt;</a>&nbsp;&nbsp;&nbsp;BuzzerSetState
</UL>
<BR>[Called By]<UL><LI><a href="#[79]">&gt;&gt;</a>&nbsp;&nbsp;&nbsp;DrvBuzzerRunTask
</UL>

<P><STRONG><a name="[179]"></a>HandleAdv1Ctrl</STRONG> (Thumb, 136 bytes, Stack size 8 bytes, drv_buzzer.o(.text))
<BR><BR>[Stack]<UL><LI>Max Depth = 40<LI>Call Chain = HandleAdv1Ctrl &rArr; ResetBuzzerState &rArr; BuzzerSetState &rArr; GPIO_SetBits
</UL>
<BR>[Calls]<UL><LI><a href="#[177]">&gt;&gt;</a>&nbsp;&nbsp;&nbsp;ResetBuzzerState
<LI><a href="#[175]">&gt;&gt;</a>&nbsp;&nbsp;&nbsp;BuzzerSetState
</UL>
<BR>[Called By]<UL><LI><a href="#[79]">&gt;&gt;</a>&nbsp;&nbsp;&nbsp;DrvBuzzerRunTask
</UL>

<P><STRONG><a name="[17d]"></a>I2c_Soft_delay</STRONG> (Thumb, 262 bytes, Stack size 0 bytes, drv_si2c.o(.text))
<BR><BR>[Called By]<UL><LI><a href="#[184]">&gt;&gt;</a>&nbsp;&nbsp;&nbsp;I2c_Soft_ReadByte
<LI><a href="#[183]">&gt;&gt;</a>&nbsp;&nbsp;&nbsp;I2c_Soft_WaitAck
<LI><a href="#[182]">&gt;&gt;</a>&nbsp;&nbsp;&nbsp;I2c_Soft_SendByte
<LI><a href="#[181]">&gt;&gt;</a>&nbsp;&nbsp;&nbsp;I2c_Soft_NoAck
<LI><a href="#[180]">&gt;&gt;</a>&nbsp;&nbsp;&nbsp;I2c_Soft_Ack
<LI><a href="#[17f]">&gt;&gt;</a>&nbsp;&nbsp;&nbsp;I2c_Soft_Stop
<LI><a href="#[17e]">&gt;&gt;</a>&nbsp;&nbsp;&nbsp;I2c_Soft_Start
<LI><a href="#[115]">&gt;&gt;</a>&nbsp;&nbsp;&nbsp;DrvSI2cInit
</UL>

<P><STRONG><a name="[17e]"></a>I2c_Soft_Start</STRONG> (Thumb, 92 bytes, Stack size 8 bytes, drv_si2c.o(.text))
<BR><BR>[Stack]<UL><LI>Max Depth = 8<LI>Call Chain = I2c_Soft_Start
</UL>
<BR>[Calls]<UL><LI><a href="#[17d]">&gt;&gt;</a>&nbsp;&nbsp;&nbsp;I2c_Soft_delay
</UL>
<BR>[Called By]<UL><LI><a href="#[10e]">&gt;&gt;</a>&nbsp;&nbsp;&nbsp;DrvSI2c_WriteNByte
<LI><a href="#[10c]">&gt;&gt;</a>&nbsp;&nbsp;&nbsp;DrvSI2c_ReadNByte
<LI><a href="#[186]">&gt;&gt;</a>&nbsp;&nbsp;&nbsp;DrvSI2c_Read1Byte
<LI><a href="#[185]">&gt;&gt;</a>&nbsp;&nbsp;&nbsp;DrvSI2c_Write1Byte
</UL>

<P><STRONG><a name="[17f]"></a>I2c_Soft_Stop</STRONG> (Thumb, 34 bytes, Stack size 8 bytes, drv_si2c.o(.text))
<BR><BR>[Stack]<UL><LI>Max Depth = 8<LI>Call Chain = I2c_Soft_Stop
</UL>
<BR>[Calls]<UL><LI><a href="#[17d]">&gt;&gt;</a>&nbsp;&nbsp;&nbsp;I2c_Soft_delay
</UL>
<BR>[Called By]<UL><LI><a href="#[183]">&gt;&gt;</a>&nbsp;&nbsp;&nbsp;I2c_Soft_WaitAck
<LI><a href="#[10e]">&gt;&gt;</a>&nbsp;&nbsp;&nbsp;DrvSI2c_WriteNByte
<LI><a href="#[10c]">&gt;&gt;</a>&nbsp;&nbsp;&nbsp;DrvSI2c_ReadNByte
<LI><a href="#[186]">&gt;&gt;</a>&nbsp;&nbsp;&nbsp;DrvSI2c_Read1Byte
<LI><a href="#[185]">&gt;&gt;</a>&nbsp;&nbsp;&nbsp;DrvSI2c_Write1Byte
</UL>

<P><STRONG><a name="[180]"></a>I2c_Soft_Ack</STRONG> (Thumb, 56 bytes, Stack size 8 bytes, drv_si2c.o(.text))
<BR><BR>[Stack]<UL><LI>Max Depth = 8<LI>Call Chain = I2c_Soft_Ack
</UL>
<BR>[Calls]<UL><LI><a href="#[17d]">&gt;&gt;</a>&nbsp;&nbsp;&nbsp;I2c_Soft_delay
</UL>
<BR>[Called By]<UL><LI><a href="#[10c]">&gt;&gt;</a>&nbsp;&nbsp;&nbsp;DrvSI2c_ReadNByte
</UL>

<P><STRONG><a name="[181]"></a>I2c_Soft_NoAck</STRONG> (Thumb, 42 bytes, Stack size 8 bytes, drv_si2c.o(.text))
<BR><BR>[Stack]<UL><LI>Max Depth = 8<LI>Call Chain = I2c_Soft_NoAck
</UL>
<BR>[Calls]<UL><LI><a href="#[17d]">&gt;&gt;</a>&nbsp;&nbsp;&nbsp;I2c_Soft_delay
</UL>
<BR>[Called By]<UL><LI><a href="#[10c]">&gt;&gt;</a>&nbsp;&nbsp;&nbsp;DrvSI2c_ReadNByte
<LI><a href="#[186]">&gt;&gt;</a>&nbsp;&nbsp;&nbsp;DrvSI2c_Read1Byte
</UL>

<P><STRONG><a name="[182]"></a>I2c_Soft_SendByte</STRONG> (Thumb, 94 bytes, Stack size 16 bytes, drv_si2c.o(.text))
<BR><BR>[Stack]<UL><LI>Max Depth = 16<LI>Call Chain = I2c_Soft_SendByte
</UL>
<BR>[Calls]<UL><LI><a href="#[17d]">&gt;&gt;</a>&nbsp;&nbsp;&nbsp;I2c_Soft_delay
</UL>
<BR>[Called By]<UL><LI><a href="#[10e]">&gt;&gt;</a>&nbsp;&nbsp;&nbsp;DrvSI2c_WriteNByte
<LI><a href="#[10c]">&gt;&gt;</a>&nbsp;&nbsp;&nbsp;DrvSI2c_ReadNByte
<LI><a href="#[186]">&gt;&gt;</a>&nbsp;&nbsp;&nbsp;DrvSI2c_Read1Byte
<LI><a href="#[185]">&gt;&gt;</a>&nbsp;&nbsp;&nbsp;DrvSI2c_Write1Byte
</UL>

<P><STRONG><a name="[183]"></a>I2c_Soft_WaitAck</STRONG> (Thumb, 86 bytes, Stack size 8 bytes, drv_si2c.o(.text))
<BR><BR>[Stack]<UL><LI>Max Depth = 16<LI>Call Chain = I2c_Soft_WaitAck &rArr; I2c_Soft_Stop
</UL>
<BR>[Calls]<UL><LI><a href="#[17f]">&gt;&gt;</a>&nbsp;&nbsp;&nbsp;I2c_Soft_Stop
<LI><a href="#[17d]">&gt;&gt;</a>&nbsp;&nbsp;&nbsp;I2c_Soft_delay
</UL>
<BR>[Called By]<UL><LI><a href="#[10e]">&gt;&gt;</a>&nbsp;&nbsp;&nbsp;DrvSI2c_WriteNByte
<LI><a href="#[10c]">&gt;&gt;</a>&nbsp;&nbsp;&nbsp;DrvSI2c_ReadNByte
<LI><a href="#[186]">&gt;&gt;</a>&nbsp;&nbsp;&nbsp;DrvSI2c_Read1Byte
<LI><a href="#[185]">&gt;&gt;</a>&nbsp;&nbsp;&nbsp;DrvSI2c_Write1Byte
</UL>

<P><STRONG><a name="[184]"></a>I2c_Soft_ReadByte</STRONG> (Thumb, 82 bytes, Stack size 16 bytes, drv_si2c.o(.text))
<BR><BR>[Stack]<UL><LI>Max Depth = 16<LI>Call Chain = I2c_Soft_ReadByte
</UL>
<BR>[Calls]<UL><LI><a href="#[17d]">&gt;&gt;</a>&nbsp;&nbsp;&nbsp;I2c_Soft_delay
</UL>
<BR>[Called By]<UL><LI><a href="#[10c]">&gt;&gt;</a>&nbsp;&nbsp;&nbsp;DrvSI2c_ReadNByte
<LI><a href="#[186]">&gt;&gt;</a>&nbsp;&nbsp;&nbsp;DrvSI2c_Read1Byte
</UL>

<P><STRONG><a name="[187]"></a>SetSysClock</STRONG> (Thumb, 272 bytes, Stack size 12 bytes, system_stm32f4xx.o(.text))
<BR><BR>[Stack]<UL><LI>Max Depth = 12<LI>Call Chain = SetSysClock
</UL>
<BR>[Called By]<UL><LI><a href="#[6f]">&gt;&gt;</a>&nbsp;&nbsp;&nbsp;SystemInit
</UL>

<P><STRONG><a name="[21b]"></a>TI4_Config</STRONG> (Thumb, 80 bytes, Stack size 20 bytes, stm32f4xx_tim.o(.text))
<BR><BR>[Stack]<UL><LI>Max Depth = 20<LI>Call Chain = TI4_Config
</UL>
<BR>[Called By]<UL><LI><a href="#[15c]">&gt;&gt;</a>&nbsp;&nbsp;&nbsp;TIM_ICInit
</UL>

<P><STRONG><a name="[21a]"></a>TI3_Config</STRONG> (Thumb, 72 bytes, Stack size 20 bytes, stm32f4xx_tim.o(.text))
<BR><BR>[Stack]<UL><LI>Max Depth = 20<LI>Call Chain = TI3_Config
</UL>
<BR>[Called By]<UL><LI><a href="#[15c]">&gt;&gt;</a>&nbsp;&nbsp;&nbsp;TIM_ICInit
</UL>

<P><STRONG><a name="[219]"></a>TI2_Config</STRONG> (Thumb, 80 bytes, Stack size 20 bytes, stm32f4xx_tim.o(.text))
<BR><BR>[Stack]<UL><LI>Max Depth = 20<LI>Call Chain = TI2_Config
</UL>
<BR>[Called By]<UL><LI><a href="#[15c]">&gt;&gt;</a>&nbsp;&nbsp;&nbsp;TIM_ICInit
<LI><a href="#[22b]">&gt;&gt;</a>&nbsp;&nbsp;&nbsp;TIM_TIxExternalClockConfig
<LI><a href="#[21c]">&gt;&gt;</a>&nbsp;&nbsp;&nbsp;TIM_PWMIConfig
</UL>

<P><STRONG><a name="[218]"></a>TI1_Config</STRONG> (Thumb, 58 bytes, Stack size 20 bytes, stm32f4xx_tim.o(.text))
<BR><BR>[Stack]<UL><LI>Max Depth = 20<LI>Call Chain = TI1_Config
</UL>
<BR>[Called By]<UL><LI><a href="#[15c]">&gt;&gt;</a>&nbsp;&nbsp;&nbsp;TIM_ICInit
<LI><a href="#[22b]">&gt;&gt;</a>&nbsp;&nbsp;&nbsp;TIM_TIxExternalClockConfig
<LI><a href="#[21c]">&gt;&gt;</a>&nbsp;&nbsp;&nbsp;TIM_PWMIConfig
</UL>

<P><STRONG><a name="[250]"></a>dwc2_flush_rxfifo</STRONG> (Thumb, 52 bytes, Stack size 8 bytes, usb_dc_dwc2.o(.text))
<BR><BR>[Stack]<UL><LI>Max Depth = 8<LI>Call Chain = dwc2_flush_rxfifo
</UL>
<BR>[Called By]<UL><LI><a href="#[56]">&gt;&gt;</a>&nbsp;&nbsp;&nbsp;OTG_FS_IRQHandler
<LI><a href="#[252]">&gt;&gt;</a>&nbsp;&nbsp;&nbsp;usb_dc_deinit
<LI><a href="#[24b]">&gt;&gt;</a>&nbsp;&nbsp;&nbsp;usb_dc_init
</UL>

<P><STRONG><a name="[24f]"></a>dwc2_flush_txfifo</STRONG> (Thumb, 58 bytes, Stack size 8 bytes, usb_dc_dwc2.o(.text))
<BR><BR>[Stack]<UL><LI>Max Depth = 8<LI>Call Chain = dwc2_flush_txfifo
</UL>
<BR>[Called By]<UL><LI><a href="#[56]">&gt;&gt;</a>&nbsp;&nbsp;&nbsp;OTG_FS_IRQHandler
<LI><a href="#[252]">&gt;&gt;</a>&nbsp;&nbsp;&nbsp;usb_dc_deinit
<LI><a href="#[24b]">&gt;&gt;</a>&nbsp;&nbsp;&nbsp;usb_dc_init
</UL>

<P><STRONG><a name="[25b]"></a>dwc2_set_turnaroundtime</STRONG> (Thumb, 202 bytes, Stack size 8 bytes, usb_dc_dwc2.o(.text))
<BR><BR>[Stack]<UL><LI>Max Depth = 8<LI>Call Chain = dwc2_set_turnaroundtime
</UL>
<BR>[Called By]<UL><LI><a href="#[56]">&gt;&gt;</a>&nbsp;&nbsp;&nbsp;OTG_FS_IRQHandler
</UL>

<P><STRONG><a name="[251]"></a>dwc2_set_txfifo</STRONG> (Thumb, 72 bytes, Stack size 16 bytes, usb_dc_dwc2.o(.text))
<BR><BR>[Stack]<UL><LI>Max Depth = 16<LI>Call Chain = dwc2_set_txfifo
</UL>
<BR>[Called By]<UL><LI><a href="#[24b]">&gt;&gt;</a>&nbsp;&nbsp;&nbsp;usb_dc_init
</UL>

<P><STRONG><a name="[25a]"></a>dwc2_get_devspeed</STRONG> (Thumb, 30 bytes, Stack size 0 bytes, usb_dc_dwc2.o(.text))
<BR><BR>[Called By]<UL><LI><a href="#[56]">&gt;&gt;</a>&nbsp;&nbsp;&nbsp;OTG_FS_IRQHandler
</UL>

<P><STRONG><a name="[255]"></a>dwc2_ep0_start_read_setup</STRONG> (Thumb, 38 bytes, Stack size 0 bytes, usb_dc_dwc2.o(.text))
<BR><BR>[Called By]<UL><LI><a href="#[56]">&gt;&gt;</a>&nbsp;&nbsp;&nbsp;OTG_FS_IRQHandler
</UL>

<P><STRONG><a name="[249]"></a>dwc2_tx_fifo_empty_procecss</STRONG> (Thumb, 296 bytes, Stack size 20 bytes, usb_dc_dwc2.o(.text))
<BR><BR>[Stack]<UL><LI>Max Depth = 40<LI>Call Chain = dwc2_tx_fifo_empty_procecss &rArr; dwc2_ep_write
</UL>
<BR>[Calls]<UL><LI><a href="#[24a]">&gt;&gt;</a>&nbsp;&nbsp;&nbsp;dwc2_ep_write
</UL>
<BR>[Called By]<UL><LI><a href="#[56]">&gt;&gt;</a>&nbsp;&nbsp;&nbsp;OTG_FS_IRQHandler
</UL>

<P><STRONG><a name="[24e]"></a>dwc2_core_init</STRONG> (Thumb, 136 bytes, Stack size 8 bytes, usb_dc_dwc2.o(.text))
<BR><BR>[Stack]<UL><LI>Max Depth = 8<LI>Call Chain = dwc2_core_init
</UL>
<BR>[Called By]<UL><LI><a href="#[24b]">&gt;&gt;</a>&nbsp;&nbsp;&nbsp;usb_dc_init
</UL>

<P><STRONG><a name="[71]"></a>cdc_acm_class_interface_request_handler</STRONG> (Thumb, 152 bytes, Stack size 48 bytes, usbd_cdc.o(.text))
<BR><BR>[Stack]<UL><LI>Max Depth = 60<LI>Call Chain = cdc_acm_class_interface_request_handler &rArr; memcmp
</UL>
<BR>[Calls]<UL><LI><a href="#[25d]">&gt;&gt;</a>&nbsp;&nbsp;&nbsp;memcmp
<LI><a href="#[82]">&gt;&gt;</a>&nbsp;&nbsp;&nbsp;__aeabi_memcpy
<LI><a href="#[25e]">&gt;&gt;</a>&nbsp;&nbsp;&nbsp;usbd_cdc_acm_set_line_coding
<LI><a href="#[25f]">&gt;&gt;</a>&nbsp;&nbsp;&nbsp;usbd_cdc_acm_set_dtr
<LI><a href="#[260]">&gt;&gt;</a>&nbsp;&nbsp;&nbsp;usbd_cdc_acm_set_rts
<LI><a href="#[25c]">&gt;&gt;</a>&nbsp;&nbsp;&nbsp;usbd_cdc_acm_get_line_coding
</UL>
<BR>[Address Reference Count : 1]<UL><LI> usbd_cdc.o(.text)
</UL>
<P><STRONG><a name="[274]"></a>usbd_print_setup</STRONG> (Thumb, 6 bytes, Stack size 0 bytes, usbd_core.o(.text))
<BR><BR>[Called By]<UL><LI><a href="#[273]">&gt;&gt;</a>&nbsp;&nbsp;&nbsp;usbd_setup_request_handler
</UL>

<P><STRONG><a name="[26d]"></a>is_device_configured</STRONG> (Thumb, 16 bytes, Stack size 0 bytes, usbd_core.o(.text))
<BR><BR>[Called By]<UL><LI><a href="#[26e]">&gt;&gt;</a>&nbsp;&nbsp;&nbsp;usbd_std_endpoint_req_handler
<LI><a href="#[26c]">&gt;&gt;</a>&nbsp;&nbsp;&nbsp;usbd_std_interface_req_handler
</UL>

<P><STRONG><a name="[261]"></a>usbd_set_endpoint</STRONG> (Thumb, 50 bytes, Stack size 16 bytes, usbd_core.o(.text))
<BR><BR>[Stack]<UL><LI>Max Depth = 28<LI>Call Chain = usbd_set_endpoint &rArr; usbd_ep_open
</UL>
<BR>[Calls]<UL><LI><a href="#[262]">&gt;&gt;</a>&nbsp;&nbsp;&nbsp;usbd_ep_open
</UL>
<BR>[Called By]<UL><LI><a href="#[267]">&gt;&gt;</a>&nbsp;&nbsp;&nbsp;usbd_set_interface
<LI><a href="#[266]">&gt;&gt;</a>&nbsp;&nbsp;&nbsp;usbd_set_configuration
</UL>

<P><STRONG><a name="[263]"></a>usbd_reset_endpoint</STRONG> (Thumb, 52 bytes, Stack size 16 bytes, usbd_core.o(.text))
<BR><BR>[Stack]<UL><LI>Max Depth = 24<LI>Call Chain = usbd_reset_endpoint &rArr; usbd_ep_close
</UL>
<BR>[Calls]<UL><LI><a href="#[264]">&gt;&gt;</a>&nbsp;&nbsp;&nbsp;usbd_ep_close
</UL>
<BR>[Called By]<UL><LI><a href="#[267]">&gt;&gt;</a>&nbsp;&nbsp;&nbsp;usbd_set_interface
</UL>

<P><STRONG><a name="[265]"></a>usbd_get_descriptor</STRONG> (Thumb, 238 bytes, Stack size 40 bytes, usbd_core.o(.text))
<BR><BR>[Stack]<UL><LI>Max Depth = 40<LI>Call Chain = usbd_get_descriptor
</UL>
<BR>[Calls]<UL><LI><a href="#[82]">&gt;&gt;</a>&nbsp;&nbsp;&nbsp;__aeabi_memcpy
</UL>
<BR>[Called By]<UL><LI><a href="#[26a]">&gt;&gt;</a>&nbsp;&nbsp;&nbsp;usbd_std_device_req_handler
</UL>

<P><STRONG><a name="[266]"></a>usbd_set_configuration</STRONG> (Thumb, 98 bytes, Stack size 32 bytes, usbd_core.o(.text))
<BR><BR>[Stack]<UL><LI>Max Depth = 60<LI>Call Chain = usbd_set_configuration &rArr; usbd_set_endpoint &rArr; usbd_ep_open
</UL>
<BR>[Calls]<UL><LI><a href="#[261]">&gt;&gt;</a>&nbsp;&nbsp;&nbsp;usbd_set_endpoint
</UL>
<BR>[Called By]<UL><LI><a href="#[26a]">&gt;&gt;</a>&nbsp;&nbsp;&nbsp;usbd_std_device_req_handler
</UL>

<P><STRONG><a name="[268]"></a>usbd_class_event_notify_handler</STRONG> (Thumb, 38 bytes, Stack size 24 bytes, usbd_core.o(.text))
<BR><BR>[Stack]<UL><LI>Max Depth = 24<LI>Call Chain = usbd_class_event_notify_handler
</UL>
<BR>[Called By]<UL><LI><a href="#[26a]">&gt;&gt;</a>&nbsp;&nbsp;&nbsp;usbd_std_device_req_handler
<LI><a href="#[267]">&gt;&gt;</a>&nbsp;&nbsp;&nbsp;usbd_set_interface
<LI><a href="#[259]">&gt;&gt;</a>&nbsp;&nbsp;&nbsp;usbd_event_reset_handler
</UL>

<P><STRONG><a name="[267]"></a>usbd_set_interface</STRONG> (Thumb, 118 bytes, Stack size 40 bytes, usbd_core.o(.text))
<BR><BR>[Stack]<UL><LI>Max Depth = 68<LI>Call Chain = usbd_set_interface &rArr; usbd_set_endpoint &rArr; usbd_ep_open
</UL>
<BR>[Calls]<UL><LI><a href="#[268]">&gt;&gt;</a>&nbsp;&nbsp;&nbsp;usbd_class_event_notify_handler
<LI><a href="#[263]">&gt;&gt;</a>&nbsp;&nbsp;&nbsp;usbd_reset_endpoint
<LI><a href="#[261]">&gt;&gt;</a>&nbsp;&nbsp;&nbsp;usbd_set_endpoint
</UL>
<BR>[Called By]<UL><LI><a href="#[26c]">&gt;&gt;</a>&nbsp;&nbsp;&nbsp;usbd_std_interface_req_handler
</UL>

<P><STRONG><a name="[26a]"></a>usbd_std_device_req_handler</STRONG> (Thumb, 204 bytes, Stack size 24 bytes, usbd_core.o(.text))
<BR><BR>[Stack]<UL><LI>Max Depth = 84<LI>Call Chain = usbd_std_device_req_handler &rArr; usbd_set_configuration &rArr; usbd_set_endpoint &rArr; usbd_ep_open
</UL>
<BR>[Calls]<UL><LI><a href="#[269]">&gt;&gt;</a>&nbsp;&nbsp;&nbsp;usbd_event_handler
<LI><a href="#[268]">&gt;&gt;</a>&nbsp;&nbsp;&nbsp;usbd_class_event_notify_handler
<LI><a href="#[266]">&gt;&gt;</a>&nbsp;&nbsp;&nbsp;usbd_set_configuration
<LI><a href="#[265]">&gt;&gt;</a>&nbsp;&nbsp;&nbsp;usbd_get_descriptor
<LI><a href="#[26b]">&gt;&gt;</a>&nbsp;&nbsp;&nbsp;usbd_set_address
</UL>
<BR>[Called By]<UL><LI><a href="#[271]">&gt;&gt;</a>&nbsp;&nbsp;&nbsp;usbd_standard_request_handler
</UL>

<P><STRONG><a name="[26c]"></a>usbd_std_interface_req_handler</STRONG> (Thumb, 200 bytes, Stack size 40 bytes, usbd_core.o(.text))
<BR><BR>[Stack]<UL><LI>Max Depth = 108<LI>Call Chain = usbd_std_interface_req_handler &rArr; usbd_set_interface &rArr; usbd_set_endpoint &rArr; usbd_ep_open
</UL>
<BR>[Calls]<UL><LI><a href="#[82]">&gt;&gt;</a>&nbsp;&nbsp;&nbsp;__aeabi_memcpy
<LI><a href="#[267]">&gt;&gt;</a>&nbsp;&nbsp;&nbsp;usbd_set_interface
<LI><a href="#[26d]">&gt;&gt;</a>&nbsp;&nbsp;&nbsp;is_device_configured
</UL>
<BR>[Called By]<UL><LI><a href="#[271]">&gt;&gt;</a>&nbsp;&nbsp;&nbsp;usbd_standard_request_handler
</UL>

<P><STRONG><a name="[26e]"></a>usbd_std_endpoint_req_handler</STRONG> (Thumb, 132 bytes, Stack size 24 bytes, usbd_core.o(.text))
<BR><BR>[Stack]<UL><LI>Max Depth = 24<LI>Call Chain = usbd_std_endpoint_req_handler
</UL>
<BR>[Calls]<UL><LI><a href="#[26d]">&gt;&gt;</a>&nbsp;&nbsp;&nbsp;is_device_configured
<LI><a href="#[26f]">&gt;&gt;</a>&nbsp;&nbsp;&nbsp;usbd_ep_clear_stall
<LI><a href="#[270]">&gt;&gt;</a>&nbsp;&nbsp;&nbsp;usbd_ep_set_stall
</UL>
<BR>[Called By]<UL><LI><a href="#[271]">&gt;&gt;</a>&nbsp;&nbsp;&nbsp;usbd_standard_request_handler
</UL>

<P><STRONG><a name="[271]"></a>usbd_standard_request_handler</STRONG> (Thumb, 98 bytes, Stack size 24 bytes, usbd_core.o(.text))
<BR><BR>[Stack]<UL><LI>Max Depth = 132<LI>Call Chain = usbd_standard_request_handler &rArr; usbd_std_interface_req_handler &rArr; usbd_set_interface &rArr; usbd_set_endpoint &rArr; usbd_ep_open
</UL>
<BR>[Calls]<UL><LI><a href="#[26e]">&gt;&gt;</a>&nbsp;&nbsp;&nbsp;usbd_std_endpoint_req_handler
<LI><a href="#[26c]">&gt;&gt;</a>&nbsp;&nbsp;&nbsp;usbd_std_interface_req_handler
<LI><a href="#[26a]">&gt;&gt;</a>&nbsp;&nbsp;&nbsp;usbd_std_device_req_handler
</UL>
<BR>[Called By]<UL><LI><a href="#[273]">&gt;&gt;</a>&nbsp;&nbsp;&nbsp;usbd_setup_request_handler
</UL>

<P><STRONG><a name="[275]"></a>usbd_class_request_handler</STRONG> (Thumb, 108 bytes, Stack size 24 bytes, usbd_core.o(.text))
<BR><BR>[Stack]<UL><LI>Max Depth = 24<LI>Call Chain = usbd_class_request_handler
</UL>
<BR>[Called By]<UL><LI><a href="#[273]">&gt;&gt;</a>&nbsp;&nbsp;&nbsp;usbd_setup_request_handler
</UL>

<P><STRONG><a name="[272]"></a>usbd_vendor_request_handler</STRONG> (Thumb, 232 bytes, Stack size 24 bytes, usbd_core.o(.text))
<BR><BR>[Stack]<UL><LI>Max Depth = 24<LI>Call Chain = usbd_vendor_request_handler
</UL>
<BR>[Calls]<UL><LI><a href="#[82]">&gt;&gt;</a>&nbsp;&nbsp;&nbsp;__aeabi_memcpy
</UL>
<BR>[Called By]<UL><LI><a href="#[273]">&gt;&gt;</a>&nbsp;&nbsp;&nbsp;usbd_setup_request_handler
</UL>

<P><STRONG><a name="[273]"></a>usbd_setup_request_handler</STRONG> (Thumb, 148 bytes, Stack size 16 bytes, usbd_core.o(.text))
<BR><BR>[Stack]<UL><LI>Max Depth = 148<LI>Call Chain = usbd_setup_request_handler &rArr; usbd_standard_request_handler &rArr; usbd_std_interface_req_handler &rArr; usbd_set_interface &rArr; usbd_set_endpoint &rArr; usbd_ep_open
</UL>
<BR>[Calls]<UL><LI><a href="#[272]">&gt;&gt;</a>&nbsp;&nbsp;&nbsp;usbd_vendor_request_handler
<LI><a href="#[275]">&gt;&gt;</a>&nbsp;&nbsp;&nbsp;usbd_class_request_handler
<LI><a href="#[271]">&gt;&gt;</a>&nbsp;&nbsp;&nbsp;usbd_standard_request_handler
<LI><a href="#[274]">&gt;&gt;</a>&nbsp;&nbsp;&nbsp;usbd_print_setup
</UL>
<BR>[Called By]<UL><LI><a href="#[27b]">&gt;&gt;</a>&nbsp;&nbsp;&nbsp;usbd_event_ep0_out_complete_handler
<LI><a href="#[257]">&gt;&gt;</a>&nbsp;&nbsp;&nbsp;usbd_event_ep0_setup_complete_handler
</UL>
<P>
<H3>
Undefined Global Symbols
</H3><HR></body></html>
