Component: ARM Compiler 5.06 update 5 (build 528) Tool: armlink [4d35e2]

==============================================================================

Section Cross References

    main.o(.text) refers to drv_bsp.o(.text) for All_Init
    main.o(.text) refers to ano_scheduler.o(.text) for Scheduler_Setup
    ano_scheduler.o(.text) refers to drv_buzzer.o(.text) for DrvBuzzerRunTask
    ano_scheduler.o(.text) refers to user_task.o(.text) for UserTask_OneKeyCmd
    ano_scheduler.o(.text) refers to drv_adc.o(.text) for DrvAdcCal
    ano_scheduler.o(.text) refers to anoptv8framefactory.o(.text) for AnoPTv8SendFrame0x0D
    ano_scheduler.o(.text) refers to drvina228.o(.text) for DrvIna228GetVals
    ano_scheduler.o(.text) refers to stm32f4xx_gpio.o(.text) for GPIO_ResetBits
    ano_scheduler.o(.text) refers to drv_sys.o(.text) for GetSysRunTimeMs
    ano_scheduler.o(.text) refers to drv_adc.o(.data) for AdcVal_BatCur
    ano_scheduler.o(.text) refers to ano_scheduler.o(.data) for _ledflag
    ano_scheduler.o(.data) refers to ano_scheduler.o(.text) for Loop_1000Hz
    datatransfer.o(.text) refers to memcpya.o(.text) for __aeabi_memcpy
    datatransfer.o(.text) refers to anoptv8framefactory.o(.text) for AnoPTv8SendBuf
    datatransfer.o(.text) refers to lx_extsensor.o(.bss) for ext_sens
    datatransfer.o(.text) refers to drv_bsp.o(.bss) for rc_in
    datatransfer.o(.text) refers to lx_lowlevelfunc.o(.bss) for rt_tar
    datatransfer.o(.text) refers to datatransfer.o(.constdata) for ASFInfo
    datatransfer.o(.text) refers to datatransfer.o(.bss) for ASFSta
    datatransfer.o(.text) refers to lx_fcstate.o(.bss) for fc_sta
    datatransfer.o(.text) refers to lx_lowlevelfunc.o(.data) for fc_vel
    lx_extsensor.o(.text) refers to datatransfer.o(.text) for AnoDTLxFrameSendTrigger
    lx_extsensor.o(.text) refers to drv_anoof.o(.bss) for ano_of
    lx_extsensor.o(.text) refers to lx_extsensor.o(.data) for of_alt_update_cnt
    lx_extsensor.o(.text) refers to lx_extsensor.o(.bss) for ext_sens
    lx_fcfunc.o(.text) refers to anoptv8cmd.o(.text) for AnoPTv8CmdSendIsInIdle
    lx_fcfunc.o(.text) refers to lx_fcstate.o(.bss) for fc_sta
    lx_fcfunc.o(.text) refers to lx_fcfunc.o(.data) for old_mode
    lx_fcstate.o(.text) refers to lx_fcfunc.o(.text) for FC_Unlock
    lx_fcstate.o(.text) refers to drv_bsp.o(.bss) for rc_in
    lx_fcstate.o(.text) refers to lx_fcstate.o(.data) for sti_fun
    lx_fcstate.o(.text) refers to lx_fcstate.o(.bss) for fc_sta
    lx_lowlevelfunc.o(.text) refers to lx_fcfunc.o(.text) for LX_Change_Mode
    lx_lowlevelfunc.o(.text) refers to ano_math.o(.text) for my_deadzone
    lx_lowlevelfunc.o(.text) refers to datatransfer.o(.text) for AnoDTLxFrameSendTrigger
    lx_lowlevelfunc.o(.text) refers to drv_pwmout.o(.text) for DrvMotorPWMSet
    lx_lowlevelfunc.o(.text) refers to drv_bsp.o(.text) for DrvRcInputTask
    lx_lowlevelfunc.o(.text) refers to drv_bsp.o(.bss) for rc_in
    lx_lowlevelfunc.o(.text) refers to drv_bsp.o(.data) for EmergencyStopESC
    lx_lowlevelfunc.o(.text) refers to lx_lowlevelfunc.o(.data) for mod_f
    lx_lowlevelfunc.o(.text) refers to lx_fcstate.o(.data) for sti_fun
    lx_lowlevelfunc.o(.text) refers to lx_lowlevelfunc.o(.bss) for rt_tar
    lx_lowlevelfunc.o(.text) refers to lx_fcstate.o(.bss) for fc_sta
    lx_lowlevelfunc.o(.text) refers to lx_fcstate.o(.text) for LX_FC_State_Task
    lx_lowlevelfunc.o(.text) refers to drv_anoof.o(.text) for AnoOF_Check_State
    lx_lowlevelfunc.o(.text) refers to drvanoof_ptv7.o(.text) for DrvAnoOFCheckState_ptv7
    lx_lowlevelfunc.o(.text) refers to drv_uart.o(.text) for DrvUartDataCheck
    lx_lowlevelfunc.o(.text) refers to drv_usb.o(.text) for DrvUsbRunTask1MS
    lx_lowlevelfunc.o(.text) refers to anoptv8exapi.o(.text) for AnoPTv8HwTrigger1ms
    lx_lowlevelfunc.o(.text) refers to drv_ubloxgps.o(.text) for GPS_Data_Prepare_Task
    lx_lowlevelfunc.o(.text) refers to lx_extsensor.o(.text) for LX_FC_EXT_Sensor_Task
    anoptv8exapi.o(.text) refers to drv_uart.o(.text) for DrvUart1SendBuf
    anoptv8exapi.o(.text) refers to drv_usb.o(.text) for DrvUsbCdcAddTxData
    anoptv8exapi.o(.text) refers to anoptv8run.o(.text) for AnoPTv8RunThread1ms
    anoptv8exapi.o(.text) refers to anoptv8par.o(.text) for AnoPTv8ParRegister
    anoptv8exapi.o(.text) refers to anoptv8framefactory.o(.text) for AnoPTv8SendStr
    anoptv8exapi.o(.text) refers to memcpya.o(.text) for __aeabi_memcpy4
    anoptv8exapi.o(.text) refers to drv_bsp.o(.text) for DrvSbusGetOneByte
    anoptv8exapi.o(.text) refers to anoptv8cmd.o(.text) for AnoPTv8CmdValCpy
    anoptv8exapi.o(.text) refers to datatransfer.o(.text) for AnoDTLxFrameAnl
    anoptv8exapi.o(.text) refers to drv_anoof.o(.text) for AnoOFFrameAnl
    anoptv8exapi.o(.text) refers to anoptv8exapi.o(.constdata) for _parInfoList
    anoptv8exapi.o(.text) refers to anoptv8exapi.o(.data) for testPar_u8
    anoptv8exapi.o(.constdata) refers to anoptv8exapi.o(.data) for testPar_u8
[...]
    AnoPTv8HwTrigger1ms                      0x08001033   Thumb Code     8  anoptv8exapi.o(.text)
    AnoPTv8HwRecvByte                        0x0800103b   Thumb Code    16  anoptv8exapi.o(.text)
    AnoPTv8HwParValRecvCallback              0x0800104b   Thumb Code     2  anoptv8exapi.o(.text)
    AnoPTv8HwParCmdRecvCallback              0x0800104d   Thumb Code     2  anoptv8exapi.o(.text)
    AnoPTv8ParInit                           0x0800104f   Thumb Code    28  anoptv8exapi.o(.text)
    testFun                                  0x0800106b   Thumb Code    62  anoptv8exapi.o(.text)
    testFun2                                 0x080010a9   Thumb Code   152  anoptv8exapi.o(.text)
    AnoPTv8CmdInit                           0x08001141   Thumb Code    32  anoptv8exapi.o(.text)
    AnoPTv8FrameAnl                          0x08001161   Thumb Code    60  anoptv8exapi.o(.text)
    AnoPTv8FrameExchange                     0x0800119d   Thumb Code   416  anoptv8exapi.o(.text)
    AnoPTv8RunThread1ms                      0x08001399   Thumb Code   268  anoptv8run.o(.text)
    AnoPTv8GetFreeTxBufIndex                 0x080014a5   Thumb Code   234  anoptv8run.o(.text)
    AnoPTv8RecvOneByte                       0x08001641   Thumb Code   250  anoptv8run.o(.text)
    AnoPTv8CmdGetCount                       0x08001749   Thumb Code     6  anoptv8cmd.o(.text)
    AnoPTv8CmdGetInfo                        0x0800174f   Thumb Code    24  anoptv8cmd.o(.text)
    AnoPTv8CmdFrameAnl                       0x08001767   Thumb Code   160  anoptv8cmd.o(.text)
    AnoPTv8CmdRegister                       0x08001807   Thumb Code    28  anoptv8cmd.o(.text)
    AnoPTv8CmdGetValsLength                  0x08001823   Thumb Code   112  anoptv8cmd.o(.text)
    AnoPTv8CmdValCpy                         0x08001893   Thumb Code   206  anoptv8cmd.o(.text)
    AnoPTv8CmdSendIsInIdle                   0x08001961   Thumb Code    14  anoptv8cmd.o(.text)
    AnoPTv8CmdSend                           0x0800196f   Thumb Code   284  anoptv8cmd.o(.text)
    AnoPTv8CmdRecvCheck                      0x08001a8b   Thumb Code    50  anoptv8cmd.o(.text)
    AnoPTv8CmdRunThread1ms                   0x08001abd   Thumb Code    80  anoptv8cmd.o(.text)
    AnoPTv8ParGetCount                       0x08001b25   Thumb Code     6  anoptv8par.o(.text)
    anoPTv8ParSetVal                         0x08001b2b   Thumb Code  1044  anoptv8par.o(.text)
    AnoPTv8ParFrameAnl                       0x08001f3f   Thumb Code   158  anoptv8par.o(.text)
    AnoPTv8ParCheckExist                     0x08001fdd   Thumb Code    38  anoptv8par.o(.text)
    AnoPTv8ParRegister                       0x08002003   Thumb Code    42  anoptv8par.o(.text)
    AnoPTv8ParGetInfo                        0x0800202d   Thumb Code    24  anoptv8par.o(.text)
    AnoPTv8ParCpyVal                         0x08002045   Thumb Code   270  anoptv8par.o(.text)
    AnoPTv8CalFrameCheck                     0x0800215d   Thumb Code    54  anoptv8framefactory.o(.text)
    AnoPTv8SendBuf                           0x08002193   Thumb Code   254  anoptv8framefactory.o(.text)
    AnoPTv8SendCheck                         0x08002291   Thumb Code   264  anoptv8framefactory.o(.text)
    AnoPTv8SendDevInfo                       0x08002399   Thumb Code   524  anoptv8framefactory.o(.text)
    AnoPTv8SendStr                           0x080025a5   Thumb Code   264  anoptv8framefactory.o(.text)
    AnoPTv8SendValStr                        0x080026ad   Thumb Code   356  anoptv8framefactory.o(.text)
    AnoPTv8SendParNum                        0x08002811   Thumb Code   266  anoptv8framefactory.o(.text)
    AnoPTv8SendParVal                        0x0800291b   Thumb Code   282  anoptv8framefactory.o(.text)
    AnoPTv8SendParInfo                       0x08002a35   Thumb Code   410  anoptv8framefactory.o(.text)
    AnoPTv8SendCmdNum                        0x08002bcf   Thumb Code   266  anoptv8framefactory.o(.text)
    AnoPTv8SendCmdInfo                       0x08002cd9   Thumb Code   486  anoptv8framefactory.o(.text)
    AnoPTv8SendFrame0x0D                     0x08002ebf   Thumb Code   260  anoptv8framefactory.o(.text)
    DrvRcInputInit                           0x08002fcd   Thumb Code    20  drv_bsp.o(.text)
    All_Init                                 0x08002fe1   Thumb Code   134  drv_bsp.o(.text)
    DrvPpmGetOneCh                           0x08003067   Thumb Code    92  drv_bsp.o(.text)
    DrvSbusGetOneByte                        0x080030c3   Thumb Code   444  drv_bsp.o(.text)
    DrvRcInputTask                           0x0800333b   Thumb Code   370  drv_bsp.o(.text)
    my_abs                                   0x080034b9   Thumb Code    26  ano_math.o(.text)
    fast_atan2                               0x080034d3   Thumb Code   350  ano_math.o(.text)
    my_atan                                  0x08003631   Thumb Code    24  ano_math.o(.text)
    my_sqrt_reciprocal                       0x08003649   Thumb Code    76  ano_math.o(.text)
    my_sqrt                                  0x08003695   Thumb Code    20  ano_math.o(.text)
    mx_sin                                   0x080036a9   Thumb Code   292  ano_math.o(.text)
    my_sin                                   0x080037cd   Thumb Code   108  ano_math.o(.text)
    my_cos                                   0x08003839   Thumb Code   136  ano_math.o(.text)
    my_deadzone                              0x080038c1   Thumb Code   152  ano_math.o(.text)
    my_deadzone_2                            0x08003959   Thumb Code    48  ano_math.o(.text)
    my_HPF                                   0x08003989   Thumb Code   346  ano_math.o(.text)
    To_180_degrees_db                        0x08003ae3   Thumb Code   108  ano_math.o(.text)
    length_limit                             0x08003b4f   Thumb Code   140  ano_math.o(.text)
    fifo                                     0x08003bdb   Thumb Code    42  ano_math.o(.text)
    rot_vec_2                                0x08003c05   Thumb Code    84  ano_math.o(.text)
    vec_2_cross_product                      0x08003c59   Thumb Code    26  ano_math.o(.text)
    vec_2_dot_product                        0x08003c73   Thumb Code    26  ano_math.o(.text)
    vec_3_cross_product_err_sinx             0x08003c8d   Thumb Code    86  ano_math.o(.text)
    vec_3_dot_product                        0x08003ce3   Thumb Code    38  ano_math.o(.text)
    AnoOF_Check_State                        0x08003d35   Thumb Code   180  drv_anoof.o(.text)
    AnoOFFrameAnl                            0x08003de9   Thumb Code   302  drv_anoof.o(.text)
    GPS_Data_Prepare_Task                    0x08003f2d   Thumb Code   404  drv_ubloxgps.o(.text)
    GPS_Rate_H                               0x080040c1   Thumb Code    12  drv_ubloxgps.o(.text)
    GPS_Rate_L                               0x080040cd   Thumb Code    12  drv_ubloxgps.o(.text)
    Init_GPS                                 0x080040d9   Thumb Code   276  drv_ubloxgps.o(.text)
    UBLOX_M8_GPS_Data_Receive                0x080041ed   Thumb Code   596  drv_ubloxgps.o(.text)
    DrvAnoOFCheckState_ptv7                  0x0800445d   Thumb Code   180  drvanoof_ptv7.o(.text)
    DrvAnoOFGetOneByte_ptv7                  0x0800467d   Thumb Code   254  drvanoof_ptv7.o(.text)
    ina228ReadReg16                          0x080047a1   Thumb Code    38  drvina228.o(.text)
    ina228WriteReg16                         0x080047c7   Thumb Code    32  drvina228.o(.text)
    DrvIna228_Reset                          0x080047e7   Thumb Code    20  drvina228.o(.text)
    ina228_ReadShuntVoltage                  0x080047fb   Thumb Code   106  drvina228.o(.text)
    ina228_ReadBusVoltage                    0x08004865   Thumb Code    54  drvina228.o(.text)
    ina228_ReadCurrent                       0x0800489b   Thumb Code    86  drvina228.o(.text)
    ina228_ReadPower                         0x080048f1   Thumb Code    70  drvina228.o(.text)
    DrvIna228Init                            0x08004937   Thumb Code   116  drvina228.o(.text)
    DrvIna228GetVals                         0x080049ab   Thumb Code    24  drvina228.o(.text)
    NMI_Handler                              0x08004a01   Thumb Code     2  stm32f4xx_it.o(.text)
    MemManage_Handler                        0x08004a03   Thumb Code     4  stm32f4xx_it.o(.text)
    BusFault_Handler                         0x08004a07   Thumb Code     4  stm32f4xx_it.o(.text)
    UsageFault_Handler                       0x08004a0b   Thumb Code     4  stm32f4xx_it.o(.text)
    SVC_Handler                              0x08004a0f   Thumb Code     2  stm32f4xx_it.o(.text)
    DebugMon_Handler                         0x08004a11   Thumb Code     2  stm32f4xx_it.o(.text)
    EXTI9_5_IRQHandler                       0x08004a13   Thumb Code    18  stm32f4xx_it.o(.text)
    TIM3_IRQHandler                          0x08004a25   Thumb Code     8  stm32f4xx_it.o(.text)
    TIM4_IRQHandler                          0x08004a2d   Thumb Code     2  stm32f4xx_it.o(.text)
    TIM7_IRQHandler                          0x08004a2f   Thumb Code    26  stm32f4xx_it.o(.text)
    USART1_IRQHandler                        0x08004a49   Thumb Code     8  stm32f4xx_it.o(.text)
    USART2_IRQHandler                        0x08004a51   Thumb Code     8  stm32f4xx_it.o(.text)
    USART3_IRQHandler                        0x08004a59   Thumb Code     8  stm32f4xx_it.o(.text)
    UART4_IRQHandler                         0x08004a61   Thumb Code     8  stm32f4xx_it.o(.text)
    UART5_IRQHandler                         0x08004a69   Thumb Code     8  stm32f4xx_it.o(.text)
    UART7_IRQHandler                         0x08004a71   Thumb Code     8  stm32f4xx_it.o(.text)
    UART8_IRQHandler                         0x08004a79   Thumb Code     8  stm32f4xx_it.o(.text)
    USART6_IRQHandler                        0x08004a81   Thumb Code     8  stm32f4xx_it.o(.text)
    SysTick_Init                             0x08004a8d   Thumb Code    98  drv_sys.o(.text)
    SysTick_Handler                          0x08004aef   Thumb Code    20  drv_sys.o(.text)
    GetSysRunTimeMs                          0x08004b03   Thumb Code     6  drv_sys.o(.text)
    GetSysRunTimeUs                          0x08004b09   Thumb Code    62  drv_sys.o(.text)
    MyDelayUs                                0x08004b47   Thumb Code    24  drv_sys.o(.text)
    MyDelayMs                                0x08004b5f   Thumb Code    24  drv_sys.o(.text)
    DrvSysInit                               0x08004b77   Thumb Code    16  drv_sys.o(.text)
    UsbPortCtlInit                           0x08004b87   Thumb Code    62  drv_sys.o(.text)
    UsbPortCtl                               0x08004bc5   Thumb Code    30  drv_sys.o(.text)
    DvrLedInit                               0x08004bf5   Thumb Code    62  drv_led.o(.text)
    TIM_CONF                                 0x08004c39   Thumb Code    80  drv_timer.o(.text)
    TIM_NVIC                                 0x08004c89   Thumb Code    32  drv_timer.o(.text)
    DrvTimerFcInit                           0x08004ca9   Thumb Code    24  drv_timer.o(.text)
    NoUse                                    0x08004cc5   Thumb Code     2  drv_uart.o(.text)
    DrvUart1Init                             0x08004cc7   Thumb Code   246  drv_uart.o(.text)
    DrvUart1SendBuf                          0x08004dbd   Thumb Code    74  drv_uart.o(.text)
    drvU1GetByte                             0x08004e07   Thumb Code    30  drv_uart.o(.text)
    drvU1DataCheck                           0x08004e25   Thumb Code    52  drv_uart.o(.text)
    Usart1_IRQ                               0x08004e59   Thumb Code   124  drv_uart.o(.text)
    DrvUart2Init                             0x08004ed5   Thumb Code   240  drv_uart.o(.text)
    DrvUart2SendBuf                          0x08004fc5   Thumb Code    76  drv_uart.o(.text)
    drvU2GetByte                             0x08005011   Thumb Code    30  drv_uart.o(.text)
    drvU2DataCheck                           0x0800502f   Thumb Code    52  drv_uart.o(.text)
    Usart2_IRQ                               0x08005063   Thumb Code   198  drv_uart.o(.text)
    DrvUart3Init                             0x08005129   Thumb Code   244  drv_uart.o(.text)
    DrvUart3SendBuf                          0x0800521d   Thumb Code    76  drv_uart.o(.text)
    drvU3GetByte                             0x08005269   Thumb Code    32  drv_uart.o(.text)
    drvU3DataCheck                           0x08005289   Thumb Code    54  drv_uart.o(.text)
    Usart3_IRQ                               0x080052bf   Thumb Code   134  drv_uart.o(.text)
    DrvUart4Init                             0x08005345   Thumb Code   206  drv_uart.o(.text)
    DrvUart4SendBuf                          0x08005413   Thumb Code    76  drv_uart.o(.text)
    drvU4GetByte                             0x0800545f   Thumb Code    32  drv_uart.o(.text)
    drvU4DataCheck                           0x0800547f   Thumb Code    54  drv_uart.o(.text)
    Uart4_IRQ                                0x080054b5   Thumb Code   200  drv_uart.o(.text)
    DrvUart5Init                             0x0800557d   Thumb Code   220  drv_uart.o(.text)
    DrvUart5SendBuf                          0x08005659   Thumb Code    74  drv_uart.o(.text)
    drvU5GetByte                             0x080056a3   Thumb Code    32  drv_uart.o(.text)
    drvU5DataCheck                           0x080056c3   Thumb Code    54  drv_uart.o(.text)
    Uart5_IRQ                                0x080056f9   Thumb Code   124  drv_uart.o(.text)
    DrvUart7Init                             0x08005775   Thumb Code   210  drv_uart.o(.text)
    DrvUart7SendBuf                          0x08005847   Thumb Code    76  drv_uart.o(.text)
    drvU7GetByte                             0x08005893   Thumb Code    32  drv_uart.o(.text)
    drvU7DataCheck                           0x080058b3   Thumb Code    54  drv_uart.o(.text)
    Uart7_IRQ                                0x080058e9   Thumb Code   134  drv_uart.o(.text)
    DrvUart8Init                             0x0800596f   Thumb Code   276  drv_uart.o(.text)
    DrvUart8SendBuf                          0x08005a83   Thumb Code    76  drv_uart.o(.text)
    drvU8GetByte                             0x08005acf   Thumb Code    32  drv_uart.o(.text)
    drvU8DataCheck                           0x08005aef   Thumb Code    54  drv_uart.o(.text)
    Uart8_IRQ                                0x08005b25   Thumb Code   134  drv_uart.o(.text)
    DrvUartDataCheck                         0x08005bab   Thumb Code    32  drv_uart.o(.text)
    DrvPwmOutInit                            0x08005bed   Thumb Code   742  drv_pwmout.o(.text)
    DrvMotorPWMSet                           0x08005ed3   Thumb Code   154  drv_pwmout.o(.text)
    DrvRcPpmInit                             0x08005f95   Thumb Code   176  drv_rcin.o(.text)
    PPM_IRQH                                 0x08006045   Thumb Code    82  drv_rcin.o(.text)
    DrvRcSbusInit                            0x08006097   Thumb Code   166  drv_rcin.o(.text)
    Sbus_IRQH                                0x0800613d   Thumb Code    40  drv_rcin.o(.text)
    DrvRcCrsfInit                            0x08006165   Thumb Code     2  drv_rcin.o(.text)
    DrvRcCrsfRxOneByte                       0x080061a1   Thumb Code   398  drv_rcin.o(.text)
    usbd_configure_done_callback             0x08006355   Thumb Code    20  drv_usb.o(.text)
    usbd_cdc_acm_bulk_out                    0x08006369   Thumb Code    38  drv_usb.o(.text)
    usbd_cdc_acm_bulk_in                     0x0800638f   Thumb Code    34  drv_usb.o(.text)
    usb_bsp_inti                             0x080063b1   Thumb Code   244  drv_usb.o(.text)
    DrvUsbInit                               0x080064a5   Thumb Code    54  drv_usb.o(.text)
    DrvUsbCdcAddTxData                       0x080064db   Thumb Code    50  drv_usb.o(.text)
    DrvUsbRunTask1MS                         0x0800650d   Thumb Code   170  drv_usb.o(.text)
    DrvAdcInit                               0x080065f1   Thumb Code   354  drv_adc.o(.text)
    DrvAdcCal                                0x08006753   Thumb Code    78  drv_adc.o(.text)
    DrvBuzzerInit                            0x080067e7   Thumb Code    34  drv_buzzer.o(.text)
    DrvBuzzerCtl                             0x08006809   Thumb Code    12  drv_buzzer.o(.text)
    DrvBuzzerRunTask                         0x0800691b   Thumb Code    86  drv_buzzer.o(.text)
    DrvBuzzerAdvCtl1                         0x08006971   Thumb Code    38  drv_buzzer.o(.text)
    DrvBuzzerAdvCtl2                         0x08006997   Thumb Code    44  drv_buzzer.o(.text)
    DrvBuzzerAdvCtlOK                        0x080069c3   Thumb Code    14  drv_buzzer.o(.text)
    DrvBuzzerAdvCtlERR                       0x080069d1   Thumb Code    24  drv_buzzer.o(.text)
    DrvSI2cInit                              0x08006b17   Thumb Code    88  drv_si2c.o(.text)
    DrvSI2c_Write1Byte                       0x08006d55   Thumb Code    74  drv_si2c.o(.text)
    DrvSI2c_Read1Byte                        0x08006d9f   Thumb Code    94  drv_si2c.o(.text)
    DrvSI2c_WriteNByte                       0x08006dfd   Thumb Code    90  drv_si2c.o(.text)
    DrvSI2c_ReadNByte                        0x08006e57   Thumb Code   118  drv_si2c.o(.text)
    SystemInit                               0x08006fed   Thumb Code    88  system_stm32f4xx.o(.text)
    SystemCoreClockUpdate                    0x08007045   Thumb Code   174  system_stm32f4xx.o(.text)
    NVIC_PriorityGroupConfig                 0x08007121   Thumb Code    54  misc.o(.text)
    NVIC_Init                                0x08007157   Thumb Code   164  misc.o(.text)
    NVIC_SetVectorTable                      0x080071fb   Thumb Code    60  misc.o(.text)
    NVIC_SystemLPConfig                      0x08007237   Thumb Code    78  misc.o(.text)
    SysTick_CLKSourceConfig                  0x08007285   Thumb Code    62  misc.o(.text)
    ADC_DeInit                               0x080072e1   Thumb Code    22  stm32f4xx_adc.o(.text)
    ADC_Init                                 0x080072f7   Thumb Code   402  stm32f4xx_adc.o(.text)
    ADC_StructInit                           0x08007489   Thumb Code    20  stm32f4xx_adc.o(.text)
    ADC_CommonInit                           0x0800749d   Thumb Code   342  stm32f4xx_adc.o(.text)
    ADC_CommonStructInit                     0x080075f3   Thumb Code    12  stm32f4xx_adc.o(.text)
    ADC_Cmd                                  0x080075ff   Thumb Code    76  stm32f4xx_adc.o(.text)
    ADC_AnalogWatchdogCmd                    0x0800764b   Thumb Code   102  stm32f4xx_adc.o(.text)
    ADC_AnalogWatchdogThresholdsConfig       0x080076b1   Thumb Code   126  stm32f4xx_adc.o(.text)
    ADC_AnalogWatchdogSingleChannelConfig    0x0800772f   Thumb Code   136  stm32f4xx_adc.o(.text)
    ADC_TempSensorVrefintCmd                 0x080077b7   Thumb Code    56  stm32f4xx_adc.o(.text)
    ADC_VBATCmd                              0x080077ef   Thumb Code    56  stm32f4xx_adc.o(.text)
    ADC_RegularChannelConfig                 0x08007827   Thumb Code   408  stm32f4xx_adc.o(.text)
    ADC_SoftwareStartConv                    0x080079bf   Thumb Code    44  stm32f4xx_adc.o(.text)
    ADC_GetSoftwareStartConvStatus           0x080079eb   Thumb Code    54  stm32f4xx_adc.o(.text)
    ADC_EOCOnEachRegularChannelCmd           0x08007a21   Thumb Code    76  stm32f4xx_adc.o(.text)
    ADC_ContinuousModeCmd                    0x08007a6d   Thumb Code    76  stm32f4xx_adc.o(.text)
    ADC_DiscModeChannelCountConfig           0x08007ab9   Thumb Code   100  stm32f4xx_adc.o(.text)
    ADC_DiscModeCmd                          0x08007b1d   Thumb Code    76  stm32f4xx_adc.o(.text)
    ADC_GetConversionValue                   0x08007b69   Thumb Code    40  stm32f4xx_adc.o(.text)
    ADC_GetMultiModeConversionValue          0x08007b91   Thumb Code     6  stm32f4xx_adc.o(.text)
    ADC_DMACmd                               0x08007b97   Thumb Code    76  stm32f4xx_adc.o(.text)
    ADC_DMARequestAfterLastTransferCmd       0x08007be3   Thumb Code    76  stm32f4xx_adc.o(.text)
    ADC_MultiModeDMARequestAfterLastTransferCmd 0x08007c2f   Thumb Code    60  stm32f4xx_adc.o(.text)
    ADC_InjectedChannelConfig                0x08007c6b   Thumb Code   332  stm32f4xx_adc.o(.text)
    ADC_InjectedSequencerLengthConfig        0x08007db7   Thumb Code    80  stm32f4xx_adc.o(.text)
    ADC_SetInjectedOffset                    0x08007e07   Thumb Code   102  stm32f4xx_adc.o(.text)
    ADC_ExternalTrigInjectedConvConfig       0x08007e6d   Thumb Code   176  stm32f4xx_adc.o(.text)
    ADC_ExternalTrigInjectedConvEdgeConfig   0x08007f1d   Thumb Code    82  stm32f4xx_adc.o(.text)
    ADC_SoftwareStartInjectedConv            0x08007f6f   Thumb Code    44  stm32f4xx_adc.o(.text)
    ADC_GetSoftwareStartInjectedConvCmdStatus 0x08007f9b   Thumb Code    54  stm32f4xx_adc.o(.text)
    ADC_AutoInjectedConvCmd                  0x08007fd1   Thumb Code    76  stm32f4xx_adc.o(.text)
    ADC_InjectedDiscModeCmd                  0x0800801d   Thumb Code    76  stm32f4xx_adc.o(.text)
    ADC_GetInjectedConversionValue           0x08008069   Thumb Code    88  stm32f4xx_adc.o(.text)
    ADC_ITConfig                             0x080080c1   Thumb Code   130  stm32f4xx_adc.o(.text)
    ADC_GetFlagStatus                        0x08008143   Thumb Code    90  stm32f4xx_adc.o(.text)
    ADC_ClearFlag                            0x0800819d   Thumb Code    62  stm32f4xx_adc.o(.text)
    ADC_GetITStatus                          0x080081db   Thumb Code   122  stm32f4xx_adc.o(.text)
    ADC_ClearITPendingBit                    0x08008255   Thumb Code    88  stm32f4xx_adc.o(.text)
    DMA_DeInit                               0x080082bd   Thumb Code   462  stm32f4xx_dma.o(.text)
    DMA_Init                                 0x0800848b   Thumb Code   684  stm32f4xx_dma.o(.text)
    DMA_StructInit                           0x08008737   Thumb Code    34  stm32f4xx_dma.o(.text)
    DMA_Cmd                                  0x08008759   Thumb Code   182  stm32f4xx_dma.o(.text)
    DMA_PeriphIncOffsetSizeConfig            0x0800880f   Thumb Code   184  stm32f4xx_dma.o(.text)
    DMA_FlowControllerConfig                 0x080088c7   Thumb Code   182  stm32f4xx_dma.o(.text)
    DMA_SetCurrDataCounter                   0x0800897d   Thumb Code   146  stm32f4xx_dma.o(.text)
    DMA_GetCurrDataCounter                   0x08008a0f   Thumb Code   146  stm32f4xx_dma.o(.text)
    DMA_DoubleBufferModeConfig               0x08008aa1   Thumb Code   204  stm32f4xx_dma.o(.text)
    DMA_DoubleBufferModeCmd                  0x08008b6d   Thumb Code   182  stm32f4xx_dma.o(.text)
    DMA_MemoryTargetConfig                   0x08008c23   Thumb Code   174  stm32f4xx_dma.o(.text)
    DMA_GetCurrentMemoryTarget               0x08008cd1   Thumb Code   160  stm32f4xx_dma.o(.text)
    DMA_GetCmdStatus                         0x08008d71   Thumb Code   160  stm32f4xx_dma.o(.text)
    DMA_GetFIFOStatus                        0x08008e11   Thumb Code   152  stm32f4xx_dma.o(.text)
    DMA_GetFlagStatus                        0x08008ea9   Thumb Code   486  stm32f4xx_dma.o(.text)
    DMA_ClearFlag                            0x0800908f   Thumb Code   216  stm32f4xx_dma.o(.text)
    DMA_ITConfig                             0x08009167   Thumb Code   238  stm32f4xx_dma.o(.text)
    DMA_GetITStatus                          0x08009255   Thumb Code   590  stm32f4xx_dma.o(.text)
    DMA_ClearITPendingBit                    0x080094a3   Thumb Code   216  stm32f4xx_dma.o(.text)
    EXTI_DeInit                              0x08009625   Thumb Code    28  stm32f4xx_exti.o(.text)
    EXTI_Init                                0x08009641   Thumb Code   236  stm32f4xx_exti.o(.text)
    EXTI_StructInit                          0x0800972d   Thumb Code    16  stm32f4xx_exti.o(.text)
    EXTI_GenerateSWInterrupt                 0x0800973d   Thumb Code    38  stm32f4xx_exti.o(.text)
    EXTI_GetFlagStatus                       0x08009763   Thumb Code   164  stm32f4xx_exti.o(.text)
    EXTI_ClearFlag                           0x08009807   Thumb Code    30  stm32f4xx_exti.o(.text)
    EXTI_GetITStatus                         0x08009825   Thumb Code   166  stm32f4xx_exti.o(.text)
    EXTI_ClearITPendingBit                   0x080098cb   Thumb Code    32  stm32f4xx_exti.o(.text)
    GPIO_DeInit                              0x080098f9   Thumb Code   344  stm32f4xx_gpio.o(.text)
    GPIO_Init                                0x08009a51   Thumb Code   352  stm32f4xx_gpio.o(.text)
    GPIO_StructInit                          0x08009bb1   Thumb Code    18  stm32f4xx_gpio.o(.text)
    GPIO_PinLockConfig                       0x08009bc3   Thumb Code   132  stm32f4xx_gpio.o(.text)
    GPIO_ReadInputDataBit                    0x08009c47   Thumb Code   244  stm32f4xx_gpio.o(.text)
    GPIO_ReadInputData                       0x08009d3b   Thumb Code    88  stm32f4xx_gpio.o(.text)
    GPIO_ReadOutputDataBit                   0x08009d93   Thumb Code   194  stm32f4xx_gpio.o(.text)
    GPIO_ReadOutputData                      0x08009e55   Thumb Code    88  stm32f4xx_gpio.o(.text)
    GPIO_SetBits                             0x08009ead   Thumb Code   104  stm32f4xx_gpio.o(.text)
    GPIO_ResetBits                           0x08009f15   Thumb Code   104  stm32f4xx_gpio.o(.text)
    GPIO_WriteBit                            0x08009f7d   Thumb Code   206  stm32f4xx_gpio.o(.text)
    GPIO_Write                               0x0800a04b   Thumb Code    88  stm32f4xx_gpio.o(.text)
    GPIO_ToggleBits                          0x0800a0a3   Thumb Code    92  stm32f4xx_gpio.o(.text)
    GPIO_PinAFConfig                         0x0800a0ff   Thumb Code   428  stm32f4xx_gpio.o(.text)
    RCC_DeInit                               0x0800a2d1   Thumb Code    82  stm32f4xx_rcc.o(.text)
    RCC_HSEConfig                            0x0800a323   Thumb Code    40  stm32f4xx_rcc.o(.text)
    RCC_GetFlagStatus                        0x0800a34b   Thumb Code   134  stm32f4xx_rcc.o(.text)
    RCC_WaitForHSEStartUp                    0x0800a3d1   Thumb Code    56  stm32f4xx_rcc.o(.text)
    RCC_AdjustHSICalibrationValue            0x0800a409   Thumb Code    38  stm32f4xx_rcc.o(.text)
    RCC_HSICmd                               0x0800a42f   Thumb Code    28  stm32f4xx_rcc.o(.text)
    RCC_LSEConfig                            0x0800a44b   Thumb Code    72  stm32f4xx_rcc.o(.text)
    RCC_LSICmd                               0x0800a493   Thumb Code    28  stm32f4xx_rcc.o(.text)
    RCC_PLLConfig                            0x0800a4af   Thumb Code   156  stm32f4xx_rcc.o(.text)
    RCC_PLLCmd                               0x0800a54b   Thumb Code    28  stm32f4xx_rcc.o(.text)
    RCC_PLLI2SConfig                         0x0800a567   Thumb Code    88  stm32f4xx_rcc.o(.text)
    RCC_PLLI2SCmd                            0x0800a5bf   Thumb Code    28  stm32f4xx_rcc.o(.text)
    RCC_PLLSAIConfig                         0x0800a5db   Thumb Code    88  stm32f4xx_rcc.o(.text)
    RCC_PLLSAICmd                            0x0800a633   Thumb Code    28  stm32f4xx_rcc.o(.text)
    RCC_ClockSecuritySystemCmd               0x0800a64f   Thumb Code    28  stm32f4xx_rcc.o(.text)
    RCC_MCO1Config                           0x0800a66b   Thumb Code   128  stm32f4xx_rcc.o(.text)
    RCC_MCO2Config                           0x0800a6eb   Thumb Code    98  stm32f4xx_rcc.o(.text)
    RCC_SYSCLKConfig                         0x0800a74d   Thumb Code    42  stm32f4xx_rcc.o(.text)
    RCC_GetSYSCLKSource                      0x0800a777   Thumb Code    10  stm32f4xx_rcc.o(.text)
    RCC_HCLKConfig                           0x0800a781   Thumb Code    66  stm32f4xx_rcc.o(.text)
    RCC_PCLK1Config                          0x0800a7c3   Thumb Code    58  stm32f4xx_rcc.o(.text)
    RCC_PCLK2Config                          0x0800a7fd   Thumb Code    60  stm32f4xx_rcc.o(.text)
    RCC_GetClocksFreq                        0x0800a839   Thumb Code   214  stm32f4xx_rcc.o(.text)
    RCC_RTCCLKConfig                         0x0800a90f   Thumb Code   260  stm32f4xx_rcc.o(.text)
    RCC_RTCCLKCmd                            0x0800aa13   Thumb Code    28  stm32f4xx_rcc.o(.text)
    RCC_BackupResetCmd                       0x0800aa2f   Thumb Code    30  stm32f4xx_rcc.o(.text)
    RCC_I2SCLKConfig                         0x0800aa4d   Thumb Code    28  stm32f4xx_rcc.o(.text)
    RCC_SAIBlockACLKConfig                   0x0800aa69   Thumb Code    48  stm32f4xx_rcc.o(.text)
    RCC_SAIBlockBCLKConfig                   0x0800aa99   Thumb Code   200  stm32f4xx_rcc.o(.text)
    RCC_SAIPLLI2SClkDivConfig                0x0800ab61   Thumb Code    44  stm32f4xx_rcc.o(.text)
    RCC_SAIPLLSAIClkDivConfig                0x0800ab8d   Thumb Code    46  stm32f4xx_rcc.o(.text)
    RCC_LTDCCLKDivConfig                     0x0800abbb   Thumb Code    52  stm32f4xx_rcc.o(.text)
    RCC_TIMCLKPresConfig                     0x0800abef   Thumb Code    28  stm32f4xx_rcc.o(.text)
    RCC_AHB1PeriphClockCmd                   0x0800ac0b   Thumb Code    78  stm32f4xx_rcc.o(.text)
    RCC_AHB2PeriphClockCmd                   0x0800ac59   Thumb Code    78  stm32f4xx_rcc.o(.text)
    RCC_AHB3PeriphClockCmd                   0x0800aca7   Thumb Code    78  stm32f4xx_rcc.o(.text)
    RCC_APB1PeriphClockCmd                   0x0800acf5   Thumb Code    78  stm32f4xx_rcc.o(.text)
    RCC_APB2PeriphClockCmd                   0x0800ad43   Thumb Code    78  stm32f4xx_rcc.o(.text)
    RCC_AHB1PeriphResetCmd                   0x0800ad91   Thumb Code    78  stm32f4xx_rcc.o(.text)
    RCC_AHB2PeriphResetCmd                   0x0800addf   Thumb Code    78  stm32f4xx_rcc.o(.text)
    RCC_AHB3PeriphResetCmd                   0x0800ae2d   Thumb Code    78  stm32f4xx_rcc.o(.text)
    RCC_APB1PeriphResetCmd                   0x0800ae7b   Thumb Code    78  stm32f4xx_rcc.o(.text)
    RCC_APB2PeriphResetCmd                   0x0800aec9   Thumb Code    78  stm32f4xx_rcc.o(.text)
    RCC_AHB1PeriphClockLPModeCmd             0x0800af17   Thumb Code   102  stm32f4xx_rcc.o(.text)
    RCC_AHB2PeriphClockLPModeCmd             0x0800af7d   Thumb Code    78  stm32f4xx_rcc.o(.text)
    RCC_AHB3PeriphClockLPModeCmd             0x0800afcb   Thumb Code    78  stm32f4xx_rcc.o(.text)
    RCC_APB1PeriphClockLPModeCmd             0x0800b019   Thumb Code    78  stm32f4xx_rcc.o(.text)
    RCC_APB2PeriphClockLPModeCmd             0x0800b067   Thumb Code    78  stm32f4xx_rcc.o(.text)
    RCC_LSEModeConfig                        0x0800b0b5   Thumb Code    62  stm32f4xx_rcc.o(.text)
    RCC_ITConfig                             0x0800b0f3   Thumb Code    78  stm32f4xx_rcc.o(.text)
    RCC_ClearFlag                            0x0800b141   Thumb Code    18  stm32f4xx_rcc.o(.text)
    RCC_GetITStatus                          0x0800b153   Thumb Code    70  stm32f4xx_rcc.o(.text)
    RCC_ClearITPendingBit                    0x0800b199   Thumb Code    26  stm32f4xx_rcc.o(.text)
    TIM_DeInit                               0x0800b1c1   Thumb Code   440  stm32f4xx_tim.o(.text)
    TIM_TimeBaseInit                         0x0800b379   Thumb Code   278  stm32f4xx_tim.o(.text)
    TIM_TimeBaseStructInit                   0x0800b48f   Thumb Code    18  stm32f4xx_tim.o(.text)
    TIM_PrescalerConfig                      0x0800b4a1   Thumb Code   128  stm32f4xx_tim.o(.text)
    TIM_CounterModeConfig                    0x0800b521   Thumb Code   100  stm32f4xx_tim.o(.text)
    TIM_SetCounter                           0x0800b585   Thumb Code   164  stm32f4xx_tim.o(.text)
    TIM_SetAutoreload                        0x0800b629   Thumb Code   106  stm32f4xx_tim.o(.text)
    TIM_GetCounter                           0x0800b693   Thumb Code   104  stm32f4xx_tim.o(.text)
    TIM_GetPrescaler                         0x0800b6fb   Thumb Code   104  stm32f4xx_tim.o(.text)
    TIM_UpdateDisableConfig                  0x0800b763   Thumb Code   144  stm32f4xx_tim.o(.text)
    TIM_UpdateRequestConfig                  0x0800b7f3   Thumb Code   144  stm32f4xx_tim.o(.text)
    TIM_ARRPreloadConfig                     0x0800b883   Thumb Code   144  stm32f4xx_tim.o(.text)
    TIM_SelectOnePulseMode                   0x0800b913   Thumb Code   138  stm32f4xx_tim.o(.text)
    TIM_SetClockDivision                     0x0800b99d   Thumb Code   190  stm32f4xx_tim.o(.text)
    TIM_Cmd                                  0x0800ba5b   Thumb Code   144  stm32f4xx_tim.o(.text)
    TIM_OC1Init                              0x0800baeb   Thumb Code   400  stm32f4xx_tim.o(.text)
    TIM_OC2Init                              0x0800bc7b   Thumb Code   474  stm32f4xx_tim.o(.text)
    TIM_OC3Init                              0x0800be55   Thumb Code   400  stm32f4xx_tim.o(.text)
    TIM_OC4Init                              0x0800bfe5   Thumb Code   290  stm32f4xx_tim.o(.text)
    TIM_OCStructInit                         0x0800c107   Thumb Code    20  stm32f4xx_tim.o(.text)
    TIM_SelectOCxM                           0x0800c11b   Thumb Code   250  stm32f4xx_tim.o(.text)
    TIM_SetCompare1                          0x0800c215   Thumb Code   144  stm32f4xx_tim.o(.text)
    TIM_SetCompare2                          0x0800c2a5   Thumb Code    70  stm32f4xx_tim.o(.text)
    TIM_SetCompare3                          0x0800c2eb   Thumb Code    58  stm32f4xx_tim.o(.text)
    TIM_SetCompare4                          0x0800c325   Thumb Code    58  stm32f4xx_tim.o(.text)
    TIM_ForcedOC1Config                      0x0800c35f   Thumb Code   126  stm32f4xx_tim.o(.text)
    TIM_ForcedOC2Config                      0x0800c3dd   Thumb Code   110  stm32f4xx_tim.o(.text)
    TIM_ForcedOC3Config                      0x0800c44b   Thumb Code    90  stm32f4xx_tim.o(.text)
    TIM_ForcedOC4Config                      0x0800c4a5   Thumb Code    98  stm32f4xx_tim.o(.text)
    TIM_OC1PreloadConfig                     0x0800c507   Thumb Code   124  stm32f4xx_tim.o(.text)
    TIM_OC2PreloadConfig                     0x0800c583   Thumb Code   108  stm32f4xx_tim.o(.text)
    TIM_OC3PreloadConfig                     0x0800c5ef   Thumb Code    88  stm32f4xx_tim.o(.text)
    TIM_OC4PreloadConfig                     0x0800c647   Thumb Code   146  stm32f4xx_tim.o(.text)
    TIM_OC1FastConfig                        0x0800c6d9   Thumb Code   124  stm32f4xx_tim.o(.text)
    TIM_OC2FastConfig                        0x0800c755   Thumb Code   108  stm32f4xx_tim.o(.text)
    TIM_OC3FastConfig                        0x0800c7c1   Thumb Code    88  stm32f4xx_tim.o(.text)
    TIM_OC4FastConfig                        0x0800c819   Thumb Code    96  stm32f4xx_tim.o(.text)
    TIM_ClearOC1Ref                          0x0800c879   Thumb Code   124  stm32f4xx_tim.o(.text)
    TIM_ClearOC2Ref                          0x0800c8f5   Thumb Code   106  stm32f4xx_tim.o(.text)
    TIM_ClearOC3Ref                          0x0800c95f   Thumb Code    88  stm32f4xx_tim.o(.text)
    TIM_ClearOC4Ref                          0x0800c9b7   Thumb Code    94  stm32f4xx_tim.o(.text)
    TIM_OC1PolarityConfig                    0x0800ca15   Thumb Code   124  stm32f4xx_tim.o(.text)
    TIM_OC1NPolarityConfig                   0x0800ca91   Thumb Code   114  stm32f4xx_tim.o(.text)
    TIM_OC2PolarityConfig                    0x0800cb03   Thumb Code   108  stm32f4xx_tim.o(.text)
    TIM_OC2NPolarityConfig                   0x0800cb6f   Thumb Code    72  stm32f4xx_tim.o(.text)
    TIM_OC3PolarityConfig                    0x0800cbb7   Thumb Code    96  stm32f4xx_tim.o(.text)
    TIM_OC3NPolarityConfig                   0x0800cc17   Thumb Code    72  stm32f4xx_tim.o(.text)
    TIM_OC4PolarityConfig                    0x0800cc5f   Thumb Code    96  stm32f4xx_tim.o(.text)
    TIM_CCxCmd                               0x0800ccbf   Thumb Code   168  stm32f4xx_tim.o(.text)
    TIM_CCxNCmd                              0x0800cd67   Thumb Code   104  stm32f4xx_tim.o(.text)
    TIM_SetIC4Prescaler                      0x0800cdcf   Thumb Code   106  stm32f4xx_tim.o(.text)
    TIM_SetIC3Prescaler                      0x0800ce89   Thumb Code   148  stm32f4xx_tim.o(.text)
    TIM_SetIC2Prescaler                      0x0800cf65   Thumb Code   118  stm32f4xx_tim.o(.text)
    TIM_SetIC1Prescaler                      0x0800d02b   Thumb Code   134  stm32f4xx_tim.o(.text)
    TIM_ICInit                               0x0800d0eb   Thumb Code   460  stm32f4xx_tim.o(.text)
    TIM_ICStructInit                         0x0800d2b7   Thumb Code    18  stm32f4xx_tim.o(.text)
    TIM_PWMIConfig                           0x0800d2c9   Thumb Code   234  stm32f4xx_tim.o(.text)
    TIM_GetCapture1                          0x0800d3b3   Thumb Code    92  stm32f4xx_tim.o(.text)
    TIM_GetCapture2                          0x0800d40f   Thumb Code    68  stm32f4xx_tim.o(.text)
    TIM_GetCapture3                          0x0800d453   Thumb Code    56  stm32f4xx_tim.o(.text)
    TIM_GetCapture4                          0x0800d48b   Thumb Code    56  stm32f4xx_tim.o(.text)
    TIM_BDTRConfig                           0x0800d4c3   Thumb Code   222  stm32f4xx_tim.o(.text)
    TIM_BDTRStructInit                       0x0800d5a1   Thumb Code    18  stm32f4xx_tim.o(.text)
    TIM_CtrlPWMOutputs                       0x0800d5b3   Thumb Code    78  stm32f4xx_tim.o(.text)
    TIM_SelectCOM                            0x0800d601   Thumb Code    72  stm32f4xx_tim.o(.text)
    TIM_CCPreloadControl                     0x0800d649   Thumb Code    72  stm32f4xx_tim.o(.text)
    TIM_ITConfig                             0x0800d691   Thumb Code   216  stm32f4xx_tim.o(.text)
    TIM_GenerateEvent                        0x0800d769   Thumb Code   126  stm32f4xx_tim.o(.text)
    TIM_GetFlagStatus                        0x0800d7e7   Thumb Code   188  stm32f4xx_tim.o(.text)
    TIM_ClearFlag                            0x0800d8a3   Thumb Code   108  stm32f4xx_tim.o(.text)
    TIM_GetITStatus                          0x0800d90f   Thumb Code   186  stm32f4xx_tim.o(.text)
    TIM_ClearITPendingBit                    0x0800d9c9   Thumb Code   108  stm32f4xx_tim.o(.text)
    TIM_DMAConfig                            0x0800da35   Thumb Code   328  stm32f4xx_tim.o(.text)
    TIM_DMACmd                               0x0800db7d   Thumb Code   126  stm32f4xx_tim.o(.text)
    TIM_SelectCCDMA                          0x0800dbfb   Thumb Code    96  stm32f4xx_tim.o(.text)
    TIM_InternalClockConfig                  0x0800dc5b   Thumb Code    76  stm32f4xx_tim.o(.text)
    TIM_SelectInputTrigger                   0x0800dca7   Thumb Code   148  stm32f4xx_tim.o(.text)
    TIM_ITRxExternalClockConfig              0x0800dd3b   Thumb Code   110  stm32f4xx_tim.o(.text)
    TIM_TIxExternalClockConfig               0x0800dda9   Thumb Code   184  stm32f4xx_tim.o(.text)
    TIM_ETRConfig                            0x0800de61   Thumb Code   164  stm32f4xx_tim.o(.text)
    TIM_ETRClockMode1Config                  0x0800df05   Thumb Code   228  stm32f4xx_tim.o(.text)
    TIM_ETRClockMode2Config                  0x0800dfe9   Thumb Code   152  stm32f4xx_tim.o(.text)
    TIM_SelectOutputTrigger                  0x0800e081   Thumb Code   126  stm32f4xx_tim.o(.text)
    TIM_SelectSlaveMode                      0x0800e0ff   Thumb Code   112  stm32f4xx_tim.o(.text)
    TIM_SelectMasterSlaveMode                0x0800e16f   Thumb Code   102  stm32f4xx_tim.o(.text)
    TIM_EncoderInterfaceConfig               0x0800e1d5   Thumb Code   226  stm32f4xx_tim.o(.text)
    TIM_SelectHallSensor                     0x0800e2b7   Thumb Code   108  stm32f4xx_tim.o(.text)
    TIM_RemapConfig                          0x0800e323   Thumb Code   138  stm32f4xx_tim.o(.text)
    USART_DeInit                             0x0800e3ad   Thumb Code   276  stm32f4xx_usart.o(.text)
    USART_Init                               0x0800e4c1   Thumb Code   492  stm32f4xx_usart.o(.text)
    USART_StructInit                         0x0800e6ad   Thumb Code    24  stm32f4xx_usart.o(.text)
    USART_ClockInit                          0x0800e6c5   Thumb Code   166  stm32f4xx_usart.o(.text)
    USART_ClockStructInit                    0x0800e76b   Thumb Code    12  stm32f4xx_usart.o(.text)
    USART_Cmd                                0x0800e777   Thumb Code   170  stm32f4xx_usart.o(.text)
    USART_SetPrescaler                       0x0800e821   Thumb Code    94  stm32f4xx_usart.o(.text)
    USART_OverSampling8Cmd                   0x0800e87f   Thumb Code   118  stm32f4xx_usart.o(.text)
    USART_OneBitMethodCmd                    0x0800e8f5   Thumb Code   120  stm32f4xx_usart.o(.text)
    USART_SendData                           0x0800e96d   Thumb Code   104  stm32f4xx_usart.o(.text)
    USART_ReceiveData                        0x0800e9d5   Thumb Code    84  stm32f4xx_usart.o(.text)
    USART_SetAddress                         0x0800ea29   Thumb Code   112  stm32f4xx_usart.o(.text)
    USART_ReceiverWakeUpCmd                  0x0800ea99   Thumb Code   120  stm32f4xx_usart.o(.text)
    USART_WakeUpConfig                       0x0800eb11   Thumb Code   116  stm32f4xx_usart.o(.text)
    USART_LINBreakDetectLengthConfig         0x0800eb85   Thumb Code   158  stm32f4xx_usart.o(.text)
    USART_LINCmd                             0x0800ec23   Thumb Code   120  stm32f4xx_usart.o(.text)
    USART_SendBreak                          0x0800ec9b   Thumb Code    86  stm32f4xx_usart.o(.text)
    USART_HalfDuplexCmd                      0x0800ecf1   Thumb Code   120  stm32f4xx_usart.o(.text)
    USART_SetGuardTime                       0x0800ed69   Thumb Code    58  stm32f4xx_usart.o(.text)
    USART_SmartCardCmd                       0x0800eda3   Thumb Code    84  stm32f4xx_usart.o(.text)
    USART_SmartCardNACKCmd                   0x0800edf7   Thumb Code    84  stm32f4xx_usart.o(.text)
    USART_IrDAConfig                         0x0800ee4b   Thumb Code   114  stm32f4xx_usart.o(.text)
    USART_IrDACmd                            0x0800eebd   Thumb Code   120  stm32f4xx_usart.o(.text)
    USART_DMACmd                             0x0800ef35   Thumb Code   138  stm32f4xx_usart.o(.text)
    USART_ITConfig                           0x0800efbf   Thumb Code   330  stm32f4xx_usart.o(.text)
    USART_GetFlagStatus                      0x0800f109   Thumb Code   194  stm32f4xx_usart.o(.text)
    USART_ClearFlag                          0x0800f1cb   Thumb Code   152  stm32f4xx_usart.o(.text)
    USART_GetITStatus                        0x0800f263   Thumb Code   302  stm32f4xx_usart.o(.text)
    USART_ClearITPendingBit                  0x0800f391   Thumb Code   234  stm32f4xx_usart.o(.text)
    Reset_Handler                            0x0800f491   Thumb Code     8  startup_stm32f429_439xx.o(.text)
    HardFault_Handler                        0x0800f49b   Thumb Code     2  startup_stm32f429_439xx.o(.text)
    PendSV_Handler                           0x0800f4a7   Thumb Code     2  startup_stm32f429_439xx.o(.text)
    ADC_IRQHandler                           0x0800f4ab   Thumb Code     0  startup_stm32f429_439xx.o(.text)
    CAN1_RX0_IRQHandler                      0x0800f4ab   Thumb Code     0  startup_stm32f429_439xx.o(.text)
    CAN1_RX1_IRQHandler                      0x0800f4ab   Thumb Code     0  startup_stm32f429_439xx.o(.text)
    CAN1_SCE_IRQHandler                      0x0800f4ab   Thumb Code     0  startup_stm32f429_439xx.o(.text)
    CAN1_TX_IRQHandler                       0x0800f4ab   Thumb Code     0  startup_stm32f429_439xx.o(.text)
    CAN2_RX0_IRQHandler                      0x0800f4ab   Thumb Code     0  startup_stm32f429_439xx.o(.text)
    CAN2_RX1_IRQHandler                      0x0800f4ab   Thumb Code     0  startup_stm32f429_439xx.o(.text)
    CAN2_SCE_IRQHandler                      0x0800f4ab   Thumb Code     0  startup_stm32f429_439xx.o(.text)
    CAN2_TX_IRQHandler                       0x0800f4ab   Thumb Code     0  startup_stm32f429_439xx.o(.text)
    CRYP_IRQHandler                          0x0800f4ab   Thumb Code     0  startup_stm32f429_439xx.o(.text)
    DCMI_IRQHandler                          0x0800f4ab   Thumb Code     0  startup_stm32f429_439xx.o(.text)
    DMA1_Stream0_IRQHandler                  0x0800f4ab   Thumb Code     0  startup_stm32f429_439xx.o(.text)
    DMA1_Stream1_IRQHandler                  0x0800f4ab   Thumb Code     0  startup_stm32f429_439xx.o(.text)
    DMA1_Stream2_IRQHandler                  0x0800f4ab   Thumb Code     0  startup_stm32f429_439xx.o(.text)
    DMA1_Stream3_IRQHandler                  0x0800f4ab   Thumb Code     0  startup_stm32f429_439xx.o(.text)
    DMA1_Stream4_IRQHandler                  0x0800f4ab   Thumb Code     0  startup_stm32f429_439xx.o(.text)
    DMA1_Stream5_IRQHandler                  0x0800f4ab   Thumb Code     0  startup_stm32f429_439xx.o(.text)
    DMA1_Stream6_IRQHandler                  0x0800f4ab   Thumb Code     0  startup_stm32f429_439xx.o(.text)
    DMA1_Stream7_IRQHandler                  0x0800f4ab   Thumb Code     0  startup_stm32f429_439xx.o(.text)
    DMA2D_IRQHandler                         0x0800f4ab   Thumb Code     0  startup_stm32f429_439xx.o(.text)
    DMA2_Stream0_IRQHandler                  0x0800f4ab   Thumb Code     0  startup_stm32f429_439xx.o(.text)
    DMA2_Stream1_IRQHandler                  0x0800f4ab   Thumb Code     0  startup_stm32f429_439xx.o(.text)
    DMA2_Stream2_IRQHandler                  0x0800f4ab   Thumb Code     0  startup_stm32f429_439xx.o(.text)
    DMA2_Stream3_IRQHandler                  0x0800f4ab   Thumb Code     0  startup_stm32f429_439xx.o(.text)
    DMA2_Stream4_IRQHandler                  0x0800f4ab   Thumb Code     0  startup_stm32f429_439xx.o(.text)
    DMA2_Stream5_IRQHandler                  0x0800f4ab   Thumb Code     0  startup_stm32f429_439xx.o(.text)
    DMA2_Stream6_IRQHandler                  0x0800f4ab   Thumb Code     0  startup_stm32f429_439xx.o(.text)
    DMA2_Stream7_IRQHandler                  0x0800f4ab   Thumb Code     0  startup_stm32f429_439xx.o(.text)
    ETH_IRQHandler                           0x0800f4ab   Thumb Code     0  startup_stm32f429_439xx.o(.text)
    ETH_WKUP_IRQHandler                      0x0800f4ab   Thumb Code     0  startup_stm32f429_439xx.o(.text)
    EXTI0_IRQHandler                         0x0800f4ab   Thumb Code     0  startup_stm32f429_439xx.o(.text)
    EXTI15_10_IRQHandler                     0x0800f4ab   Thumb Code     0  startup_stm32f429_439xx.o(.text)
    EXTI1_IRQHandler                         0x0800f4ab   Thumb Code     0  startup_stm32f429_439xx.o(.text)
    EXTI2_IRQHandler                         0x0800f4ab   Thumb Code     0  startup_stm32f429_439xx.o(.text)
    EXTI3_IRQHandler                         0x0800f4ab   Thumb Code     0  startup_stm32f429_439xx.o(.text)
    EXTI4_IRQHandler                         0x0800f4ab   Thumb Code     0  startup_stm32f429_439xx.o(.text)
    FLASH_IRQHandler                         0x0800f4ab   Thumb Code     0  startup_stm32f429_439xx.o(.text)
    FMC_IRQHandler                           0x0800f4ab   Thumb Code     0  startup_stm32f429_439xx.o(.text)
    FPU_IRQHandler                           0x0800f4ab   Thumb Code     0  startup_stm32f429_439xx.o(.text)
    HASH_RNG_IRQHandler                      0x0800f4ab   Thumb Code     0  startup_stm32f429_439xx.o(.text)
    I2C1_ER_IRQHandler                       0x0800f4ab   Thumb Code     0  startup_stm32f429_439xx.o(.text)
    I2C1_EV_IRQHandler                       0x0800f4ab   Thumb Code     0  startup_stm32f429_439xx.o(.text)
    I2C2_ER_IRQHandler                       0x0800f4ab   Thumb Code     0  startup_stm32f429_439xx.o(.text)
    I2C2_EV_IRQHandler                       0x0800f4ab   Thumb Code     0  startup_stm32f429_439xx.o(.text)
    I2C3_ER_IRQHandler                       0x0800f4ab   Thumb Code     0  startup_stm32f429_439xx.o(.text)
    I2C3_EV_IRQHandler                       0x0800f4ab   Thumb Code     0  startup_stm32f429_439xx.o(.text)
    LTDC_ER_IRQHandler                       0x0800f4ab   Thumb Code     0  startup_stm32f429_439xx.o(.text)
    LTDC_IRQHandler                          0x0800f4ab   Thumb Code     0  startup_stm32f429_439xx.o(.text)
    OTG_FS_WKUP_IRQHandler                   0x0800f4ab   Thumb Code     0  startup_stm32f429_439xx.o(.text)
    OTG_HS_EP1_IN_IRQHandler                 0x0800f4ab   Thumb Code     0  startup_stm32f429_439xx.o(.text)
    OTG_HS_EP1_OUT_IRQHandler                0x0800f4ab   Thumb Code     0  startup_stm32f429_439xx.o(.text)
    OTG_HS_IRQHandler                        0x0800f4ab   Thumb Code     0  startup_stm32f429_439xx.o(.text)
    OTG_HS_WKUP_IRQHandler                   0x0800f4ab   Thumb Code     0  startup_stm32f429_439xx.o(.text)
    PVD_IRQHandler                           0x0800f4ab   Thumb Code     0  startup_stm32f429_439xx.o(.text)
    RCC_IRQHandler                           0x0800f4ab   Thumb Code     0  startup_stm32f429_439xx.o(.text)
    RTC_Alarm_IRQHandler                     0x0800f4ab   Thumb Code     0  startup_stm32f429_439xx.o(.text)
    RTC_WKUP_IRQHandler                      0x0800f4ab   Thumb Code     0  startup_stm32f429_439xx.o(.text)
    SAI1_IRQHandler                          0x0800f4ab   Thumb Code     0  startup_stm32f429_439xx.o(.text)
    SDIO_IRQHandler                          0x0800f4ab   Thumb Code     0  startup_stm32f429_439xx.o(.text)
    SPI1_IRQHandler                          0x0800f4ab   Thumb Code     0  startup_stm32f429_439xx.o(.text)
    SPI2_IRQHandler                          0x0800f4ab   Thumb Code     0  startup_stm32f429_439xx.o(.text)
    SPI3_IRQHandler                          0x0800f4ab   Thumb Code     0  startup_stm32f429_439xx.o(.text)
    SPI4_IRQHandler                          0x0800f4ab   Thumb Code     0  startup_stm32f429_439xx.o(.text)
    SPI5_IRQHandler                          0x0800f4ab   Thumb Code     0  startup_stm32f429_439xx.o(.text)
    SPI6_IRQHandler                          0x0800f4ab   Thumb Code     0  startup_stm32f429_439xx.o(.text)
    TAMP_STAMP_IRQHandler                    0x0800f4ab   Thumb Code     0  startup_stm32f429_439xx.o(.text)
    TIM1_BRK_TIM9_IRQHandler                 0x0800f4ab   Thumb Code     0  startup_stm32f429_439xx.o(.text)
    TIM1_CC_IRQHandler                       0x0800f4ab   Thumb Code     0  startup_stm32f429_439xx.o(.text)
    TIM1_TRG_COM_TIM11_IRQHandler            0x0800f4ab   Thumb Code     0  startup_stm32f429_439xx.o(.text)
    TIM1_UP_TIM10_IRQHandler                 0x0800f4ab   Thumb Code     0  startup_stm32f429_439xx.o(.text)
    TIM2_IRQHandler                          0x0800f4ab   Thumb Code     0  startup_stm32f429_439xx.o(.text)
    TIM5_IRQHandler                          0x0800f4ab   Thumb Code     0  startup_stm32f429_439xx.o(.text)
    TIM6_DAC_IRQHandler                      0x0800f4ab   Thumb Code     0  startup_stm32f429_439xx.o(.text)
    TIM8_BRK_TIM12_IRQHandler                0x0800f4ab   Thumb Code     0  startup_stm32f429_439xx.o(.text)
    TIM8_CC_IRQHandler                       0x0800f4ab   Thumb Code     0  startup_stm32f429_439xx.o(.text)
    TIM8_TRG_COM_TIM14_IRQHandler            0x0800f4ab   Thumb Code     0  startup_stm32f429_439xx.o(.text)
    TIM8_UP_TIM13_IRQHandler                 0x0800f4ab   Thumb Code     0  startup_stm32f429_439xx.o(.text)
    WWDG_IRQHandler                          0x0800f4ab   Thumb Code     0  startup_stm32f429_439xx.o(.text)
    dwc2_ep_write                            0x0800f679   Thumb Code    34  usb_dc_dwc2.o(.text)
    dwc2_ep_read                             0x0800f69b   Thumb Code    28  usb_dc_dwc2.o(.text)
    usb_dc_low_level_init                    0x0800f7df   Thumb Code     2  usb_dc_dwc2.o(.text)
    usb_dc_low_level_deinit                  0x0800f7e1   Thumb Code     2  usb_dc_dwc2.o(.text)
    usb_dc_init                              0x0800f7e3   Thumb Code   390  usb_dc_dwc2.o(.text)
    usb_dc_deinit                            0x0800f969   Thumb Code    84  usb_dc_dwc2.o(.text)
    usbd_set_address                         0x0800f9bd   Thumb Code    42  usb_dc_dwc2.o(.text)
    usbd_get_port_speed                      0x0800f9e7   Thumb Code    34  usb_dc_dwc2.o(.text)
    usbd_ep_open                             0x0800fa09   Thumb Code   292  usb_dc_dwc2.o(.text)
    usbd_ep_close                            0x0800fb2d   Thumb Code   222  usb_dc_dwc2.o(.text)
    usbd_ep_set_stall                        0x0800fc0b   Thumb Code   150  usb_dc_dwc2.o(.text)
    usbd_ep_clear_stall                      0x0800fca1   Thumb Code   208  usb_dc_dwc2.o(.text)
    usbd_ep_is_stalled                       0x0800fd71   Thumb Code     6  usb_dc_dwc2.o(.text)
    usbd_ep_start_write                      0x0800fd77   Thumb Code   498  usb_dc_dwc2.o(.text)
    usbd_ep_start_read                       0x0800ff69   Thumb Code   484  usb_dc_dwc2.o(.text)
    OTG_FS_IRQHandler                        0x0801014d   Thumb Code  1248  usb_dc_dwc2.o(.text)
    usbd_cdc_acm_get_line_coding             0x080106bd   Thumb Code    16  usbd_cdc.o(.text)
    usbd_cdc_acm_set_rts                     0x080106cd   Thumb Code     2  usbd_cdc.o(.text)
    usbd_cdc_acm_set_dtr                     0x080106cf   Thumb Code     2  usbd_cdc.o(.text)
    usbd_cdc_acm_set_line_coding             0x080106d1   Thumb Code     2  usbd_cdc.o(.text)
    usbd_cdc_acm_init_intf                   0x0801076b   Thumb Code    14  usbd_cdc.o(.text)
    usbd_event_handler                       0x080109e9   Thumb Code    50  usbd_core.o(.text)
    usbd_event_connect_handler               0x08010e7d   Thumb Code    10  usbd_core.o(.text)
    usbd_event_disconnect_handler            0x08010e87   Thumb Code    10  usbd_core.o(.text)
    usbd_event_resume_handler                0x08010e91   Thumb Code    10  usbd_core.o(.text)
    usbd_event_suspend_handler               0x08010e9b   Thumb Code    10  usbd_core.o(.text)
    usbd_event_reset_handler                 0x08010ea5   Thumb Code    72  usbd_core.o(.text)
    usbd_event_ep0_setup_complete_handler    0x08010eed   Thumb Code   192  usbd_core.o(.text)
    usbd_event_ep0_in_complete_handler       0x08010fad   Thumb Code    98  usbd_core.o(.text)
    usbd_event_ep0_out_complete_handler      0x0801100f   Thumb Code    90  usbd_core.o(.text)
    usbd_event_ep_in_complete_handler        0x08011069   Thumb Code    68  usbd_core.o(.text)
    usbd_event_ep_out_complete_handler       0x080110ad   Thumb Code    46  usbd_core.o(.text)
    usbd_desc_register                       0x080110db   Thumb Code    52  usbd_core.o(.text)
    usbd_msosv1_desc_register                0x0801110f   Thumb Code     6  usbd_core.o(.text)
    usbd_msosv2_desc_register                0x08011115   Thumb Code     6  usbd_core.o(.text)
    usbd_bos_desc_register                   0x0801111b   Thumb Code     6  usbd_core.o(.text)
    usbd_add_interface                       0x08011121   Thumb Code    48  usbd_core.o(.text)
    usbd_add_endpoint                        0x08011151   Thumb Code    80  usbd_core.o(.text)
    usb_device_is_configured                 0x080111a1   Thumb Code     8  usbd_core.o(.text)
    usbd_initialize                          0x080111a9   Thumb Code     8  usbd_core.o(.text)
    usbd_deinitialize                        0x080111b1   Thumb Code    26  usbd_core.o(.text)
    __aeabi_memcpy                           0x080111e9   Thumb Code    36  memcpya.o(.text)
    __aeabi_memcpy4                          0x080111e9   Thumb Code     0  memcpya.o(.text)
    __aeabi_memcpy8                          0x080111e9   Thumb Code     0  memcpya.o(.text)
    __aeabi_memset                           0x0801120d   Thumb Code    14  memseta.o(.text)
    __aeabi_memset4                          0x0801120d   Thumb Code     0  memseta.o(.text)
    __aeabi_memset8                          0x0801120d   Thumb Code     0  memseta.o(.text)
    __aeabi_memclr                           0x0801121b   Thumb Code     4  memseta.o(.text)
    __aeabi_memclr4                          0x0801121b   Thumb Code     0  memseta.o(.text)
    __aeabi_memclr8                          0x0801121b   Thumb Code     0  memseta.o(.text)
    _memset$wrapper                          0x0801121f   Thumb Code    18  memseta.o(.text)
    memcmp                                   0x08011231   Thumb Code    26  memcmp.o(.text)
    __aeabi_dadd                             0x0801124b   Thumb Code   322  dadd.o(.text)
    __aeabi_dsub                             0x0801138d   Thumb Code     6  dadd.o(.text)
    __aeabi_drsub                            0x08011393   Thumb Code     6  dadd.o(.text)
    __aeabi_dmul                             0x08011399   Thumb Code   228  dmul.o(.text)
    __aeabi_l2f                              0x0801147d   Thumb Code    44  ffltl.o(.text)
    __aeabi_i2d                              0x080114a9   Thumb Code    34  dflti.o(.text)
    __aeabi_ui2d                             0x080114cb   Thumb Code    26  dfltui.o(.text)
    __aeabi_l2d                              0x080114e5   Thumb Code    40  dfltl.o(.text)
    __aeabi_f2d                              0x0801150d   Thumb Code    38  f2d.o(.text)
    __aeabi_cdcmpeq                          0x08011535   Thumb Code     0  cdcmple.o(.text)
    __aeabi_cdcmple                          0x08011535   Thumb Code    48  cdcmple.o(.text)
    __aeabi_cdrcmple                         0x08011565   Thumb Code    48  cdrcmple.o(.text)
    __aeabi_d2f                              0x08011595   Thumb Code    56  d2f.o(.text)
    __aeabi_llsl                             0x080115cd   Thumb Code    30  llshl.o(.text)
    _ll_shift_l                              0x080115cd   Thumb Code     0  llshl.o(.text)
    __aeabi_lasr                             0x080115eb   Thumb Code    36  llsshr.o(.text)
    _ll_sshift_r                             0x080115eb   Thumb Code     0  llsshr.o(.text)
    __I$use$fp                               0x0801160f   Thumb Code     0  iusefp.o(.text)
    _float_round                             0x0801160f   Thumb Code    18  fepilogue.o(.text)
    _float_epilogue                          0x08011621   Thumb Code    92  fepilogue.o(.text)
    _double_round                            0x0801167d   Thumb Code    30  depilogue.o(.text)
    _double_epilogue                         0x0801169b   Thumb Code   156  depilogue.o(.text)
    __scatterload                            0x08011739   Thumb Code    28  init.o(.text)
    __scatterload_rt2                        0x08011739   Thumb Code     0  init.o(.text)
    __aeabi_llsr                             0x0801175d   Thumb Code    32  llushr.o(.text)
    _ll_ushift_r                             0x0801175d   Thumb Code     0  llushr.o(.text)
    __decompress                             0x0801177d   Thumb Code     0  __dczerorl2.o(.text)
    __decompress1                            0x0801177d   Thumb Code    86  __dczerorl2.o(.text)
    __scatterload_copy                       0x080117d3   Thumb Code    14  handlers.o(i.__scatterload_copy)
    __scatterload_null                       0x080117e1   Thumb Code     2  handlers.o(i.__scatterload_null)
    __scatterload_zeroinit                   0x080117e3   Thumb Code    14  handlers.o(i.__scatterload_zeroinit)
    ASFInfo                                  0x080117f0   Data          24  datatransfer.o(.constdata)
    ASFCNT                                   0x08011808   Data           2  datatransfer.o(.constdata)
    _parInfoList                             0x0801180a   Data         423  anoptv8exapi.o(.constdata)
    _cmdInfoList                             0x080119b1   Data         270  anoptv8exapi.o(.constdata)
    fast_atan_table                          0x08011ac0   Data        1028  ano_math.o(.constdata)
    Region$$Table$$Base                      0x080121f4   Number         0  anon$$obj.o(Region$$Table)
    Region$$Table$$Limit                     0x08012214   Number         0  anon$$obj.o(Region$$Table)
    sti_fun                                  0x2000005a   Data           2  lx_fcstate.o(.data)
    fc_bat                                   0x20000060   Data           4  lx_lowlevelfunc.o(.data)
    fc_att                                   0x20000064   Data           7  lx_lowlevelfunc.o(.data)
    fc_vel                                   0x2000006b   Data           6  lx_lowlevelfunc.o(.data)
    swjLinkType                              0x2000007c   Data           2  anoptv8exapi.o(.data)
    testPar_u8                               0x2000007e   Data           1  anoptv8exapi.o(.data)
    testPar_s16                              0x20000080   Data           2  anoptv8exapi.o(.data)
    _strParTest                              0x20000082   Data          30  anoptv8exapi.o(.data)
    cmdCount                                 0x200000a4   Data           4  anoptv8cmd.o(.data)
    parCount                                 0x200000b0   Data           4  anoptv8par.o(.data)
    EmergencyStopESC                         0x200000b4   Data           1  drv_bsp.o(.data)
    ubxPvtData                               0x200000c8   Data           4  drv_ubloxgps.o(.data)
    pvt_receive_updata                       0x200000cc   Data           1  drv_ubloxgps.o(.data)
    sat_receive_updata                       0x200000cd   Data           1  drv_ubloxgps.o(.data)
    Period_Out_H                             0x200000ce   Data          14  drv_ubloxgps.o(.data)
    Period_Out_L                             0x200000dc   Data          14  drv_ubloxgps.o(.data)
    Pulse_Period                             0x200000ea   Data          28  drv_ubloxgps.o(.data)
    Baud115200                               0x20000106   Data          28  drv_ubloxgps.o(.data)
    Baud921600                               0x20000122   Data          28  drv_ubloxgps.o(.data)
    Save_Con                                 0x2000013e   Data          21  drv_ubloxgps.o(.data)
    POLLSH_SET                               0x20000153   Data          11  drv_ubloxgps.o(.data)
    SOL_SET                                  0x2000015e   Data          11  drv_ubloxgps.o(.data)
    VELNED_SET                               0x20000169   Data          11  drv_ubloxgps.o(.data)
    TIMEUTC_SET                              0x20000174   Data          11  drv_ubloxgps.o(.data)
    DOP_SET                                  0x2000017f   Data          11  drv_ubloxgps.o(.data)
    PVT_SET                                  0x2000018a   Data          11  drv_ubloxgps.o(.data)
    SAT_SET                                  0x20000195   Data          11  drv_ubloxgps.o(.data)
    AnoGpsCmdDef_BUD                         0x200001a0   Data          22  drv_ubloxgps.o(.data)
    AnoGpsCmdDef_SAT                         0x200001b6   Data          16  drv_ubloxgps.o(.data)
    pvt_recerve_ok_cnt                       0x200001cc   Data           1  drv_ubloxgps.o(.data)
    Ina228InitOk                             0x200001d4   Data           1  drvina228.o(.data)
    Ina228Cur                                0x200001d8   Data           4  drvina228.o(.data)
    U1TxInCnt                                0x200001e8   Data           2  drv_uart.o(.data)
    U1TxOutCnt                               0x200001ea   Data           2  drv_uart.o(.data)
    U1RxInCnt                                0x200001ec   Data           2  drv_uart.o(.data)
    U1RxoutCnt                               0x200001ee   Data           2  drv_uart.o(.data)
    U2TxInCnt                                0x200001f0   Data           2  drv_uart.o(.data)
    U2TxOutCnt                               0x200001f2   Data           2  drv_uart.o(.data)
    U2RxInCnt                                0x200001f4   Data           2  drv_uart.o(.data)
    U2RxoutCnt                               0x200001f6   Data           2  drv_uart.o(.data)
    U3TxInCnt                                0x200001f8   Data           2  drv_uart.o(.data)
    U3TxOutCnt                               0x200001fa   Data           2  drv_uart.o(.data)
    U3RxInCnt                                0x200001fc   Data           2  drv_uart.o(.data)
    U3RxoutCnt                               0x200001fe   Data           2  drv_uart.o(.data)
    U4TxInCnt                                0x20000200   Data           2  drv_uart.o(.data)
    U4TxOutCnt                               0x20000202   Data           2  drv_uart.o(.data)
    U4RxInCnt                                0x20000204   Data           2  drv_uart.o(.data)
    U4RxoutCnt                               0x20000206   Data           2  drv_uart.o(.data)
    U5TxInCnt                                0x20000208   Data           2  drv_uart.o(.data)
    U5TxOutCnt                               0x2000020a   Data           2  drv_uart.o(.data)
    U5RxInCnt                                0x2000020c   Data           2  drv_uart.o(.data)
    U5RxoutCnt                               0x2000020e   Data           2  drv_uart.o(.data)
    U7TxInCnt                                0x20000210   Data           2  drv_uart.o(.data)
    U7TxOutCnt                               0x20000212   Data           2  drv_uart.o(.data)
    U7RxInCnt                                0x20000214   Data           2  drv_uart.o(.data)
    U7RxoutCnt                               0x20000216   Data           2  drv_uart.o(.data)
    U8TxInCnt                                0x20000218   Data           2  drv_uart.o(.data)
    U8TxOutCnt                               0x2000021a   Data           2  drv_uart.o(.data)
    U8RxInCnt                                0x2000021c   Data           2  drv_uart.o(.data)
    U8RxoutCnt                               0x2000021e   Data           2  drv_uart.o(.data)
    ep_tx_busy_flag                          0x20000228   Data           1  drv_usb.o(.data)
    cdc_out_ep1                              0x2000022c   Data           8  drv_usb.o(.data)
    cdc_in_ep1                               0x20000234   Data           8  drv_usb.o(.data)
    CdnTxDataBufInIndex                      0x2000023c   Data           2  drv_usb.o(.data)
    CdnTxDataBufOutIndex                     0x2000023e   Data           2  drv_usb.o(.data)
    AdcVal_BatVot                            0x20000244   Data           4  drv_adc.o(.data)
    AdcVal_BatCur                            0x20000248   Data           4  drv_adc.o(.data)
    i2c_ack_err_cnt                          0x20000258   Data           2  drv_si2c.o(.data)
    ErrTime                                  0x2000025a   Data           2  drv_si2c.o(.data)
    SystemCoreClock                          0x2000025c   Data           4  system_stm32f4xx.o(.data)
    AHBPrescTable                            0x20000260   Data          16  system_stm32f4xx.o(.data)
    usbd_intf_head                           0x20000280   Data           4  usbd_core.o(.data)
    cdcReadBuf                               0x20000290   Data         128  drv_usb.o(.noncacheable)
    cdcSendBuf                               0x20000310   Data         128  drv_usb.o(.noncacheable)
    g_dwc2_udc                               0x200003a0   Data         192  usb_dc_dwc2.o(.noncacheable)
    usbd_core_cfg                            0x20000460   Data         288  usbd_core.o(.noncacheable)
    ASFSta                                   0x20000580   Data          24  datatransfer.o(.bss)
    ext_sens                                 0x20000598   Data          48  lx_extsensor.o(.bss)
    fc_sta                                   0x200005c8   Data          11  lx_fcstate.o(.bss)
    rt_tar                                   0x200005d4   Data          14  lx_lowlevelfunc.o(.bss)
    pwm_to_esc                               0x200005e2   Data          16  lx_lowlevelfunc.o(.bss)
    fc_att_qua                               0x200005f2   Data           9  lx_lowlevelfunc.o(.bss)
    fc_alt                                   0x200005fb   Data           9  lx_lowlevelfunc.o(.bss)
    recvBuf                                  0x20000614   Data        1696  anoptv8run.o(.bss)
    AnoPTv8TxBuf                             0x20000cb4   Data        4320  anoptv8run.o(.bss)
    pCmdInfoList                             0x20001d94   Data         512  anoptv8cmd.o(.bss)
    pParInfoList                             0x20001f94   Data        2048  anoptv8par.o(.bss)
    rc_in                                    0x20002794   Data         116  drv_bsp.o(.bss)
    sbus_in                                  0x20002808   Data          25  drv_bsp.o(.bss)
    ano_of                                   0x2000283c   Data          60  drv_anoof.o(.bss)
    UbxRxBuf                                 0x20002884   Data         500  drv_ubloxgps.o(.bss)
    U1TxBuf                                  0x20002ab6   Data        2048  drv_uart.o(.bss)
    U1RxBuf                                  0x200032b6   Data         256  drv_uart.o(.bss)
    U2TxBuf                                  0x200033b6   Data        2048  drv_uart.o(.bss)
    U2RxBuf                                  0x20003bb6   Data         256  drv_uart.o(.bss)
    U3TxBuf                                  0x20003cb6   Data         256  drv_uart.o(.bss)
    U3RxBuf                                  0x20003db6   Data         256  drv_uart.o(.bss)
    U4TxBuf                                  0x20003eb6   Data         256  drv_uart.o(.bss)
    U4RxBuf                                  0x20003fb6   Data         256  drv_uart.o(.bss)
    U5TxBuf                                  0x200040b6   Data         256  drv_uart.o(.bss)
    U5RxBuf                                  0x200041b6   Data         256  drv_uart.o(.bss)
    U7TxBuf                                  0x200042b6   Data         256  drv_uart.o(.bss)
    U7RxBuf                                  0x200043b6   Data         256  drv_uart.o(.bss)
    U8TxBuf                                  0x200044b6   Data         256  drv_uart.o(.bss)
    U8RxBuf                                  0x200045b6   Data         256  drv_uart.o(.bss)
    crsf_frame                               0x200046b6   Data          68  drv_rcin.o(.bss)
    intf0                                    0x20004740   Data          32  drv_usb.o(.bss)
    intf1                                    0x20004760   Data          32  drv_usb.o(.bss)
    CdcTxDataBuf                             0x20004780   Data        1024  drv_usb.o(.bss)
    adcBuffer                                0x20004b80   Data          16  drv_adc.o(.bss)
    tx_msg                                   0x20004b9c   Data          96  usbd_core.o(.bss)
    rx_msg                                   0x20004bfc   Data          96  usbd_core.o(.bss)
    __initial_sp                             0x20005060   Data           0  startup_stm32f429_439xx.o(STACK)



==============================================================================

Memory Map of the image

  Image Entry point : 0x080001ad

  Load Region LR_IROM1 (Base: 0x08000000, Size: 0x00012794, Max: 0x00100000, ABSOLUTE, COMPRESSED[0x00012320])

    Execution Region ER_IROM1 (Exec base: 0x08000000, Load base: 0x08000000, Size: 0x00012214, Max: 0x00100000, ABSOLUTE)

    Exec Addr    Load Addr    Size         Type   Attr      Idx    E Section Name        Object

    0x08000000   0x08000000   0x000001ac   Data   RO         1443    RESET               startup_stm32f429_439xx.o
    0x080001ac   0x080001ac   0x00000000   Code   RO         1513  * .ARM.Collect$$$$00000000  mc_w.l(entry.o)
    0x080001ac   0x080001ac   0x00000004   Code   RO         1544    .ARM.Collect$$$$00000001  mc_w.l(entry2.o)
    0x080001b0   0x080001b0   0x00000004   Code   RO         1547    .ARM.Collect$$$$00000004  mc_w.l(entry5.o)
    0x080001b4   0x080001b4   0x00000000   Code   RO         1549    .ARM.Collect$$$$00000008  mc_w.l(entry7b.o)
    0x080001b4   0x080001b4   0x00000000   Code   RO         1551    .ARM.Collect$$$$0000000A  mc_w.l(entry8b.o)
    0x080001b4   0x080001b4   0x00000008   Code   RO         1552    .ARM.Collect$$$$0000000B  mc_w.l(entry9a.o)
    0x080001bc   0x080001bc   0x00000000   Code   RO         1554    .ARM.Collect$$$$0000000D  mc_w.l(entry10a.o)
    0x080001bc   0x080001bc   0x00000000   Code   RO         1556    .ARM.Collect$$$$0000000F  mc_w.l(entry11a.o)
    0x080001bc   0x080001bc   0x00000004   Code   RO         1545    .ARM.Collect$$$$00002712  mc_w.l(entry2.o)
    0x080001c0   0x080001c0   0x00000014   Code   RO            4    .text               main.o
    0x080001d4   0x080001d4   0x00000128   Code   RO          122    .text               ano_scheduler.o
    0x080002fc   0x080002fc   0x00000002   Code   RO          187    .text               user_task.o
    0x080002fe   0x080002fe   0x00000002   PAD
    0x08000300   0x08000300   0x00000274   Code   RO          217    .text               datatransfer.o
    0x08000574   0x08000574   0x000000dc   Code   RO          259    .text               lx_extsensor.o
    0x08000650   0x08000650   0x00000214   Code   RO          294    .text               lx_fcfunc.o
    0x08000864   0x08000864   0x00000284   Code   RO          319    .text               lx_fcstate.o
    0x08000ae8   0x08000ae8   0x000004d0   Code   RO          350    .text               lx_lowlevelfunc.o
    0x08000fb8   0x08000fb8   0x000003e0   Code   RO          403    .text               anoptv8exapi.o
    0x08001398   0x08001398   0x000003b0   Code   RO          450    .text               anoptv8run.o
    0x08001748   0x08001748   0x000003dc   Code   RO          469    .text               anoptv8cmd.o
    0x08001b24   0x08001b24   0x00000638   Code   RO          485    .text               anoptv8par.o
    0x0800215c   0x0800215c   0x00000e70   Code   RO          501    .text               anoptv8framefactory.o
    0x08002fcc   0x08002fcc   0x000004ec   Code   RO          516    .text               drv_bsp.o
    0x080034b8   0x080034b8   0x0000087c   Code   RO          553    .text               ano_math.o
    0x08003d34   0x08003d34   0x000001f8   Code   RO          583    .text               drv_anoof.o
    0x08003f2c   0x08003f2c   0x00000530   Code   RO          613    .text               drv_ubloxgps.o
    0x0800445c   0x0800445c   0x00000344   Code   RO          641    .text               drvanoof_ptv7.o
    0x080047a0   0x080047a0   0x00000260   Code   RO          668    .text               drvina228.o
    0x08004a00   0x08004a00   0x0000008c   Code   RO          731    .text               stm32f4xx_it.o
    0x08004a8c   0x08004a8c   0x00000168   Code   RO          755    .text               drv_sys.o
    0x08004bf4   0x08004bf4   0x00000044   Code   RO          788    .text               drv_led.o
    0x08004c38   0x08004c38   0x0000008c   Code   RO          812    .text               drv_timer.o
    0x08004cc4   0x08004cc4   0x00000f28   Code   RO          839    .text               drv_uart.o
    0x08005bec   0x08005bec   0x000003a8   Code   RO          870    .text               drv_pwmout.o
    0x08005f94   0x08005f94   0x000003c0   Code   RO          925    .text               drv_rcin.o
    0x08006354   0x08006354   0x0000029c   Code   RO          956    .text               drv_usb.o
    0x080065f0   0x080065f0   0x000001dc   Code   RO         1076    .text               drv_adc.o
    0x080067cc   0x080067cc   0x00000244   Code   RO         1107    .text               drv_buzzer.o
    0x08006a10   0x08006a10   0x000004cc   Code   RO         1135    .text               drv_si2c.o
    0x08006edc   0x08006edc   0x00000244   Code   RO         1162    .text               system_stm32f4xx.o
    0x08007120   0x08007120   0x000001c0   Code   RO         1192    .text               misc.o
    0x080072e0   0x080072e0   0x00000fdc   Code   RO         1217    .text               stm32f4xx_adc.o
    0x080082bc   0x080082bc   0x00001368   Code   RO         1242    .text               stm32f4xx_dma.o
    0x08009624   0x08009624   0x000002d4   Code   RO         1267    .text               stm32f4xx_exti.o
    0x080098f8   0x080098f8   0x000009d8   Code   RO         1317    .text               stm32f4xx_gpio.o
    0x0800a2d0   0x0800a2d0   0x00000ef0   Code   RO         1342    .text               stm32f4xx_rcc.o
    0x0800b1c0   0x0800b1c0   0x000031ec   Code   RO         1394    .text               stm32f4xx_tim.o
    0x0800e3ac   0x0800e3ac   0x000010e4   Code   RO         1419    .text               stm32f4xx_usart.o
    0x0800f490   0x0800f490   0x00000024   Code   RO         1444    .text               startup_stm32f429_439xx.o
    0x0800f4b4   0x0800f4b4   0x00001208   Code   RO         1448    .text               usb_dc_dwc2.o
    0x080106bc   0x080106bc   0x000000c4   Code   RO         1474    .text               usbd_cdc.o
    0x08010780   0x08010780   0x00000a68   Code   RO         1490    .text               usbd_core.o
    0x080111e8   0x080111e8   0x00000024   Code   RO         1516    .text               mc_w.l(memcpya.o)
    0x0801120c   0x0801120c   0x00000024   Code   RO         1518    .text               mc_w.l(memseta.o)
    0x08011230   0x08011230   0x0000001a   Code   RO         1520    .text               mc_w.l(memcmp.o)
    0x0801124a   0x0801124a   0x0000014e   Code   RO         1524    .text               mf_w.l(dadd.o)
    0x08011398   0x08011398   0x000000e4   Code   RO         1526    .text               mf_w.l(dmul.o)
    0x0801147c   0x0801147c   0x0000002c   Code   RO         1528    .text               mf_w.l(ffltl.o)
    0x080114a8   0x080114a8   0x00000022   Code   RO         1530    .text               mf_w.l(dflti.o)
    0x080114ca   0x080114ca   0x0000001a   Code   RO         1532    .text               mf_w.l(dfltui.o)
    0x080114e4   0x080114e4   0x00000028   Code   RO         1534    .text               mf_w.l(dfltl.o)
    0x0801150c   0x0801150c   0x00000026   Code   RO         1536    .text               mf_w.l(f2d.o)
    0x08011532   0x08011532   0x00000002   PAD
    0x08011534   0x08011534   0x00000030   Code   RO         1538    .text               mf_w.l(cdcmple.o)
    0x08011564   0x08011564   0x00000030   Code   RO         1540    .text               mf_w.l(cdrcmple.o)
    0x08011594   0x08011594   0x00000038   Code   RO         1542    .text               mf_w.l(d2f.o)
    0x080115cc   0x080115cc   0x0000001e   Code   RO         1558    .text               mc_w.l(llshl.o)
    0x080115ea   0x080115ea   0x00000024   Code   RO         1560    .text               mc_w.l(llsshr.o)
    0x0801160e   0x0801160e   0x00000000   Code   RO         1562    .text               mc_w.l(iusefp.o)
    0x0801160e   0x0801160e   0x0000006e   Code   RO         1563    .text               mf_w.l(fepilogue.o)
    0x0801167c   0x0801167c   0x000000ba   Code   RO         1565    .text               mf_w.l(depilogue.o)
    0x08011736   0x08011736   0x00000002   PAD
    0x08011738   0x08011738   0x00000024   Code   RO         1567    .text               mc_w.l(init.o)
    0x0801175c   0x0801175c   0x00000020   Code   RO         1569    .text               mc_w.l(llushr.o)
    0x0801177c   0x0801177c   0x00000056   Code   RO         1579    .text               mc_w.l(__dczerorl2.o)
    0x080117d2   0x080117d2   0x0000000e   Code   RO         1573    i.__scatterload_copy  mc_w.l(handlers.o)
    0x080117e0   0x080117e0   0x00000002   Code   RO         1574    i.__scatterload_null  mc_w.l(handlers.o)
    0x080117e2   0x080117e2   0x0000000e   Code   RO         1575    i.__scatterload_zeroinit  mc_w.l(handlers.o)
    0x080117f0   0x080117f0   0x0000001a   Data   RO          219    .constdata          datatransfer.o
    0x0801180a   0x0801180a   0x000002b5   Data   RO          404    .constdata          anoptv8exapi.o
    0x08011abf   0x08011abf   0x00000001   PAD
    0x08011ac0   0x08011ac0   0x00000404   Data   RO          554    .constdata          ano_math.o
    0x08011ec4   0x08011ec4   0x00000094   Data   RO          958    .constdata          drv_usb.o
    0x08011f58   0x08011f58   0x00000008   Data   RO         1109    .constdata          drv_buzzer.o
    0x08011f60   0x08011f60   0x00000048   Data   RO         1193    .conststring        misc.o
    0x08011fa8   0x08011fa8   0x00000051   Data   RO         1218    .conststring        stm32f4xx_adc.o
    0x08011ff9   0x08011ff9   0x00000003   PAD
    0x08011ffc   0x08011ffc   0x00000051   Data   RO         1243    .conststring        stm32f4xx_dma.o
    0x0801204d   0x0801204d   0x00000003   PAD
    0x08012050   0x08012050   0x00000052   Data   RO         1268    .conststring        stm32f4xx_exti.o
    0x080120a2   0x080120a2   0x00000002   PAD
    0x080120a4   0x080120a4   0x00000052   Data   RO         1318    .conststring        stm32f4xx_gpio.o
    0x080120f6   0x080120f6   0x00000002   PAD
    0x080120f8   0x080120f8   0x00000051   Data   RO         1343    .conststring        stm32f4xx_rcc.o
    0x08012149   0x08012149   0x00000003   PAD
    0x0801214c   0x0801214c   0x00000051   Data   RO         1395    .conststring        stm32f4xx_tim.o
    0x0801219d   0x0801219d   0x00000003   PAD
    0x080121a0   0x080121a0   0x00000053   Data   RO         1420    .conststring        stm32f4xx_usart.o
    0x080121f3   0x080121f3   0x00000001   PAD
    0x080121f4   0x080121f4   0x00000020   Data   RO         1571    Region$$Table       anon$$obj.o


    Execution Region RW_IRAM1 (Exec base: 0x20000000, Load base: 0x08012214, Size: 0x00005060, Max: 0x00030000, ABSOLUTE, COMPRESSED[0x0000010c])

    Exec Addr    Load Addr    Size         Type   Attr      Idx    E Section Name        Object

    0x20000000   COMPRESSED   0x00000055   Data   RW          123    .data               ano_scheduler.o
    0x20000055   COMPRESSED   0x00000004   Data   RW          261    .data               lx_extsensor.o
    0x20000059   COMPRESSED   0x00000001   Data   RW          295    .data               lx_fcfunc.o
    0x2000005a   COMPRESSED   0x00000006   Data   RW          321    .data               lx_fcstate.o
    0x20000060   COMPRESSED   0x0000001c   Data   RW          352    .data               lx_lowlevelfunc.o
    0x2000007c   COMPRESSED   0x00000024   Data   RW          405    .data               anoptv8exapi.o
    0x200000a0   COMPRESSED   0x00000002   Data   RW          452    .data               anoptv8run.o
    0x200000a2   COMPRESSED   0x00000002   PAD
    0x200000a4   COMPRESSED   0x0000000a   Data   RW          471    .data               anoptv8cmd.o
    0x200000ae   COMPRESSED   0x00000002   PAD
    0x200000b0   COMPRESSED   0x00000004   Data   RW          487    .data               anoptv8par.o
    0x200000b4   COMPRESSED   0x00000013   Data   RW          518    .data               drv_bsp.o
    0x200000c7   COMPRESSED   0x00000001   PAD
    0x200000c8   COMPRESSED   0x00000108   Data   RW          615    .data               drv_ubloxgps.o
    0x200001d0   COMPRESSED   0x00000003   Data   RW          643    .data               drvanoof_ptv7.o
    0x200001d3   COMPRESSED   0x00000001   PAD
    0x200001d4   COMPRESSED   0x00000008   Data   RW          669    .data               drvina228.o
    0x200001dc   COMPRESSED   0x00000004   PAD
    0x200001e0   COMPRESSED   0x00000008   Data   RW          756    .data               drv_sys.o
    0x200001e8   COMPRESSED   0x00000038   Data   RW          841    .data               drv_uart.o
    0x20000220   COMPRESSED   0x00000005   Data   RW          927    .data               drv_rcin.o
    0x20000225   COMPRESSED   0x00000003   PAD
    0x20000228   COMPRESSED   0x00000019   Data   RW          959    .data               drv_usb.o
    0x20000241   COMPRESSED   0x00000003   PAD
    0x20000244   COMPRESSED   0x00000008   Data   RW         1078    .data               drv_adc.o
    0x2000024c   COMPRESSED   0x00000009   Data   RW         1110    .data               drv_buzzer.o
    0x20000255   COMPRESSED   0x00000001   PAD
    0x20000256   COMPRESSED   0x00000006   Data   RW         1136    .data               drv_si2c.o
    0x2000025c   COMPRESSED   0x00000014   Data   RW         1163    .data               system_stm32f4xx.o
    0x20000270   COMPRESSED   0x00000010   Data   RW         1344    .data               stm32f4xx_rcc.o
    0x20000280   COMPRESSED   0x00000010   Data   RW         1492    .data               usbd_core.o
    0x20000290   COMPRESSED   0x00000100   Data   RW          960    .noncacheable       drv_usb.o
    0x20000390   COMPRESSED   0x00000010   PAD
    0x200003a0   COMPRESSED   0x000000c0   Data   RW         1449    .noncacheable       usb_dc_dwc2.o
    0x20000460   COMPRESSED   0x00000120   Data   RW         1493    .noncacheable       usbd_core.o
    0x20000580        -       0x00000018   Zero   RW          218    .bss                datatransfer.o
    0x20000598        -       0x00000030   Zero   RW          260    .bss                lx_extsensor.o
    0x200005c8        -       0x0000000b   Zero   RW          320    .bss                lx_fcstate.o
    0x200005d3   COMPRESSED   0x00000001   PAD
    0x200005d4        -       0x00000040   Zero   RW          351    .bss                lx_lowlevelfunc.o
    0x20000614        -       0x00001780   Zero   RW          451    .bss                anoptv8run.o
    0x20001d94        -       0x00000200   Zero   RW          470    .bss                anoptv8cmd.o
    0x20001f94        -       0x00000800   Zero   RW          486    .bss                anoptv8par.o
    0x20002794        -       0x000000a6   Zero   RW          517    .bss                drv_bsp.o
    0x2000283a   COMPRESSED   0x00000002   PAD
    0x2000283c        -       0x00000048   Zero   RW          584    .bss                drv_anoof.o
    0x20002884        -       0x000001f4   Zero   RW          614    .bss                drv_ubloxgps.o
    0x20002a78        -       0x0000003e   Zero   RW          642    .bss                drvanoof_ptv7.o
    0x20002ab6        -       0x00001c00   Zero   RW          840    .bss                drv_uart.o
    0x200046b6        -       0x00000088   Zero   RW          926    .bss                drv_rcin.o
    0x2000473e   COMPRESSED   0x00000002   PAD
    0x20004740        -       0x00000440   Zero   RW          957    .bss                drv_usb.o
    0x20004b80        -       0x00000010   Zero   RW         1077    .bss                drv_adc.o
    0x20004b90        -       0x0000000c   Zero   RW         1108    .bss                drv_buzzer.o
    0x20004b9c        -       0x000000c0   Zero   RW         1491    .bss                usbd_core.o
    0x20004c5c   COMPRESSED   0x00000004   PAD
    0x20004c60        -       0x00000400   Zero   RW         1441    STACK               startup_stm32f429_439xx.o


==============================================================================

Image component sizes


      Code (inc. data)   RO Data    RW Data    ZI Data      Debug   Object Name

      2172        142       1028          0          0       7818   ano_math.o
       296         28          0         85          0       5540   ano_scheduler.o
       988         60          0         10        512       4563   anoptv8cmd.o
       992         98        693         36          0       7718   anoptv8exapi.o
      3696         30          0          0          0       7468   anoptv8framefactory.o
      1592         42          0          4       2048       4236   anoptv8par.o
       944         14          0          2       6016       3833   anoptv8run.o
       628         44         26          0         24       3604   datatransfer.o
       476         44          0          8         16       1819   drv_adc.o
       504         22          0          0         72       2679   drv_anoof.o
      1260         76          0         19        166       4387   drv_bsp.o
       580         40          8          9         12       3693   drv_buzzer.o
        68          6          0          0          0        601   drv_led.o
       936         40          0          0          0       1895   drv_pwmout.o
       960         38          0          5        136       5102   drv_rcin.o
      1228         16          0          6          0       4842   drv_si2c.o
       360         18          0          8          0      29083   drv_sys.o
       140          4          0          0          0        947   drv_timer.o
      3880        232          0         56       7168      12565   drv_uart.o
      1328        120          0        264        500       4234   drv_ubloxgps.o
       668         58        148        281       1088     305011   drv_usb.o
       836         38          0          3         62       2398   drvanoof_ptv7.o
       608         62          0          8          0       3021   drvina228.o
       220         24          0          4         48       2687   lx_extsensor.o
       532         54          0          1          0       3148   lx_fcfunc.o
       644         30          0          6         11       2087   lx_fcstate.o
      1232         96          0         28         64       5565   lx_lowlevelfunc.o
        20          0          0          0          0     331336   main.o
       448         30         72          0          0       2329   misc.o
        36          8        428          0       1024        984   startup_stm32f429_439xx.o
      4060        104         81          0          0      13646   stm32f4xx_adc.o
      4968        316         81          0          0       9253   stm32f4xx_dma.o
       724         14         82          0          0       2983   stm32f4xx_exti.o
      2520        136         82          0          0       5865   stm32f4xx_gpio.o
       140          4          0          0          0       2596   stm32f4xx_it.o
      3824        230         81         16          0      16388   stm32f4xx_rcc.o
     12780        628         81          0          0      31496   stm32f4xx_tim.o
      4324        204         83          0          0      10796   stm32f4xx_usart.o
       580         46          0         20          0       2307   system_stm32f4xx.o
      4616        136          0        192          0      17363   usb_dc_dwc2.o
       196          8          0          0          0       2565   usbd_cdc.o
      2664        108          0        304        192      18589   usbd_core.o
         2          0          0          0          0        485   user_task.o

    ----------------------------------------------------------------------
     69672       3448       3024       1408      19168     909525   Object Totals
         0          0         32          0          0          0   (incl. Generated)
         2          0         18         33          9          0   (incl. Padding)

    ----------------------------------------------------------------------

      Code (inc. data)   RO Data    RW Data    ZI Data      Debug   Library Member Name

        86          0          0          0          0          0   __dczerorl2.o
         0          0          0          0          0          0   entry.o
         0          0          0          0          0          0   entry10a.o
         0          0          0          0          0          0   entry11a.o
         8          4          0          0          0          0   entry2.o
         4          0          0          0          0          0   entry5.o
         0          0          0          0          0          0   entry7b.o
         0          0          0          0          0          0   entry8b.o
         8          4          0          0          0          0   entry9a.o
        30          0          0          0          0          0   handlers.o
        36          8          0          0          0         68   init.o
         0          0          0          0          0          0   iusefp.o
        30          0          0          0          0         68   llshl.o
        36          0          0          0          0         68   llsshr.o
        32          0          0          0          0         68   llushr.o
        26          0          0          0          0         80   memcmp.o
        36          0          0          0          0         68   memcpya.o
        36          0          0          0          0        108   memseta.o
        48          0          0          0          0         68   cdcmple.o
        48          0          0          0          0         68   cdrcmple.o
        56          0          0          0          0         88   d2f.o
       334          0          0          0          0        148   dadd.o
       186          0          0          0          0        176   depilogue.o
        34          0          0          0          0         76   dflti.o
        40          0          0          0          0         80   dfltl.o
        26          0          0          0          0         76   dfltui.o
       228          0          0          0          0         96   dmul.o
        38          0          0          0          0         68   f2d.o
       110          0          0          0          0        168   fepilogue.o
        44          0          0          0          0         92   ffltl.o

    ----------------------------------------------------------------------
      1564         16          0          0          0       1732   Library Totals
         4          0          0          0          0          0   (incl. Padding)

    ----------------------------------------------------------------------

      Code (inc. data)   RO Data    RW Data    ZI Data      Debug   Library Name

       368         16          0          0          0        528   mc_w.l
      1192          0          0          0          0       1204   mf_w.l

    ----------------------------------------------------------------------
      1564         16          0          0          0       1732   Library Totals

    ----------------------------------------------------------------------

==============================================================================


      Code (inc. data)   RO Data    RW Data    ZI Data      Debug   

     71236       3464       3024       1408      19168     902909   Grand Totals
     71236       3464       3024        268      19168     902909   ELF Image Totals (compressed)
     71236       3464       3024        268          0          0   ROM Totals

==============================================================================

    Total RO  Size (Code + RO Data)                74260 (  72.52kB)
    Total RW  Size (RW Data + ZI Data)             20576 (  20.09kB)
    Total ROM Size (Code + RO Data + RW Data)      74528 (  72.78kB)

==============================================================================

