<html>
<body>
<pre>
<h1>µVision Build Log</h1>
<h2>Tool Versions:</h2>
IDE-Version: ¦ÌVision V5.24.2.0
Copyright (C) 2017 ARM Ltd and ARM Germany GmbH. All rights reserved.
License Information: 123 Vergil, 123, LIC=TIVNB-2NL39-VEJHA-16DT7-SL42D-AMCKB
 
Tool Versions:
Toolchain:       MDK-ARM Plus  Version: 5.24.1
Toolchain Path:  D:\Keil_v5\ARM\ARMCC\Bin
C Compiler:      Armcc.exe V5.06 update 5 (build 528)
Assembler:       Armasm.exe V5.06 update 5 (build 528)
Linker/Locator:  ArmLink.exe V5.06 update 5 (build 528)
Library Manager: ArmAr.exe V5.06 update 5 (build 528)
Hex Converter:   FromElf.exe V5.06 update 5 (build 528)
CPU DLL:         SARMCM3.DLL V5.24.1
Dialog DLL:      DCM.DLL V1.16.0.0
Target DLL:      CMSIS_AGDI.dll V1.28.3.0
Dialog DLL:      TCM.DLL V1.32.0.0
 
<h2>Project:</h2>
D:\AnoLxPro\ÁèÏö·É¿ØPro\2.Ô´Âë¹¤³Ì\ANO_LX_FC_PRO\ProjectSTM32F429\ANO_LX_STM32F429.uvprojx
Project File Date:  07/28/2026

<h2>Output:</h2>
*** Using Compiler 'V5.06 update 5 (build 528)', folder: 'D:\Keil_v5\ARM\ARMCC\Bin'
Rebuild target 'Ano_LX'
compiling AnoPTv8Run.c...
compiling AnoPTv8Cmd.c...
compiling AnoPTv8Par.c...
compiling AnoPTv8FrameFactory.c...
compiling DataTransfer.c...
compiling main.c...
compiling Ano_Scheduler.c...
compiling LX_FcFunc.c...
compiling LX_LowLevelFunc.c...
compiling User_Task.c...
compiling LX_ExtSensor.c...
compiling Ano_Math.c...
compiling LX_FcState.c...
compiling AnoPTv8ExAPI.c...
compiling Drv_BSP.c...
compiling Drv_AnoOf.c...
compiling DrvAnoOF_ptv7.c...
compiling DrvIna228.c...
..\DriversBsp\DrvIna228.c(67): warning:  #1035-D: single-precision operand implicitly converted to double-precision
      return (float)value * 312.5e-9;  // 312.5nV/LSB
..\DriversBsp\DrvIna228.c: 1 warning, 0 errors
compiling Drv_UbloxGPS.c...
..\DriversBsp\Drv_UbloxGPS.c(74): warning:  #177-D: variable "_psat"  was declared but never referenced
                  _UBXSAT_st *_psat = (_UBXSAT_st *) &UbxRxBuf[14 + 12 * i];
..\DriversBsp\Drv_UbloxGPS.c(70): warning:  #177-D: variable "numSVinView"  was declared but never referenced
              uint8_t numSVinView = UbxRxBuf[11];
..\DriversBsp\Drv_UbloxGPS.c: 2 warnings, 0 errors
compiling stm32f4xx_it.c...
compiling Drv_led.c...
compiling Drv_Sys.c...
compiling DrvIna3221.c...
compiling Drv_Timer.c...
compiling Drv_PwmOut.c...
compiling Drv_Adc.c...
compiling Drv_RcIn.c...
compiling Drv_Dshot600.c...
compiling Drv_Uart.c...
compiling Drv_Buzzer.c...
compiling Drv_Usb.c...
compiling system_stm32f4xx.c...
compiling Drv_SI2c.c...
assembling startup_stm32f429_439xx.s...
compiling misc.c...
compiling usbd_cdc.c...
compiling usbd_core.c...
compiling usb_dc_dwc2.c...
compiling stm32f4xx_exti.c...
compiling stm32f4xx_adc.c...
compiling stm32f4xx_flash.c...
compiling stm32f4xx_gpio.c...
compiling stm32f4xx_dma.c...
compiling stm32f4xx_rcc.c...
compiling stm32f4xx_spi.c...
compiling stm32f4xx_usart.c...
compiling stm32f4xx_tim.c...
linking...
Program Size: Code=71236 RO-data=3024 RW-data=1408 ZI-data=19168  
FromELF: creating hex file...
After Build - User command #1: fromelf.exe --bin -o ./ANO-LX.bin ./build/Ano_LX.axf
".\build\ANO_LX.axf" - 0 Error(s), 3 Warning(s).

<h2>Software Packages used:</h2>

Package Vendor: Keil
                http://www.keil.com/pack/Keil.STM32F4xx_DFP.2.16.0.pack
                Keil.STM32F4xx_DFP.2.16.0
                STMicroelectronics STM32F4 Series Device Support, Drivers and Examples

<h2>Collection of Component include folders:</h2>
  .\RTE\_Ano_LX
  D:\Keil_v5\ARM\PACK\Keil\STM32F4xx_DFP\2.16.0\Drivers\CMSIS\Device\ST\STM32F4xx\Include

<h2>Collection of Component Files used:</h2>
Build Time Elapsed:  00:00:06
</pre>
</body>
</html>
